锚点:70,318 笔(应 70,310)、组合全期 +6.34%(应 +6.34%)
锚点通过

==============================================================================================================
池:60日新高突破   OOS 42,609 笔   阈值=当年横截面最优 40%
==============================================================================================================
配置                        事件数     选中率       胜率       净期望        年化      最大回撤
【基线】不筛                 42,609  100.0%   16.09%    +1.64%    -4.10%    -56.2%   (77s)
深度 最浅40%               17,046   40.0%   18.83%    +1.24%    +0.29%    -56.5%   (80s)
缩量比 最缩40%              16,750   39.3%   16.50%    +2.49%    -5.96%    -51.4%   (84s)
收敛比 最收敛40%             16,698   39.2%   17.05%    +2.89%    -8.70%    -63.6%   (87s)
**三条全中**                2,300    5.4%   22.67%    +2.29%    +6.43%    -37.6%   (88s)
  随机对照 深度 最浅40%             实际 +0.29%  中位 -2.79%  [-9.92%, +5.11%]  **p=0.1933**   (103s)
  随机对照 缩量比 最缩40%            实际 -5.96%  中位 -2.76%  [-10.53%, +5.86%]  **p=0.7667**   (118s)
  随机对照 收敛比 最收敛40%           实际 -8.70%  中位 -3.40%  [-11.13%, +4.87%]  **p=0.9033**   (134s)
  随机对照 **三条全中**             实际 +6.43%  中位 +1.61%  [-6.37%, +11.68%]  **p=0.1800**   (146s)

==============================================================================================================
池:口袋支点   OOS 38,858 笔   阈值=当年横截面最优 40%
==============================================================================================================
配置                        事件数     选中率       胜率       净期望        年化      最大回撤
【基线】不筛                 38,858  100.0%   17.87%    +1.93%   +11.45%    -40.1%   (157s)
深度 最浅40%               15,546   40.0%   19.53%    +1.11%    +6.04%    -32.8%   (160s)
缩量比 最缩40%              15,295   39.4%   18.78%    +2.67%    +8.85%    -38.3%   (164s)
收敛比 最收敛40%             15,248   39.2%   20.11%    +3.65%    +9.24%    -37.6%   (167s)
**三条全中**                2,049    5.3%   25.54%    +2.96%    +6.13%    -25.8%   (168s)
  随机对照 深度 最浅40%             实际 +6.04%  中位 +7.35%  [-0.22%, +16.29%]  **p=0.6133**   (183s)
  随机对照 缩量比 最缩40%            实际 +8.85%  中位 +6.82%  [-0.73%, +16.30%]  **p=0.3167**   (198s)
  随机对照 收敛比 最收敛40%           实际 +9.24%  中位 +7.50%  [-1.17%, +15.61%]  **p=0.3233**   (213s)
  随机对照 **三条全中**             实际 +6.13%  中位 +4.11%  [-3.42%, +15.33%]  **p=0.3200**   (226s)

==============================================================================================================
判定:两个大池至少一个的「三条全中」净期望不为负
==============================================================================================================
  60日新高突破: 净期望 **+2.29%**  年化 +6.43%  p=0.1800   ✓ 不为负
  口袋支点: 净期望 **+2.96%**  年化 +6.13%  p=0.3200   ✓ 不为负

  对照第六十节(绝对阈值):60日新高 -0.02%、口袋支点 -0.43%

耗时 226s   Saved: adaptive_transfer.csv
