新版事件 14,542   旧版 13,934

========================================================================================================
诊断:为什么 0.4³=6.4% 的推导错了
========================================================================================================
  三个指标两两 Spearman 相关:
    深度 vs 缩量比:  **+0.381**
    深度 vs 收敛比:  **+0.446**
    缩量比 vs 收敛比:  **+0.658**
  独立假设下的联合选中率 6.40%   **实测 16.47%**（2.6 倍）
  → **三个指标高度正相关**:同一段整理里,缩量、波动收敛、浅回调是同向的。
    我事前把它们当独立事件相乘,低估了联合命中率 —— 这是推导错误,不是数据问题。
面板就绪  (42s)

选择集 5,127 笔(翻倍率 7.57%、交易胜率 19.04%)
验证集 9,415 笔(交易胜率 15.43%)  ← 选择时完全不看

========================================================================================================
步骤3 三条纪律(选择集,基准交易胜率 19.04%)
========================================================================================================
特征                            命中     P(赚钱|特征)    lift        p      早      晚    同向
② 深度 最浅40%                 2,051       25.84%    1.36   0.0000   1.32   1.42     ✓
② 缩量比 最缩40%                2,051       23.70%    1.24   0.0000   1.19   1.35     ✓
② 收敛比 最收敛40%               2,051       24.28%    1.28   0.0000   1.29   1.25     ✓
② 三条全中                       789       28.77%    1.51   0.0000   1.46   1.48     ✓
【对照】调整天数 短50%              2,578       19.63%    1.03   0.7680   0.96   1.11     ✗

  公平 best-of-5 噪音上界 **1.17**
    ② 深度 最浅40%               三条纪律 **✓ 全过**
    ② 缩量比 最缩40%              三条纪律 **✓ 全过**
    ② 收敛比 最收敛40%             三条纪律 **✓ 全过**
    ② 三条全中                   三条纪律 **✓ 全过**
    【对照】调整天数 短50%            三条纪律 ✗

========================================================================================================
步骤4 OOS 验证(2020-2026,选择时完全没看过)
========================================================================================================
配置                         事件数     选中率     年均笔数       胜率       净期望        年化      最大回撤
【基线】全部OOS事件              9,415  100.0%     1430   15.43%    +1.61%    +1.50%    -62.0%   (42s)
深度最浅40%                  3,769   40.0%      572   19.87%    +3.16%   +14.14%    -32.4%   (42s)
缩量比最缩40%                 3,769   40.0%      572   18.23%    +3.45%    +2.27%    -60.4%   (42s)
收敛比最收敛40%                3,769   40.0%      572   18.17%    +3.19%    -0.05%    -58.0%   (42s)
**三条全中**                 1,606   17.1%      244   20.61%    +3.50%   +10.37%    -35.3%   (42s)

  随机对照 × 300(从同期 OOS 事件里抽同样多):
    深度最浅40%                实际 +14.14%  随机中位 +4.03%  [-2.68%, +12.71%]  **p=0.0100**   (55s)
    缩量比最缩40%               实际 +2.27%  随机中位 +4.03%  [-2.68%, +12.71%]  **p=0.6367**   (67s)
    收敛比最收敛40%              实际 -0.05%  随机中位 +4.03%  [-2.68%, +12.71%]  **p=0.8433**   (80s)
    **三条全中**               实际 +10.37%  随机中位 +4.90%  [-2.99%, +16.36%]  **p=0.1600**   (92s)

========================================================================================================
判定(计划里事前写死,未放宽)
========================================================================================================
  第二关 工具级:
    ② 选中率 5%~8%      → **17.1%**  **✗**
    ② 胜率提升 ≥+4pp     → 15.43% → 20.61%(**+5.2pp**)  ✓
  第三关 策略级:
    ③ 年化 ≥+7.22%      → +10.37%  ✓
    ③ p < 0.0125        → 0.1600  ✗

  **不算发现**

耗时 92s   Saved: adaptive_features_oos.csv
