面板 (3297, 5232)  (72s)
因子就绪  (81s)

锚点:突破池 70,318 笔(应 70,310)、净期望 +4.61%(应 +4.61%)
锚点通过

旧版(MA100须向上、下限15日)事件 13,934
新版(去掉MA100向上、下限自适应前)事件 15,043

自适应下限(0.15 × 当年中位调整天数,底 10):
  2014:20日  2015:20日  2016:17日  2017:15日  2018:11日  2019:14日  2020:14日  2021:15日  2022:13日  2023:13日  2024:11日  2025:14日
新版(应用自适应下限后)事件 **14,542**

====================================================================================================
选中率:逐年对照(改造的直接目标是消掉单调下滑)
====================================================================================================
年份         旧版事件       旧版三条全中  |     新版事件       新版三条全中
2015        341        1.47%  |      380       18.42%
2016        669        8.67%  |      775       10.97%
2017        810        5.68%  |      870       13.45%
2018      1,034        4.74%  |    1,210       12.31%
2019      1,289        6.21%  |    1,333       19.88%
2020      1,138        2.99%  |    1,129       17.27%
2021      1,276        2.51%  |    1,311       18.54%
2022      1,781        4.32%  |    1,812       16.34%
2023      2,035        5.75%  |    2,036       17.44%
2024      1,900        5.00%  |    1,976       15.38%
2025      1,156        2.94%  |    1,151       18.51%
  旧版:选择集三条全中 5.51%   验证集 4.19%
  新版:选择集三条全中 15.39%   验证集 17.06%

====================================================================================================
第一关 回归:19 只用户案例(旧版捞到的,新版必须仍捞到)
====================================================================================================
代码      名称             旧版亮灯段     新版亮灯段      新版事件数  判定
600066  宇通客车               0         1          4  **新捞到**
300750  宁德时代               0         2          5  **新捞到**
300476  胜宏科技               0         1          6  **新捞到**
688183  生益电子               0         0          2  保持
601567  三星医疗               1         1          5  保持
603259  药明康德               0         1          4  **新捞到**
603893  瑞芯微                0         0          4  保持
300972  万辰集团               0         0          2  保持
603119  浙江荣泰               0         0          1  保持
300760  迈瑞医疗               0         1          4  **新捞到**
300059  东方财富               1         5         12  保持
002475  立讯精密               0         1          9  **新捞到**
002709  天赐材料               0         0          6  保持
301377  鼎泰高科               0         0          1  保持
688498  源杰科技               0         0          1  保持
300604  长川科技               1         1          8  保持
688347  华虹公司               0         0          1  保持
688256  寒武纪                0         0          4  保持
688041  海光信息               1         1          3  保持

  丢失的案例:**0 只**  →  **第一关通过**

耗时 135s   Saved: adaptive_events_old/new.parquet
