面板 (3297, 5232)  2013-01-04 ~ 2026-08-03  (35s)
可用月 150(红轴 68 / 绿轴 82)
  红轴 ≥100% 完成  (39s)
  红轴 ≥200% 完成  (39s)
  红轴 ≥500% 完成  (40s)
  绿轴 ≥100% 完成  (42s)
  绿轴 ≥200% 完成  (43s)
  绿轴 ≥500% 完成  (44s)

====================================================================================================
市值五分位内部:年轻 vs 同档任意年龄随机(分母都是同档年老)
====================================================================================================
区间      门槛               观测      随机中位                随机区间         p
红轴      ≥100%          1.21      1.07        [1.01, 1.12]    0.0000
红轴      ≥200%          1.61      1.16        [1.07, 1.28]    0.0000
红轴      ≥500%          2.73      1.36        [1.10, 1.58]    0.0000

绿轴      ≥100%          1.03      1.02        [1.00, 1.05]    0.2250
绿轴      ≥200%          1.07      1.06        [1.00, 1.11]    0.3950
绿轴      ≥500%          1.86      1.48        [1.33, 1.62]    0.0000

====================================================================================================
事前判据 vs 实际(判据跑前写死,未放宽)
====================================================================================================
  ① 红轴 ≥100%:p < 0.05            观测 1.21, p=0.0000   ✓
  ② 三门槛方向一致                  1.21vs1.07 / 1.61vs1.16 / 2.73vs1.36   ✓
  ③ 绿轴同口径(诊断)               p=0.2250  不显著 → 牛市专属

  **结论:年龄效应在市值中性化后仍然存在**

→ /home/user/oxq-panel/age_effect_mvneutral.csv   (44s)
