面板 (3297, 5232)  (55s)

================================================================================================================
锚点(不过就停)
================================================================================================================
  窗口 2014-06-30 ~ 2026-08-03  (12.1 年)
  买入持有(成分固定在起点,2,173 只)   **+6.77%**   (应 +6.77%)
  全市场等权·月度【§48口径】(每期 3676 只)  **+12.25%**   (应 +12.25%)
  全市场等权·月度【本脚本口径,退市按最后有效价结算】  **+14.38%**
  510300                                     **+8.33%**   (应 +8.33%)
  三个锚点全部通过 —— 引擎与第四十八节一致

  **判据①的对照基准**:事前写的是 +11.88%(取自第四十七节),
  但与本脚本同口径的等权基准是 **+14.38%** —— **两条线都报,以同口径的为准**

================================================================================================================
「A股500」24 格(成分数 × 加权 × 缓冲区 × 频率)
================================================================================================================
配置                                                 年化  Sharpe      最大回撤      年换手     年均换入
N=300 市值加权     无缓冲 季度                          +9.02%   0.542    -44.7%    27.1%      121   (56s)
N=300 市值加权     无缓冲 年度                          +9.67%   0.577    -45.2%    17.3%       54   (56s)
N=300 市值加权     有缓冲 季度                          +9.04%   0.544    -44.5%    22.5%       66   (58s)
N=300 市值加权     有缓冲 年度                          +9.55%   0.573    -45.0%    15.9%       37   (59s)
N=300 等权       无缓冲 季度                          +8.22%   0.470    -51.2%    68.3%      121   (59s)
N=300 等权       无缓冲 年度                          +8.90%   0.503    -52.9%    33.9%       54   (60s)
N=300 等权       有缓冲 季度                          +8.24%   0.474    -51.2%    52.5%       66   (62s)
N=300 等权       有缓冲 年度                          +8.47%   0.488    -52.5%    29.5%       37   (63s)
N=300 inv_vol  无缓冲 季度                          +9.41%   0.543    -49.8%   103.3%      121   (63s)
N=300 inv_vol  无缓冲 年度                          +9.96%   0.572    -51.3%    42.4%       54   (63s)
N=300 inv_vol  有缓冲 季度                          +9.26%   0.538    -49.4%    93.4%       66   (65s)
N=300 inv_vol  有缓冲 年度                          +9.69%   0.563    -51.0%    39.8%       37   (66s)
N=500 市值加权     无缓冲 季度                          +8.62%   0.520    -45.7%    27.3%      202   (66s)
N=500 市值加权     无缓冲 年度                          +9.20%   0.553    -46.4%    17.6%       91   (67s)
N=500 市值加权     有缓冲 季度                          +8.70%   0.525    -45.5%    22.8%      108   (69s)
N=500 市值加权     有缓冲 年度                          +9.29%   0.558    -46.2%    16.0%       58   (69s)
N=500 等权       无缓冲 季度                          +7.18%   0.420    -56.7%    69.0%      202   (70s)
N=500 等权       无缓冲 年度                          +7.60%   0.442    -56.8%    34.4%       91   (70s)
N=500 等权       有缓冲 季度                          +7.43%   0.432    -56.8%    52.6%      108   (72s)
N=500 等权       有缓冲 年度                          +7.89%   0.456    -56.7%    29.3%       58   (73s)
N=500 inv_vol  无缓冲 季度                          +8.57%   0.494    -54.0%   105.5%      202   (73s)
N=500 inv_vol  无缓冲 年度                          +8.70%   0.506    -53.0%    43.0%       91   (73s)
N=500 inv_vol  有缓冲 季度                          +8.70%   0.500    -54.4%    95.1%      108   (75s)
N=500 inv_vol  有缓冲 年度                          +9.05%   0.521    -53.1%    39.8%       58   (76s)

  同时满足 ①年化≥14.38%(同口径基准) 与 ②年换手≤15% 的配置:**0 个**
  (若按事前写的 +11.88%:**0 个**)

  年化最高:**N=300 inv_vol  无缓冲 年度**  +9.96%  Sharpe 0.572  回撤 -51.3%  换手 42.4%

================================================================================================================
判据③ 随机对照:同样的加权/缓冲/频率,但成分随机抽 × 20 次
================================================================================================================
  实际 **+9.96%**   随机中位 +8.48%   [+7.76%, +9.45%]   **p=0.000**

================================================================================================================
判定(事前判据,未放宽)
================================================================================================================
  ① 年化 ≥ +14.38%(同口径)  →  +9.96%  ✗
     (事前写的 +11.88% → ✗)
  ② 年换手 ≤ 15%       →  42.4%  ✗
  ③ 优于随机成分(p<0.05) →  p=0.000  ✓
  **不算发现**

耗时 80s   Saved: ashare500_index.csv
