面板 (3297, 5232)  2013-01-04 ~ 2026-08-03  (28s)
龙虎榜 265,723 行 → 落到面板 236,864 个(标的,日);过去60日覆盖 20.69%  (38s)
两融 5,871,471 行 → 覆盖 33.36% 的(标的,日)  (60s)

================================================================================================
锚点③ 两融覆盖率逐年(对照 §40:2013≈31.7% / 2019≈47.2% / 2022≈66.0%)
================================================================================================
  2013  两融标的   659 / 在市 2,228  =  29.6%
  2014  两融标的   816 / 在市 2,224  =  36.7%
  2015  两融标的   794 / 在市 2,402  =  33.1%
  2016  两融标的   862 / 在市 2,675  =  32.2%
  2017  两融标的   875 / 在市 3,097  =  28.3%
  2018  两融标的   908 / 在市 3,371  =  26.9%
  2019  两融标的 1,597 / 在市 3,556  =  44.9%
  2020  两融标的 1,806 / 在市 3,925  =  46.0%
  2021  两融标的 2,164 / 在市 4,393  =  49.3%
  2022  两融标的 3,003 / 在市 4,694  =  64.0%
  2023  两融标的 3,215 / 在市 4,884  =  65.8%
  2024  两融标的 3,301 / 在市 4,904  =  67.3%
  2025  两融标的 3,337 / 在市 4,934  =  67.6%
逐月完成 150 月  (97s)

========================================================================================================
全样本
========================================================================================================
信号                                月数    ≥100%信号       随机   lift       p    ≥200%信号       随机   lift       p    ≥500%信号       随机   lift       p
LHB_RECENT 近60日上榜                135     16.79%   16.11%   1.04  0.0000      4.82%    4.54%   1.06  0.0000      0.40%    0.32%   1.26  0.0000
MARGIN_HI 融资余额占比前20%             135     15.97%   15.30%   1.04  0.0000      4.11%    3.97%   1.04  0.0850      0.28%    0.33%   0.83  0.9500
SMALL_MV 市值最小档(零锚点)              135     21.19%   20.20%   1.05  0.0000      6.50%    6.34%   1.03  0.0000      0.57%    0.62%   0.91  1.0000

========================================================================================================
2013-2018
========================================================================================================
信号                                月数    ≥100%信号       随机   lift       p    ≥200%信号       随机   lift       p    ≥500%信号       随机   lift       p
LHB_RECENT 近60日上榜                 57     19.07%   18.91%   1.01  0.1300      6.03%    5.96%   1.01  0.2250      0.40%    0.35%   1.13  0.0500
MARGIN_HI 融资余额占比前20%              57     17.71%   17.15%   1.03  0.0150      4.71%    4.59%   1.03  0.2500      0.18%    0.26%   0.67  0.9600
SMALL_MV 市值最小档(零锚点)               57     23.88%   23.96%   1.00  0.7250      8.62%    8.87%   0.97  1.0000      0.69%    0.87%   0.79  1.0000

========================================================================================================
2019-2026
========================================================================================================
信号                                月数    ≥100%信号       随机   lift       p    ≥200%信号       随机   lift       p    ≥500%信号       随机   lift       p
LHB_RECENT 近60日上榜                 78     15.12%   14.07%   1.08  0.0000      3.93%    3.50%   1.12  0.0000      0.41%    0.30%   1.37  0.0000
MARGIN_HI 融资余额占比前20%              78     14.69%   13.95%   1.05  0.0000      3.67%    3.51%   1.05  0.0750      0.35%    0.38%   0.91  0.7250
SMALL_MV 市值最小档(零锚点)               78     19.23%   17.45%   1.10  0.0000      4.95%    4.48%   1.10  0.0000      0.48%    0.44%   1.08  0.0000

========================================================================================================
事前判据 vs 实际(判据跑前写死并单独提交,未放宽)
========================================================================================================
  ✓ 零锚点 SMALL_MV lift@≥100%  1.05   (§77/§79/§80 = 1.05)
  ✓ 零锚点 SMALL_MV lift@≥200%  1.03   (§77/§79/§80 = 1.03)
  ✓ 零锚点 SMALL_MV lift@≥500%  0.91   (§77/§79/§80 = 0.91)
  ✓ 锚点② 零锚点逐位复现
  ✓ 锚点③ 两融覆盖率逐年可算
  ✗ 判据① LHB_RECENT lift@500% ≥1.3 且 p<0.05(已控 RPS50)  1.26  p=0.0000
  ✗ 判据② MARGIN_HI lift@500% ≥1.3 且 p<0.05  0.83  p=0.9500
  ✓ 判据③ 两融两段同向  0.67 / 0.91

  **结论:两个关注度代理在右尾口径下都不成立。事前预测命中。**
  **注意:真正的关注度数据(分析师覆盖/研报/搜索指数)源仓库里没有,
    本节只是两个代理的部分检验,不能当作「关注度无用」的结论。**

→ /home/user/oxq-panel/attention_righttail.csv   (97s)
