面板 (3297, 5232)  2013-01-04 ~ 2026-08-03  (38s)
红轴月 68 个  (40s)
  2015-09  池 78  (42s)
  2019-07  池 642  (53s)
  2020-10  池 304  (66s)
  2024-10  池 625  (80s)
完成 68 个红轴月  (87s)

========================================================================================================
基地计数敏感性(**这不是检验**;红轴入场,50 只等权,200 次自助)
========================================================================================================
基地数     失败回撤            实收/笔      峰值/笔     兑现率     持有天       组合       对照       超额       p
2       10%           +20.6%    +63.4%     33%     188   +20.0%   +18.2%    +1.8%   0.020
2       15%           +21.5%    +68.4%     31%     195   +20.7%   +18.7%    +2.0%   0.020
2       20%           +23.4%    +75.6%     31%     207   +21.7%   +19.4%    +2.3%   0.000
3       10%           +24.8%    +78.9%     31%     225   +22.1%   +19.5%    +2.6%   0.005
3       15%           +25.3%    +82.0%     31%     229   +22.4%   +19.5%    +3.0%   0.000
3       20%           +26.3%    +86.4%     30%     235   +23.0%   +19.9%    +3.1%   0.000
4       10%           +26.2%    +88.3%     30%     245   +22.7%   +19.3%    +3.4%   0.000
4       15%           +26.8%    +90.4%     30%     247   +23.5%   +19.7%    +3.8%   0.000
4       20%           +27.2%    +92.7%     29%     250   +23.5%   +19.9%    +3.6%   0.005

========================================================================================================
事前写死的读法(不放宽)
========================================================================================================
  锚点:(3, 15%) 复现 §71 的 C(实收 +25.3%、超额 +3.0%)      +25.3% / +3.0%   ✓
  九格中超额为正:9/9      p<0.05:9/9

  **判读:高原 —— 是结构,不是运气。§71 的结论**维持原样,不因此增强**。**

  **持有天数(补 §71 限定⑤ 的疏漏):** 188 ~ 250 天,(3,15%) 为 229 天

→ /home/user/oxq-panel/base_count_sensitivity.csv   (90s)
