面板 (3297, 5232)  (59s)
可用突破事件 70,310  (60s)

锚点 全量 70,310 笔:交易级净期望 **+4.61%**(应 +4.61%)、组合年化 **+6.34%**(应 +6.34%)  (80s)
  锚点通过 —— 引擎与前一轮完全一致,后面只换事件集合

60,650 个事件(dp≥575)的基底检出率:  (100s)
  杯柄   有基底      79 ( 0.13%)   其中突破日站上 pivot      39 ( 0.06%)
  平底   有基底  15,801 (26.05%)   其中突破日站上 pivot   8,027 (13.23%)
  双底   有基底   3,126 ( 5.15%)   其中突破日站上 pivot     630 ( 1.04%)
  任一   有基底  17,826 (29.39%)   其中突破日站上 pivot   8,499 (14.01%)

======================================================================================================================
交易级 + 组合级(规则 A,引擎未改)
======================================================================================================================
事件子集                            事件数     选中率      胜率      毛期望      净期望       年化  Sharpe      最大回撤     年均笔数
【对照】dp≥575 全部                60,650  100.0%   15.7%   +1.32%   +1.02%   -1.14%   0.065    -62.3%       23   (117s)
杯柄                               79    0.1%   24.1%   +3.15%   +2.85%   +3.14%   0.368    -19.2%        4   (117s)
平底                           15,801   26.1%   19.1%   +3.20%   +2.90%   +2.22%   0.217    -54.1%       15   (123s)
双底                            3,126    5.2%   19.7%   +3.16%   +2.86%   +7.01%   0.448    -47.6%       13   (124s)
任一基底                         17,826   29.4%   19.1%   +3.27%   +2.97%   +0.56%   0.123    -61.7%       16   (131s)
任一基底 且 站上pivot                8,499   14.0%   16.8%   +2.90%   +2.60%   -0.90%   0.048    -64.0%       17   (133s)

======================================================================================================================
随机对照:同选中率随机抽事件 × 20 个种子
======================================================================================================================

  任一基底(选中 17,826 笔,选中率 29.4%)
    交易级净期望  实际 **+2.97%**   随机 20 次:中位 +1.04%  区间 [+0.45%, +1.61%]   **p=0.000**
    组合级年化    实际 **+0.56%**   随机 20 次:中位 -1.76%  区间 [-5.49%, +2.89%]   **p=0.250**

  任一基底 且 站上pivot(选中 8,499 笔,选中率 14.0%)
    交易级净期望  实际 **+2.60%**   随机 20 次:中位 +0.96%  区间 [-0.05%, +1.90%]   **p=0.000**
    组合级年化    实际 **-0.90%**   随机 20 次:中位 -1.11%  区间 [-6.03%, +3.39%]   **p=0.450**

======================================================================================================================
判定(事前判据,未放宽)
======================================================================================================================
  任一基底:
    ① 交易级净期望 ≥+6.0%  →  +2.97%  ✗
    ② 组合级年化 ≥+7.22%   →  +0.56%  ✗
    ③ 优于同选中率随机(p<0.05 两项)→  p_笔=0.000 p_年化=0.250  ✗
    **不算发现**
  任一基底 且 站上pivot:
    ① 交易级净期望 ≥+6.0%  →  +2.60%  ✗
    ② 组合级年化 ≥+7.22%   →  -0.90%  ✗
    ③ 优于同选中率随机(p<0.05 两项)→  p_笔=0.000 p_年化=0.450  ✗
    **不算发现**

耗时 325s   Saved: base_pattern_trade.csv, base_pattern_events.parquet
