面板 (3297, 5232),其中 2,047 只(39.1%)在样本结束前已终止交易  (82s)

================================================================================================================
交易级:三种停牌/退市处理下的净期望/笔(仅 A/B/D 三条,回答用户的两个提议)
================================================================================================================
处理方式                                      A 基线      B 纯10周线       D 条件止盈
(a) 现行:任何中断按最后价平仓                 +3.63%(70,124)+1.17%(70,124)+4.32%(70,124)   (143s)
(b) 修正:停牌穿越 + 退市按最后价              +4.61%(70,124)+1.46%(70,124)+6.12%(70,124)   (207s)
(c) 修正 + 退市折价50%                  +4.58%(70,124)+1.44%(70,124)+6.11%(70,124)   (274s)

================================================================================================================
组合级 (a) 现行:任何中断按最后价平仓 / 随机选:20次的分布
================================================================================================================
   规则                                中位年化      25%      75%    >0比例   中位Sharpe      中位回撤
A  基线:-10%固定,无止盈,252日              +4.69%   +3.23%   +6.63%    100%     +0.324   -65.37%   (276s)
B  纯10周线                           -1.17%   -3.38%   +0.58%     35%     +0.057   -76.32%   (279s)
C  固定+10周线接管                       -0.30%   -2.10%   +2.57%     50%     +0.098   -72.55%   (282s)
D  条件移动止盈(涨100%后)                  +8.50%   +6.60%  +10.29%    100%     +0.503   -54.49%   (284s)
E  条件+10周线(涨100%后)                 +7.62%   +4.48%   +9.58%    100%     +0.460   -52.52%   (288s)
F  基线+504日                         +5.95%   +4.57%   +7.68%    100%     +0.364   -57.40%   (290s)

================================================================================================================
组合级 (a) 现行:任何中断按最后价平仓 / 小市值优先(90%重抽样):20次的分布
================================================================================================================
   规则                                中位年化      25%      75%    >0比例   中位Sharpe      中位回撤
A  基线:-10%固定,无止盈,252日              +5.74%   +5.00%   +7.13%    100%     +0.355   -63.36%   (294s)
B  纯10周线                           -8.14%   -8.91%   -7.07%      0%     -0.261   -89.27%   (297s)
C  固定+10周线接管                       -8.44%   -9.49%   -7.55%      0%     -0.279   -89.54%   (301s)
D  条件移动止盈(涨100%后)                  +3.20%   +1.37%   +4.86%     95%     +0.257   -68.44%   (304s)
E  条件+10周线(涨100%后)                 +2.74%   +1.61%   +3.57%     90%     +0.237   -68.05%   (308s)
F  基线+504日                         +3.09%   +1.25%   +3.66%     95%     +0.252   -70.29%   (312s)

================================================================================================================
组合级 (b) 修正:停牌穿越 + 退市按最后价 / 随机选:20次的分布
================================================================================================================
   规则                                中位年化      25%      75%    >0比例   中位Sharpe      中位回撤
A  基线:-10%固定,无止盈,252日              +6.85%   +5.75%   +7.76%    100%     +0.419   -58.46%   (315s)
B  纯10周线                           +1.15%   -1.00%   +2.99%     55%     +0.165   -69.97%   (318s)
C  固定+10周线接管                       +0.01%   -1.75%   +0.77%     50%     +0.111   -74.89%   (320s)
D  条件移动止盈(涨100%后)                  +7.66%   +5.02%  +11.12%    100%     +0.472   -52.43%   (323s)
E  条件+10周线(涨100%后)                 +6.02%   +4.54%   +8.32%    100%     +0.389   -56.08%   (326s)
F  基线+504日                         +6.42%   +4.67%   +8.28%    100%     +0.377   -57.47%   (329s)

================================================================================================================
组合级 (b) 修正:停牌穿越 + 退市按最后价 / 小市值优先(90%重抽样):20次的分布
================================================================================================================
   规则                                中位年化      25%      75%    >0比例   中位Sharpe      中位回撤
A  基线:-10%固定,无止盈,252日              +6.85%   +5.84%   +7.64%    100%     +0.395   -58.66%   (332s)
B  纯10周线                           -7.13%   -8.25%   -6.33%      0%     -0.193   -87.18%   (336s)
C  固定+10周线接管                       -7.89%   -8.60%   -7.00%      0%     -0.236   -88.97%   (339s)
D  条件移动止盈(涨100%后)                  +1.96%   +1.28%   +3.55%    100%     +0.203   -66.88%   (343s)
E  条件+10周线(涨100%后)                 +2.10%   +0.85%   +4.12%     95%     +0.210   -67.12%   (347s)
F  基线+504日                         +2.79%   +1.65%   +3.70%     95%     +0.246   -67.89%   (351s)

================================================================================================================
组合级 (c) 修正 + 退市折价50% / 随机选:20次的分布
================================================================================================================
   规则                                中位年化      25%      75%    >0比例   中位Sharpe      中位回撤
A  基线:-10%固定,无止盈,252日              +6.85%   +5.75%   +7.76%    100%     +0.419   -58.46%   (353s)
B  纯10周线                           +0.95%   -1.00%   +2.99%     55%     +0.156   -70.73%   (356s)
C  固定+10周线接管                       +0.01%   -1.75%   +0.77%     50%     +0.111   -74.89%   (358s)
D  条件移动止盈(涨100%后)                  +7.66%   +5.02%  +11.12%    100%     +0.472   -52.43%   (361s)
E  条件+10周线(涨100%后)                 +6.02%   +4.54%   +8.32%    100%     +0.389   -56.08%   (364s)
F  基线+504日                         +4.59%   +2.89%   +7.04%    100%     +0.310   -58.34%   (367s)

================================================================================================================
组合级 (c) 修正 + 退市折价50% / 小市值优先(90%重抽样):20次的分布
================================================================================================================
   规则                                中位年化      25%      75%    >0比例   中位Sharpe      中位回撤
A  基线:-10%固定,无止盈,252日              +6.85%   +5.84%   +7.64%    100%     +0.395   -58.66%   (370s)
B  纯10周线                           -7.13%   -8.25%   -6.33%      0%     -0.193   -87.18%   (374s)
C  固定+10周线接管                       -7.89%   -8.60%   -7.00%      0%     -0.236   -88.97%   (377s)
D  条件移动止盈(涨100%后)                  +1.96%   +1.28%   +3.55%    100%     +0.203   -66.88%   (381s)
E  条件+10周线(涨100%后)                 +2.10%   +0.85%   +4.12%     95%     +0.210   -67.12%   (385s)
F  基线+504日                         +1.52%   +0.34%   +2.52%     80%     +0.201   -67.89%   (388s)

================================================================================================================
结论:D 相对 A 的优势在三种处理下是否稳定
================================================================================================================

[随机选]
  (a) 现行:任何中断按最后价平仓                  A  +4.69% | D  +8.50% (Δ +0.04pp) | B  -1.17% (Δ -0.06pp)
  (b) 修正:停牌穿越 + 退市按最后价               A  +6.85% | D  +7.66% (Δ +0.01pp) | B  +1.15% (Δ -0.06pp)
  (c) 修正 + 退市折价50%                   A  +6.85% | D  +7.66% (Δ +0.01pp) | B  +0.95% (Δ -0.06pp)

[小市值优先(90%重抽样)]
  (a) 现行:任何中断按最后价平仓                  A  +5.74% | D  +3.20% (Δ -0.03pp) | B  -8.14% (Δ -0.14pp)
  (b) 修正:停牌穿越 + 退市按最后价               A  +6.85% | D  +1.96% (Δ -0.05pp) | B  -7.13% (Δ -0.14pp)
  (c) 修正 + 退市折价50%                   A  +6.85% | D  +1.96% (Δ -0.05pp) | B  -7.13% (Δ -0.14pp)

对照:全市场等权基准 OOS 年化 +7.22% / Sharpe 0.423 / 回撤 -32.77%

耗时 388s   Saved: breakout_exit_rules_halt.csv
