面板 (3297, 5232)  (65s)

======================================================================================================================
随机选:每条规则 20 次的分布(10只/510300择时/0.3%成本)
======================================================================================================================
   规则                                中位年化       最差       最好      25%      75%    >0比例   中位Sharpe      中位回撤
A  基线:-10%固定,无止盈,252日              -6.35%  -11.91%   -0.14%   -9.03%   -5.15%      0%     -0.151   -84.40%   (68s)
B  纯10周线                          -14.33%  -19.50%   -9.59%  -16.57%  -12.80%      0%     -0.551   -92.65%   (71s)
C  固定+10周线接管                      -14.12%  -20.51%   -6.56%  -15.34%  -10.39%      0%     -0.539   -91.72%   (73s)
D  条件移动止盈(涨100%后)                  -4.58%   -9.45%   +0.11%   -8.04%   -3.39%      5%     -0.091   -80.46%   (76s)
E  条件+10周线(涨100%后)                 -4.01%  -11.58%   +2.54%   -7.22%   -1.78%     15%     -0.038   -80.20%   (79s)
F  基线+504日                         -5.28%  -10.47%   +0.35%   -7.09%   -2.71%     10%     -0.039   -78.00%   (82s)

======================================================================================================================
小市值优先(90%事件重抽样):每条规则 20 次的分布(10只/510300择时/0.3%成本)
======================================================================================================================
   规则                                中位年化       最差       最好      25%      75%    >0比例   中位Sharpe      中位回撤
A  基线:-10%固定,无止盈,252日              -7.97%  -11.15%   -2.94%   -8.98%   -5.20%      0%     -0.155   -87.66%   (85s)
B  纯10周线                          -21.98%  -25.45%  -18.36%  -22.87%  -20.88%      0%     -0.865   -97.00%   (89s)
C  固定+10周线接管                      -22.66%  -23.89%  -19.62%  -23.41%  -21.83%      0%     -0.927   -97.13%   (92s)
D  条件移动止盈(涨100%后)                  -9.40%  -13.70%   -3.10%  -11.39%   -7.79%      0%     -0.265   -88.03%   (96s)
E  条件+10周线(涨100%后)                 -9.93%  -13.03%   -4.64%  -11.24%   -7.85%      0%     -0.285   -86.57%   (100s)
F  基线+504日                        -11.63%  -16.35%   -4.80%  -14.10%   -9.31%      0%     -0.258   -90.55%   (104s)

======================================================================================================================
判断:各规则中位数是否超出基线A 的路径噪音
======================================================================================================================

[随机选]  基线A 中位 -6.35%、25~75%分位 -9.03%~-5.15%、路径标准差 3.05%
  B 中位 -14.33% / Sharpe -0.551 / 回撤 -92.65%  → **中位数低于A的25%分位 → 显著更差**
  C 中位 -14.12% / Sharpe -0.539 / 回撤 -91.72%  → **中位数低于A的25%分位 → 显著更差**
  D 中位 -4.58% / Sharpe -0.091 / 回撤 -80.46%  → **中位数超过A的75%分位 → 超出路径噪音**
  E 中位 -4.01% / Sharpe -0.038 / 回撤 -80.20%  → **中位数超过A的75%分位 → 超出路径噪音**
  F 中位 -5.28% / Sharpe -0.039 / 回撤 -78.00%  → 落在A的路径噪音范围内

[小市值优先(90%事件重抽样)]  基线A 中位 -7.97%、25~75%分位 -8.98%~-5.20%、路径标准差 2.44%
  B 中位 -21.98% / Sharpe -0.865 / 回撤 -97.00%  → **中位数低于A的25%分位 → 显著更差**
  C 中位 -22.66% / Sharpe -0.927 / 回撤 -97.13%  → **中位数低于A的25%分位 → 显著更差**
  D 中位 -9.40% / Sharpe -0.265 / 回撤 -88.03%  → **中位数低于A的25%分位 → 显著更差**
  E 中位 -9.93% / Sharpe -0.285 / 回撤 -86.57%  → **中位数低于A的25%分位 → 显著更差**
  F 中位 -11.63% / Sharpe -0.258 / 回撤 -90.55%  → **中位数低于A的25%分位 → 显著更差**

对照:全市场等权基准 OOS 年化 +7.22% / Sharpe 0.423 / 回撤 -32.77%
主表里 E随机选 +10.12% 是单个种子的结果,对照上面的分布判断其代表性。

耗时 104s   Saved: breakout_exit_rules_seeds.csv
