读取 5233 个文件…
面板 (3297, 5232)  2013-01-04 ~ 2026-08-03  (41s)
预取完成  (103s)
  2016-04  状态 L1,577/A1,279  (116s)
  2019-08  状态 L5,673/A3,296  (144s)
  2022-12  状态 L11,804/A6,223  (178s)
  2026-04  状态 L19,550/A10,556  (225s)

事件:状态 legacy 19,704 / adaptive 10,861   **突破 legacy 12,161 / adaptive 6,676**  (230s)

====================================================================================================================
6个月峰值 ≥100%  【判据口径】
====================================================================================================================
格                        事件数    ≥100%      对照A  liftA      pA      对照B  liftB      pB      零校验
legacy|状态             18,997    5.43%    5.23%   1.04  0.0550    7.74%   0.70  1.0000    0.00%
legacy|突破             11,645    7.39%    5.62%   1.32  0.0000    7.64%   0.97  0.9100    0.04%
adaptive|状态           10,309    5.62%    5.92%   0.95  0.9250    8.07%   0.70  1.0000    0.03%
adaptive|突破            6,468    7.08%    6.19%   1.14  0.0000    8.10%   0.87  1.0000    0.01%

====================================================================================================================
12个月峰值 ≥100%  (仅描述)
====================================================================================================================
格                        事件数    ≥100%      对照A  liftA      pA      对照B  liftB      pB      零校验
legacy|状态             17,483   15.09%   14.73%   1.02  0.0850   15.93%   0.95  1.0000    0.01%
legacy|突破             10,401   17.83%   16.47%   1.08  0.0000   17.97%   0.99  0.6450    0.02%
adaptive|状态            9,677   16.02%   16.34%   0.98  0.8050   17.06%   0.94  1.0000    0.00%
adaptive|突破            5,770   17.35%   17.51%   0.99  0.6000   18.61%   0.93  1.0000    0.01%

====================================================================================================================
锚点核对(不过则全节作废)
====================================================================================================================
  ✓ 锚点① 面板 (3297, 5232)
  ✓ 锚点② 宇通 legacy 突破日含 2024-01-08(已预先验证)   实测 ['2016-07-15', '2017-07-21', '2018-01-03', '2024-01-08']
  ✓ 锚点③ 恒等零校验 四格最大差 0.04% ≤ 3pp

====================================================================================================================
事前判据 vs 实际(判据跑前写死并单独提交,未放宽)
====================================================================================================================
  前置条件:突破格事件数 ≥300 的 2/2
  ✓ 判据① 对照A:lift≥1.3 且 p<0.0125   1 格
  ✗ 判据② 对照B(隔离动量):lift≥1.3 且 p<0.0125   0 格

  **结论:突破格优于同市值随机,但对「同日也创新高」的对照无优势 ——
     那只是动量,不是箱体突破的功劳。事前预测命中。**

→ /home/user/open-xquant/examples/ashare-bull-stock-study/results/breakout_confirmed.csv   (233s)
