面板 (3297, 5232)  (87s)
可用突破事件 70,310,覆盖 2,865 个交易日  (88s)
择时基准 510300 在MA200之上比例 54.3%
入场日 MA50 不可用的事件占比 0.27% (规则B 在这些笔上全程无止损,只受 max_hold 约束)
入场日收盘已在 MA50 之上的占比 99.8% (规则C 会立即接管,故 C 预期接近 B)

======================================================================================================================
层次1 交易级(入场=突破次日开盘;止损用最低价;止盈用最高价;跳空按开盘价成交)
======================================================================================================================
   规则                                          笔数     胜率       均盈      均亏    盈亏比     毛期望     净期望    中位天      最大单笔   >100%
A  基线:-10%固定止损,无止盈,252日                    70,124  18.6%   +71.0%  -10.2%   6.94  +4.91%  +4.61%     38    +2098%   2,771   (111s)
B  纯10周线:无固定止损,跌破MA50离场                    70,124  33.0%   +22.8%   -8.6%   2.65  +1.75%  +1.45%     28     +780%     748   (124s)
C  固定+10周线接管:站上MA50后改用MA50                 70,124  32.7%   +22.8%   -8.5%   2.69  +1.76%  +1.46%     27     +780%     744   (136s)
D  条件移动止盈:涨≥100%后启动20%回撤止盈                 70,124  20.2%   +71.9%  -10.2%   7.04  +6.42%  +6.12%     37    +1076%   3,052   (158s)
E  条件+10周线:涨≥100%后改用MA50离场                 70,124  20.1%   +67.6%  -10.2%   6.62  +5.46%  +5.16%     38    +1542%   2,620   (190s)
F  基线+放开持有期:504日                           70,124  14.7%   +97.1%  -10.3%   9.45  +5.47%  +5.17%     38    +3631%   3,170   (222s)

======================================================================================================================
离场原因分布(检验各规则是否按设计触发)
======================================================================================================================
  A  固定止损 80.5%  到期 19.5%
  B  跌破MA50 99.7%  到期 0.3%
  C  跌破MA50 97.4%  固定止损 2.3%  到期 0.3%
  D  固定止损 78.9%  到期 11.1%  移动止盈 10.0%
  E  固定止损 78.9%  到期 12.0%  跌破MA50 9.1%
  F  固定止损 85.1%  到期 14.9%

======================================================================================================================
验证2 大赢家留存:条件式止盈是否真的保住了大赢家
======================================================================================================================
       >100%笔数    >100%占比    >200%笔数       最大单笔       前1%笔均收益        前1%贡献毛期望
A        2,771      3.95%        751     +2098%       +333.5%          +3.33%
B          748      1.07%        159      +780%       +177.5%          +1.77%
C          744      1.06%        159      +780%       +177.2%          +1.77%
D        3,052      4.35%        473     +1076%       +247.2%          +2.47%
E        2,620      3.74%        492     +1542%       +268.2%          +2.68%
F        3,170      4.52%      1,148     +3631%       +435.8%          +4.36%

======================================================================================================================
验证1 抽查:同一批交易在6组规则下逐日核对(2笔大赢家 + 1笔亏损)
======================================================================================================================

  【000933】突破日 2020-07-02
     A  入场2020-07-03@3.41 峰值11.17(+228%) 未启动 → 离场2021-07-15@8.82 [到期] +158.7% 253天
     B  入场2020-07-03@3.41 峰值4.80(+41%) 未启动 → 离场2020-09-08@4.12 [跌破MA50] +20.8% 48天
     C  入场2020-07-03@3.41 峰值4.80(+41%) 启动于2020-07-03(峰值+41%) → 离场2020-09-08@4.12 [跌破MA50] +20.8% 48天
     D  入场2020-07-03@3.41 峰值7.38(+116%) 启动于2020-11-23(峰值+116%) → 离场2020-12-11@5.90 [移动止盈] +73.1% 110天
     E  入场2020-07-03@3.41 峰值7.38(+116%) 启动于2020-11-23(峰值+116%) → 离场2021-01-12@5.61 [跌破MA50] +64.5% 131天
     F  入场2020-07-03@3.41 峰值14.48(+325%) 未启动 → 离场2022-07-29@12.01 [到期] +252.2% 505天

  【300012】突破日 2019-01-31
     A  入场2019-02-01@6.84 峰值17.39(+154%) 未启动 → 离场2020-02-21@16.86 [到期] +146.5% 253天
     B  入场2019-02-01@6.84 峰值9.82(+44%) 未启动 → 离场2019-05-24@8.73 [跌破MA50] +27.6% 72天
     C  入场2019-02-01@6.84 峰值9.82(+44%) 启动于2019-02-01(峰值+44%) → 离场2019-05-24@8.73 [跌破MA50] +27.6% 72天
     D  入场2019-02-01@6.84 峰值17.39(+154%) 启动于2019-10-14(峰值+154%) → 离场2020-02-21@16.86 [到期] +146.5% 253天
     E  入场2019-02-01@6.84 峰值14.26(+108%) 启动于2019-10-14(峰值+108%) → 离场2019-12-02@13.04 [跌破MA50] +90.6% 201天
     F  入场2019-02-01@6.84 峰值30.82(+351%) 未启动 → 离场2021-03-05@24.48 [到期] +257.9% 505天

  【601238】突破日 2024-09-27
     A  入场2024-09-30@8.43 峰值10.81(+28%) 未启动 → 离场2025-04-07@7.59 [固定止损] -10.0% 123天
     B  入场2024-09-30@8.43 峰值10.81(+28%) 未启动 → 离场2025-01-03@8.95 [跌破MA50] +6.2% 64天
     C  入场2024-09-30@8.43 峰值10.81(+28%) 启动于2024-09-30(峰值+28%) → 离场2025-01-03@8.95 [跌破MA50] +6.2% 64天
     D  入场2024-09-30@8.43 峰值10.81(+28%) 未启动 → 离场2025-04-07@7.59 [固定止损] -10.0% 123天
     E  入场2024-09-30@8.43 峰值10.81(+28%) 未启动 → 离场2025-04-07@7.59 [固定止损] -10.0% 123天
     F  入场2024-09-30@8.43 峰值10.81(+28%) 未启动 → 离场2025-04-07@7.59 [固定止损] -10.0% 123天

======================================================================================================================
验证4 分段:牛市年(2015/2020/2025)vs 熊市年(2018/2022),按入场年份
======================================================================================================================
         牛市年笔数       牛市净期望      牛市胜率       熊市年笔数       熊市净期望      熊市胜率
A       15,046      +7.34%     20.8%      10,044      -4.79%     11.3%
B       15,046      +4.93%     41.0%      10,044      -4.57%     19.1%
C       15,046      +5.01%     41.0%      10,044      -4.48%     19.1%
D       15,046     +10.51%     25.2%      10,044      -4.21%     11.5%
E       15,046      +8.32%     24.8%      10,044      -4.52%     11.5%
F       15,046      +3.78%     16.6%      10,044      -4.70%      5.9%

======================================================================================================================
层次2 组合级(10只持仓、510300择时、0.3%成本;沿用阶段2-4口径以保证可比)
======================================================================================================================
   规则                                    选股               年化   Sharpe      最大回撤      年均笔数       笔均      胜率
A  基线:-10%固定止损,无止盈,252日                  小市值优先        +6.34%   +0.377   -62.33%        25   +4.63%   21.6%   (223s)
A  基线:-10%固定止损,无止盈,252日                  随机选          +3.66%   +0.278   -56.26%        22   +4.32%   24.5%   (223s)
B  纯10周线:无固定止损,跌破MA50离场                  小市值优先        -8.12%   -0.260   -88.81%        52   -0.55%   30.3%   (223s)
B  纯10周线:无固定止损,跌破MA50离场                  随机选          -1.25%   +0.050   -79.79%        48   +1.46%   32.0%   (223s)
C  固定+10周线接管:站上MA50后改用MA50               小市值优先        -6.75%   -0.196   -87.06%        53   -0.23%   30.6%   (223s)
C  固定+10周线接管:站上MA50后改用MA50               随机选          -2.28%   +0.003   -80.19%        50   +1.08%   31.7%   (223s)
D  条件移动止盈:涨≥100%后启动20%回撤止盈               小市值优先        +1.32%   +0.176   -72.88%        29   +2.66%   20.1%   (223s)
D  条件移动止盈:涨≥100%后启动20%回撤止盈               随机选          +4.67%   +0.329   -66.61%        26   +3.78%   23.2%   (224s)
E  条件+10周线:涨≥100%后改用MA50离场               小市值优先        +1.02%   +0.164   -72.77%        28   +2.69%   20.7%   (224s)
E  条件+10周线:涨≥100%后改用MA50离场               随机选         +10.12%   +0.557   -62.31%        22   +7.24%   27.1%   (224s)
F  基线+放开持有期:504日                         小市值优先        +2.49%   +0.229   -74.01%        22   +2.72%   16.0%   (224s)
F  基线+放开持有期:504日                         随机选          +3.77%   +0.282   -60.37%        16   +4.86%   21.6%   (224s)

======================================================================================================================
判据(事前写死):年化≥6% 且 最大回撤≤-45% 才算实质改进
======================================================================================================================
对照  基线A(前一轮实测)  年化 +6.34% / Sharpe 0.377 / 回撤 -62.33%
对照  全市场等权基准 OOS   年化 +7.22% / Sharpe 0.423 / 回撤 -32.77%

**没有规则同时满足 年化≥6% 且 回撤≤-45% → 两条改进均未达到实质改进标准。**

组间离散度(小市值优先):年化 -8.12% ~ +6.34%,回撤 -88.81% ~ -62.33%
  注:6 组本身构成一次小规模搜索。本session实测纯噪音 best-of-N lift 中位数 2.09,
      若最优组仅比基线高出该量级,不能当作真实改进。

耗时 224s
Saved: breakout_exit_rules_trade.csv, breakout_exit_rules_portfolio.csv
