面板 (3297, 5232)  (77s)

======================================================================================================================
随机选:每条规则 20 次的分布(10只/510300择时/0.3%成本)
======================================================================================================================
   规则                                中位年化       最差       最好      25%      75%    >0比例   中位Sharpe      中位回撤
A  基线:-10%固定,无止盈,252日              +4.69%   +1.32%  +10.69%   +3.23%   +6.63%    100%     +0.324   -65.37%   (81s)
B  纯10周线                           -1.17%   -7.29%   +3.24%   -3.38%   +0.58%     35%     +0.057   -76.32%   (84s)
C  固定+10周线接管                       -0.30%   -6.88%   +7.59%   -2.10%   +2.57%     50%     +0.098   -72.55%   (86s)
D  条件移动止盈(涨100%后)                  +8.50%   +3.84%  +12.07%   +6.60%  +10.29%    100%     +0.503   -54.49%   (89s)
E  条件+10周线(涨100%后)                 +7.62%   +0.35%  +11.52%   +4.48%   +9.58%    100%     +0.460   -52.52%   (92s)
F  基线+504日                         +5.95%   +1.25%  +11.97%   +4.57%   +7.68%    100%     +0.364   -57.40%   (95s)

======================================================================================================================
小市值优先(90%事件重抽样):每条规则 20 次的分布(10只/510300择时/0.3%成本)
======================================================================================================================
   规则                                中位年化       最差       最好      25%      75%    >0比例   中位Sharpe      中位回撤
A  基线:-10%固定,无止盈,252日              +5.74%   +3.15%   +8.99%   +5.00%   +7.13%    100%     +0.355   -63.36%   (99s)
B  纯10周线                           -8.14%  -10.91%   -5.55%   -8.91%   -7.07%      0%     -0.261   -89.27%   (102s)
C  固定+10周线接管                       -8.44%  -11.38%   -5.37%   -9.49%   -7.55%      0%     -0.279   -89.54%   (106s)
D  条件移动止盈(涨100%后)                  +3.20%   -0.97%   +7.94%   +1.37%   +4.86%     95%     +0.257   -68.44%   (109s)
E  条件+10周线(涨100%后)                 +2.74%   -1.01%   +7.32%   +1.61%   +3.57%     90%     +0.237   -68.05%   (113s)
F  基线+504日                         +3.09%   -0.22%   +6.42%   +1.25%   +3.66%     95%     +0.252   -70.29%   (117s)

======================================================================================================================
判断:各规则中位数是否超出基线A 的路径噪音
======================================================================================================================

[随机选]  基线A 中位 +4.69%、25~75%分位 +3.23%~+6.63%、路径标准差 2.42%
  B 中位 -1.17% / Sharpe +0.057 / 回撤 -76.32%  → **中位数低于A的25%分位 → 显著更差**
  C 中位 -0.30% / Sharpe +0.098 / 回撤 -72.55%  → **中位数低于A的25%分位 → 显著更差**
  D 中位 +8.50% / Sharpe +0.503 / 回撤 -54.49%  → **中位数超过A的75%分位 → 超出路径噪音**
  E 中位 +7.62% / Sharpe +0.460 / 回撤 -52.52%  → **中位数超过A的75%分位 → 超出路径噪音**
  F 中位 +5.95% / Sharpe +0.364 / 回撤 -57.40%  → 落在A的路径噪音范围内

[小市值优先(90%事件重抽样)]  基线A 中位 +5.74%、25~75%分位 +5.00%~+7.13%、路径标准差 1.57%
  B 中位 -8.14% / Sharpe -0.261 / 回撤 -89.27%  → **中位数低于A的25%分位 → 显著更差**
  C 中位 -8.44% / Sharpe -0.279 / 回撤 -89.54%  → **中位数低于A的25%分位 → 显著更差**
  D 中位 +3.20% / Sharpe +0.257 / 回撤 -68.44%  → **中位数低于A的25%分位 → 显著更差**
  E 中位 +2.74% / Sharpe +0.237 / 回撤 -68.05%  → **中位数低于A的25%分位 → 显著更差**
  F 中位 +3.09% / Sharpe +0.252 / 回撤 -70.29%  → **中位数低于A的25%分位 → 显著更差**

对照:全市场等权基准 OOS 年化 +7.22% / Sharpe 0.423 / 回撤 -32.77%
主表里 E随机选 +10.12% 是单个种子的结果,对照上面的分布判断其代表性。

耗时 117s   Saved: breakout_exit_rules_seeds.csv
