面板 (3297, 5232)  (79s)
因子就绪  (99s)

样本 41,557,牛股 2,232(基准率 **5.37%**)  (100s)

################################################################################################################
基准牛股率 5.37%;lift = P(牛股|特征) ÷ 基准
################################################################################################################
特征                                  P(特征|牛股)    P(特征|非牛)  **P(牛股|特征)**    lift       命中数   Fisher p
涨停次数(250日)≥5                           33.6%       27.7%         6.44%    1.20    11,642   2.80e-09
涨停次数(250日)≥10                           9.0%       10.1%         4.81%    0.89     4,161   9.53e-02
涨停次数(60日)≥3                             9.1%        5.8%         8.14%    1.52     2,494   2.87e-09
跌停次数(250日)≥3                           29.9%       28.8%         5.56%    1.04    11,986   2.69e-01
涨停多且跌停少(≥5 且 ≤1)                        6.5%        5.0%         6.88%    1.28     2,107   2.44e-03
换手率分位 最高30%                            25.1%       22.1%         6.04%    1.12     9,270   1.30e-03
换手率分位 最低30%                            26.4%       36.2%         3.97%    0.74    14,844   7.14e-22
换手率 >10%                                0.0%        0.1%         0.00%    0.00        38   2.68e-01
次新股 上市<750日(3年)                        10.2%       12.4%         4.46%    0.83     5,084   2.00e-03
次新股 上市<500日                             6.2%        7.5%         4.47%    0.83     3,107   2.05e-02
老股 上市>2500日(10年)                       50.7%       60.6%         4.53%    0.84    24,979   1.89e-20
盈利加速(当季同比环比上升)                         22.4%       18.2%         6.55%    1.22     7,648   7.53e-07
盈利加速 且 当季同比>25%                        12.2%        8.7%         7.42%    1.38     3,680   3.95e-08
盈利大幅加速(提升>20pp)                        15.3%       12.7%         6.40%    1.19     5,346   5.01e-04
现金流质量 OCF/NI>0.8                       样本<30
现金流差 OCF/NI<0                          22.0%       26.0%         4.58%    0.85    10,709   1.86e-05
估值极端 BP最低10%(高估值)                       9.6%        6.6%         7.60%    1.41     2,817   2.39e-07
估值极端 BP最高10%(破净)                        6.2%       12.5%         2.74%    0.51     5,041   1.15e-21
估值居中 BP 40~60%                         20.7%       19.4%         5.71%    1.06     8,093   1.38e-01
逆势强 大盘跌时超额>0                           46.9%       39.9%         6.24%    1.16    16,754   1.20e-10
逆势很强 大盘跌时超额>0.3%                       25.5%       19.0%         7.09%    1.32     8,043   2.05e-13

参考项(用户表示不打算用):
【参考】ST 股                               样本<30
【参考】股本扩张>20%(送转)                       29.3%       24.8%         6.29%    1.17    10,405   2.60e-06

================================================================================================================
纪律A 噪音上界:年内打乱牛股标签 200 次,每次取所有特征的最高 lift
================================================================================================================
  纯噪音 best-of-20 lift:中位 **1.47**   95%分位 **2.45**   最大 3.43
  实际最高 lift:**1.52**(涨停次数(60日)≥3)
  → **未超出噪音上界,不能算发现**
  (对照:三十一节实测纯噪音 best-of-N lift 中位数 2.09;第五十一节全场最高 lift 2.68)

================================================================================================================
纪律B Benjamini-Hochberg FDR 校正(α=0.05)
================================================================================================================
特征                                  lift          p     FDR       超噪音上界
换手率分位 最低30%                         0.74   7.14e-22       ✓           ✗
估值极端 BP最高10%(破净)                    0.51   1.15e-21       ✓           ✗
老股 上市>2500日(10年)                    0.84   1.89e-20       ✓           ✗
逆势很强 大盘跌时超额>0.3%                    1.32   2.05e-13       ✓           ✗
逆势强 大盘跌时超额>0                        1.16   1.20e-10       ✓           ✗
涨停次数(250日)≥5                        1.20   2.80e-09       ✓           ✗
涨停次数(60日)≥3                         1.52   2.87e-09       ✓           ✗
盈利加速 且 当季同比>25%                     1.38   3.95e-08       ✓           ✗
估值极端 BP最低10%(高估值)                   1.41   2.39e-07       ✓           ✗
盈利加速(当季同比环比上升)                      1.22   7.53e-07       ✓           ✗
现金流差 OCF/NI<0                       0.85   1.86e-05       ✓           ✗
盈利大幅加速(提升>20pp)                     1.19   5.01e-04       ✓           ✗
换手率分位 最高30%                         1.12   1.30e-03       ✓           ✗
次新股 上市<750日(3年)                     0.83   2.00e-03       ✓           ✗
涨停多且跌停少(≥5 且 ≤1)                    1.28   2.44e-03       ✓           ✗
次新股 上市<500日                         0.83   2.05e-02       ✓           ✗
涨停次数(250日)≥10                       0.89   9.53e-02       ✗           ✗
估值居中 BP 40~60%                      1.06   1.38e-01       ✗           ✗
换手率 >10%                            0.00   2.68e-01       ✗           ✗
跌停次数(250日)≥3                        1.04   2.69e-01       ✗           ✗

================================================================================================================
判定
================================================================================================================
  同时通过 FDR 与噪音上界的特征:**0 个**

耗时 102s   Saved: bull_feature_scan.csv, bull_feature_panel.parquet
