样本 41,557,牛股 2,232,基准率 **5.37%**
置换标签就绪 500 组  (1s)

==================================================================================================================
【修正一】每个特征各自的零分布(年内打乱 500 次),不受其他特征污染
==================================================================================================================
特征                                     命中    lift      p(自身零分布)    13-19    20-25      两段同向
涨停次数(250日)≥5                       11,642    1.20         0.000     0.90     1.43         ✗ **
换手率分位 最高30%                         9,270    1.12         0.000     0.95     1.26         ✗ **
换手率分位 最低30%                        14,844    0.74         0.000     0.80     0.70         ✓ **
估值极端 BP最低10%(高估值)                   2,817    1.41         0.000     1.48     1.36         ✓ **
盈利加速 且 当季同比>25%                     3,680    1.38         0.000     1.47     1.26         ✓ **
现金流差 OCF/NI<0                      10,709    0.85         0.000     0.84     0.83         ✓ **
老股 上市>2500日(10年)                   24,979    0.84         0.000     0.75     0.91         ✓ **
盈利加速(当季同比环比上升)                      7,648    1.22         0.000     1.28     1.17         ✓ **
估值极端 BP最高10%(破净)                    5,041    0.51         0.000     0.50     0.52         ✓ **
盈利大幅加速(提升>20pp)                     5,346    1.19         0.002     1.28     1.13         ✓ **
涨停次数(60日)≥3                         2,494    1.52         0.076     1.06     1.93         ✓
估值居中 BP 40~60%                      8,093    1.06         0.132     1.02     1.10         ✓
换手率 >10%                               38    0.00         0.154      nan      nan         ✗
逆势很强 大盘跌时超额>0.3%                    8,043    1.32         0.252     1.70     1.13         ✓
涨停多且跌停少(≥5 且 ≤1)                    2,107    1.28         0.464     1.97     1.03         ✓
逆势强 大盘跌时超额>0                       16,754    1.16         0.522     1.42     1.04         ✓
跌停次数(250日)≥3                       11,986    1.04         0.596     0.64     1.41         ✗
涨停次数(250日)≥10                       4,161    0.89         0.872     0.59     1.23         ✗
次新股 上市<500日                         3,107    0.83         0.950     0.85     0.81         ✓
次新股 上市<750日(3年)                     5,084    0.83         0.982     0.82     0.84         ✓

参考项(用户表示不打算用):
【参考】股本扩张>20%(送转)                   10,405    1.17         0.000

  自身零分布 p<0.05 的特征:**10 / 20**

==================================================================================================================
【修正二】公平噪音上界:只让 **命中≥500** 的特征参与取最大值
==================================================================================================================
  被排除的低命中特征:['换手率 >10%']
  纯噪音 best-of-19 lift:中位 **1.38**   95%分位 **1.54**   最大 1.59
  实际最高 lift:**1.52**(涨停次数(60日)≥3)
  (对照:含退化特征时 95%分位 **1.96** —— 原扫描报的 2.45 确实被抬高了)

==================================================================================================================
判定(两条纪律都要过)
==================================================================================================================
  同时满足 (a) 自身 p<0.05 与 (b) lift>1.54 的特征:**0 个** []

  最高 lift 的 涨停次数(60日)≥3:lift 1.52 < 天花板 1.54,自身零分布 p = 0.076(**不显著**)
  → **两条纪律都没过。** 换了公平天花板之后结论没有翻转:仍然是 0 个发现。
  → p<0.05 的那批 lift 全部 ≤1.41(或 ≤0.85 的反向),没有一个够到第五十一节 2.68。

  另注:p<0.05 的 10 个里,有 **2 个两段方向相反**['涨停次数(250日)≥5', '换手率分位 最高30%'] —— 全期显著但方向不稳,不可用。

耗时 1s   Saved: bull_feature_recheck.csv
