面板 (3297, 5232)  (67s)

======================================================================================================================
第一部分 买点 2×2(规则 A 不变,只换事件)
======================================================================================================================
买点                                      事件数      胜率      毛期望      净期望       年化  Sharpe      最大回撤     年均笔数
60日新高                                70,318   18.6%   +4.91%   +4.61%   +6.34%   0.377    -62.3%       25   (95s)
    锚点核对:事件 70,318(应 70,310)、净期望 +4.61%(应 +4.61%)、年化 +6.34%(应 +6.34%)
    锚点通过 —— 事件重建与原文件一致,后面的差异只来自买点定义
60日新高 + 量能≥1.5×                      64,315   18.2%   +4.63%   +4.33%   +3.53%   0.270    -68.8%       26   (116s)
52周(250日)新高                          20,002   16.9%   +3.94%   +3.64%   +1.15%   0.168    -67.6%       23   (124s)
52周(250日)新高 + 量能≥1.5×                17,682   16.7%   +3.85%   +3.55%   +4.06%   0.295    -59.0%       21   (130s)

  组合级年化最高的买点:**60日新高**

======================================================================================================================
第二部分 20日线止盈(用户提议,替代固定止盈)
======================================================================================================================

  【买点:60日新高】  事件 70,318
  离场规则                                胜率      毛期望      净期望       年化  Sharpe      最大回撤     年均笔数
  A 基线 -10%止损,无止盈                  18.6%   +4.91%   +4.61%   +6.34%   0.377    -62.3%       25   (151s)
  H1 MA20 全程接管                     33.3%   +0.77%   +0.47%  -15.85%  -0.624    -96.5%      105   (156s)
  H2 MA20 收盘转正后启用                  35.0%   +0.85%   +0.55%  -12.51%  -0.467    -93.1%       98   (162s)
  H3 MA20 涨25%后启用                  33.6%   +2.25%   +1.95%   -0.50%   0.090    -70.4%       49   (174s)
  H4 MA20 涨100%后启用                 20.2%   +5.82%   +5.52%   +2.45%   0.225    -76.2%       28   (194s)

======================================================================================================================
判定(事前判据,未放宽)
======================================================================================================================
  全场最好:**买点 / 60日新高**  净期望 +4.61%  年化 +6.34%
    ① 交易级净期望 ≥+6.0%  →  +4.61%  ✗
    ② 组合级年化 ≥+7.22%   →  +6.34%  ✗

  **不算发现**(最好的就是基线买点,无需随机对照)

======================================================================================================================
分段:升级买点能否救回 2015-05 之后的十年
======================================================================================================================
  60日新高                             2015-05前       9,661 笔   净期望  +27.23%
  60日新高                             2015-05后      60,657 笔   净期望   +1.03%
  60日新高 + 量能≥1.5×                   2015-05前       9,092 笔   净期望  +26.90%
  60日新高 + 量能≥1.5×                   2015-05后      55,223 笔   净期望   +0.64%
  52周(250日)新高                       2015-05前       2,919 笔   净期望  +22.02%
  52周(250日)新高                       2015-05后      17,083 笔   净期望   +0.52%
  52周(250日)新高 + 量能≥1.5×             2015-05前       2,691 笔   净期望  +21.30%
  52周(250日)新高 + 量能≥1.5×             2015-05后      14,991 笔   净期望   +0.38%

耗时 245s   Saved: buypoint_and_exit.csv
