面板 (3297, 5232)  2013-01-04 ~ 2026-08-03  (125s)
指标完成  (139s)

====================================================================================================
A 部分:宇通客车 600066 从 2024-01-31 起的真实路径
====================================================================================================
  基准日 2024-01-31  收盘 12.53

口径                    期末      期间峰值      兑现率          峰值日期
3个月               +78.7%    +80.9%      97%    2024-05-07
6个月               +51.1%    +94.8%      54%    2024-05-14
9个月               +68.4%    +94.8%      72%    2024-05-14
12个月/250日         +83.1%   +106.6%      78%    2025-01-24

  **首次触及 +100%:2025-01-08 = 第 225 个交易日**

====================================================================================================
2019-12-31   宁德时代(300750)   条件检出 104 只
====================================================================================================
口径                该批≥100%      随机中位        随机5%~95%      该批中位       随机中位涨幅      宁德时代排名
3个月                  5.8%      1.0%    [0.0%, 3.8%]    +31.8%       +12.7%      20/104
6个月                  7.7%      4.8%    [2.9%, 8.7%]    +38.0%       +19.2%      27/104
9个月                 16.3%     15.4%  [10.6%, 21.2%]    +56.8%       +35.4%      11/104
12个月/250日           26.0%     20.2%  [14.4%, 26.9%]    +67.5%       +41.8%       3/104

====================================================================================================
2024-05-31   生益电子(688183)   条件检出 87 只
====================================================================================================
口径                该批≥100%      随机中位        随机5%~95%      该批中位       随机中位涨幅      生益电子排名
3个月                  0.0%      0.0%    [0.0%, 1.1%]     +3.3%        +1.4%        1/87
6个月                  4.6%      4.6%    [1.1%, 9.2%]    +10.9%       +22.9%        2/87
9个月                  9.2%     10.3%   [4.6%, 14.9%]    +16.5%       +30.2%        2/87
12个月/250日            9.2%     12.6%   [6.9%, 19.5%]    +25.6%       +36.7%        4/87

====================================================================================================
2024-01-31   宇通客车(600066)   条件检出 105 只
====================================================================================================
口径                该批≥100%      随机中位        随机5%~95%      该批中位       随机中位涨幅      宇通客车排名
3个月                  0.0%      0.0%    [0.0%, 1.9%]    +19.3%       +22.2%       1/105
6个月                  1.0%      1.9%    [0.0%, 3.8%]    +29.8%       +25.1%       2/105
9个月                  1.9%      5.7%   [1.9%, 10.5%]    +35.4%       +36.1%       3/105
12个月/250日            3.8%     11.4%   [6.7%, 18.1%]    +38.4%       +41.6%       3/105

====================================================================================================
锚点核对(不过则本节结论作废)
====================================================================================================
  ✓ 锚点① 面板 (3297, 5232)
  ✓ 锚点② 三只案例全部被四条件检出
  ✓ 锚点③ 复现 §76:250日该批 ≥100% 3.8%(期望 3.8%)、宇通排 3/105(期望 3/105)

  **锚点全部通过。**

→ /home/user/oxq-panel/case_yutong_6m.csv   (142s)
