宇通客车 600066   3265 个交易日   2013-01-04 ~ 2026-08-03
  收盘 4.45 → 32.29  (+625.6%)   全期最低 4.45(2013-01-04)   最高 36.06(2026-04-02)

========================================================================================================
一、ZigZag(θ=10%)枢轴与波段 —— 13 年共 75 条腿
========================================================================================================
  # 起           止           方向        起价     止价       幅度    交易日      日均量(万手)
  0 2013-01-04  2013-02-08  ↑ 上涨    4.45   5.45   +22.5%     25          5.0
  1 2013-02-08  2013-03-13  ↓ 下跌    5.45   4.56   -16.3%     18          5.0
  2 2013-03-13  2013-07-02  ↑ 上涨    4.56   6.74   +47.8%     71          7.2
  3 2013-07-02  2013-08-09  ↓ 下跌    6.74   5.74   -14.8%     28          8.5
  4 2013-08-09  2013-09-10  ↑ 上涨    5.74   6.53   +13.8%     22          8.6
  5 2013-09-10  2013-11-14  ↓ 下跌    6.53   5.24   -19.8%     40          9.8
  6 2013-11-14  2014-02-17  ↑ 上涨    5.24   6.65   +26.9%     61          8.5
  7 2014-02-17  2014-03-20  ↓ 下跌    6.65   5.12   -23.0%     23         11.9
  8 2014-03-20  2015-04-16  ↑ 上涨    5.12  11.52  +125.0%    231         15.0
  9 2015-04-16  2015-05-05  ↓ 下跌   11.52  10.19   -11.5%     12         19.5
 10 2015-05-05  2015-05-26  ↑ 上涨   10.19  13.17   +29.2%     15         29.1
 11 2015-05-26  2015-06-26  ↓ 下跌   13.17   9.95   -24.4%     22         34.9
 12 2015-06-26  2015-06-30  ↑ 上涨    9.95  11.05   +11.1%      2         41.9
 13 2015-06-30  2015-07-08  ↓ 下跌   11.05   9.62   -12.9%      6         37.5
 14 2015-07-08  2015-07-10  ↑ 上涨    9.62  11.50   +19.5%      2         64.6
 15 2015-07-10  2015-07-27  ↓ 下跌   11.50   9.90   -13.9%     11         36.6
 16 2015-07-27  2015-08-10  ↑ 上涨    9.90  12.19   +23.1%     10         29.5
 17 2015-08-10  2015-08-25  ↓ 下跌   12.19   9.00   -26.2%     11         23.3
 18 2015-08-25  2015-12-22  ↑ 上涨    9.00  12.24   +36.0%     78         15.9
 19 2015-12-22  2016-02-01  ↓ 下跌   12.24   9.62   -21.4%     28         12.4
 20 2016-02-01  2016-07-28  ↑ 上涨    9.62  13.44   +39.7%    119         14.3
 21 2016-07-28  2017-01-12  ↓ 下跌   13.44  11.07   -17.6%    112         10.0
 22 2017-01-12  2017-04-05  ↑ 上涨   11.07  12.52   +13.1%     52         13.2
 23 2017-04-05  2017-05-10  ↓ 下跌   12.52  11.09   -11.4%     24         13.2
 24 2017-05-10  2017-11-13  ↑ 上涨   11.09  16.14   +45.5%    126         13.3
 25 2017-11-13  2017-12-08  ↓ 下跌   16.14  13.53   -16.2%     19         19.0
 26 2017-12-08  2018-01-03  ↑ 上涨   13.53  15.31   +13.2%     17         11.5
 27 2018-01-03  2018-01-31  ↓ 下跌   15.31  13.23   -13.6%     20         16.6
 28 2018-01-31  2018-03-09  ↑ 上涨   13.23  14.59   +10.3%     22         15.1
 29 2018-03-09  2018-10-30  ↓ 下跌   14.59   6.58   -54.9%    156          9.0
 30 2018-10-30  2019-02-26  ↑ 上涨    6.58   9.40   +42.9%     78         11.2
 31 2019-02-26  2019-03-14  ↓ 下跌    9.40   8.07   -14.1%     12         38.1
 32 2019-03-14  2019-04-24  ↑ 上涨    8.07  10.31   +27.8%     28         40.2
 33 2019-04-24  2019-06-03  ↓ 下跌   10.31   7.87   -23.7%     25         19.8
 34 2019-06-03  2019-07-09  ↑ 上涨    7.87   8.95   +13.7%     25         10.8
 35 2019-07-09  2019-08-07  ↓ 下跌    8.95   8.00   -10.6%     21          8.4
 36 2019-08-07  2019-09-06  ↑ 上涨    8.00  10.08   +26.0%     22         16.6
 37 2019-09-06  2019-10-08  ↓ 下跌   10.08   8.83   -12.4%     16         14.8
 38 2019-10-08  2020-01-22  ↑ 上涨    8.83  10.49   +18.8%     75         14.7
 39 2020-01-22  2020-02-04  ↓ 下跌   10.49   8.97   -14.5%      3         24.4
 40 2020-02-04  2020-02-25  ↑ 上涨    8.97  10.47   +16.7%     15         28.3
 41 2020-02-25  2020-03-23  ↓ 下跌   10.47   7.60   -27.4%     19         20.0
 42 2020-03-23  2020-10-26  ↑ 上涨    7.60  12.43   +63.6%    143         13.7
 43 2020-10-26  2020-11-02  ↓ 下跌   12.43  10.90   -12.3%      5         22.8
 44 2020-11-02  2020-11-05  ↑ 上涨   10.90  12.92   +18.5%      3         29.0
 45 2020-11-05  2020-11-26  ↓ 下跌   12.92  11.53   -10.8%     15         19.2
 46 2020-11-26  2020-12-01  ↑ 上涨   11.53  12.98   +12.6%      3         24.8
 47 2020-12-01  2021-02-05  ↓ 下跌   12.98   8.79   -32.3%     47         23.6
 48 2021-02-05  2021-02-19  ↑ 上涨    8.79  11.99   +36.4%      5         38.5
 49 2021-02-19  2021-02-26  ↓ 下跌   11.99  10.55   -12.0%      5         53.4
 50 2021-02-26  2021-03-08  ↑ 上涨   10.55  11.74   +11.3%      6         28.7
 51 2021-03-08  2021-07-30  ↓ 下跌   11.74   8.18   -30.3%     99         14.3
 52 2021-07-30  2021-08-24  ↑ 上涨    8.18   9.23   +12.8%     17         19.7
 53 2021-08-24  2022-04-28  ↓ 下跌    9.23   5.22   -43.4%    162         17.8
 54 2022-04-28  2022-06-28  ↑ 上涨    5.22   7.27   +39.3%     39         55.7
 55 2022-06-28  2022-08-04  ↓ 下跌    7.27   5.66   -22.1%     27         40.4
 56 2022-08-04  2022-08-11  ↑ 上涨    5.66   6.47   +14.3%      5         39.1
 57 2022-08-11  2022-10-10  ↓ 下跌    6.47   5.33   -17.6%     36         20.9
 58 2022-10-10  2023-07-04  ↑ 上涨    5.33  12.42  +133.0%    178         28.1
 59 2023-07-04  2023-08-29  ↓ 下跌   12.42  10.07   -18.9%     40         15.4
 60 2023-08-29  2023-10-27  ↑ 上涨   10.07  11.58   +15.0%     37         19.4
 61 2023-10-27  2023-11-09  ↓ 下跌   11.58  10.24   -11.6%      9         23.2
 62 2023-11-09  2024-05-14  ↑ 上涨   10.24  24.41  +138.4%    121         21.4
 63 2024-05-14  2024-08-07  ↓ 下跌   24.41  17.69   -27.5%     60         27.3
 64 2024-08-07  2024-09-30  ↑ 上涨   17.69  23.01   +30.1%     36         21.1
 65 2024-09-30  2024-11-26  ↓ 下跌   23.01  18.71   -18.7%     36         32.0
 66 2024-11-26  2025-01-24  ↑ 上涨   18.71  25.89   +38.4%     42         28.4
 67 2025-01-24  2025-04-08  ↓ 下跌   25.89  21.67   -16.3%     45         22.9
 68 2025-04-08  2025-04-23  ↑ 上涨   21.67  24.87   +14.8%     11         18.7
 69 2025-04-23  2025-06-10  ↓ 下跌   24.87  22.27   -10.5%     30         16.9
 70 2025-06-10  2025-12-17  ↑ 上涨   22.27  32.50   +45.9%    130         15.3
 71 2025-12-17  2026-03-04  ↓ 下跌   32.50  27.71   -14.7%     47         16.6
 72 2026-03-04  2026-04-02  ↑ 上涨   27.71  36.06   +30.1%     21         24.5
 73 2026-04-02  2026-06-18  ↓ 下跌   36.06  26.04   -27.8%     51         21.6
 74 2026-06-18  2026-07-30  ↑ 上涨   26.04  33.80   +29.8%     29         21.8

========================================================================================================
二、13 年里全部 ≥+80% 的上升腿,以及它们**之前**是什么
========================================================================================================
  共 3 条(阈值 +80%,放宽一点以免只剩一条)

  **2014-03-20 → 2015-04-16   5.12 → 11.52   +125.0%   231 个交易日**
     起涨点位置:过去 1 年 +5.1%、过去 3 年 +15.1%、在 3 年区间中的位置 0.29
     之前三条腿:  2013-09-10→2013-11-14 -20% (40日) | 2013-11-14→2014-02-17 +27% (61日) | 2014-02-17→2014-03-20 -23% (23日)

  **2022-10-10 → 2023-07-04   5.33 → 12.42   +133.0%   178 个交易日**
     起涨点位置:过去 1 年 -35.9%、过去 3 年 -43.1%、在 3 年区间中的位置 0.01
     之前三条腿:  2022-06-28→2022-08-04 -22% (27日) | 2022-08-04→2022-08-11 +14% (5日) | 2022-08-11→2022-10-10 -18% (36日)

  **2023-11-09 → 2024-05-14   10.24 → 24.41   +138.4%   121 个交易日**
     起涨点位置:过去 1 年 +88.2%、过去 3 年 -6.3%、在 3 年区间中的位置 0.65
     之前三条腿:  2023-07-04→2023-08-29 -19% (40日) | 2023-08-29→2023-10-27 +15% (37日) | 2023-10-27→2023-11-09 -12% (9日)

========================================================================================================
三、三段结构实例(5 次)与结果
========================================================================================================

  **突破 2014-12-04  收盘 6.90**   流通市值 247 亿
     第一段 2013-03-13→2013-07-02  +48%  71 日   起涨前 3 年 +2.5%
     平台   174 日   最深 24.0%   缩量比 1.29
     突破前 3 年 **+55.1%**
     6 个月 峰值 +90.9% 期末 +84.8%    12 个月 峰值 +90.9% 期末 +63.5%

  **突破 2017-07-21  收盘 13.93**   流通市值 439 亿
     第一段 2016-02-01→2016-07-28  +40%  119 日   起涨前 3 年 +116.2%
     平台   188 日   最深 17.6%   缩量比 0.79
     突破前 3 年 **+164.8%**
     6 个月 峰值 +15.9% 期末 +1.6%    12 个月 峰值 +15.9% 期末 -25.6%

  **突破 2020-08-06  收盘 10.68**   流通市值 340 亿
     第一段 2018-10-30→2019-02-26  +43%  78 日   起涨前 3 年 -33.3%
     平台   242 日   最深 25.0%   缩量比 1.72
     突破前 3 年 **-19.8%**
     6 个月 峰值 +21.5% 期末 -11.8%    12 个月 峰值 +21.5% 期末 -17.6%

  **突破 2024-01-10  收盘 12.78**   流通市值 342 亿
     第一段 2022-10-10→2023-07-04  +133%  178 日   起涨前 3 年 -43.1%
     平台   86 日   最深 18.9%   缩量比 0.61
     突破前 3 年 **+4.2%**
     6 个月 峰值 +91.0% 期末 +62.0%    12 个月 峰值 +100.6% 期末 +100.6%

  **突破 2025-09-01  收盘 26.23**   流通市值 628 亿
     第一段 2024-11-26→2025-01-24  +38%  42 日   起涨前 3 年 +123.8%
     平台   86 日   最深 16.3%   缩量比 0.71
     突破前 3 年 **+335.7%**
     6 个月 峰值 +23.9% 期末 +9.5%    12 个月 峰值 +nan% 期末 +nan%

========================================================================================================
四、与旧筛选器(§93,legacy 口径)四次突破的对照
========================================================================================================
突破日          旧筛选器      新分段            6个月峰值     6个月期末      突破前3年
2014-12-04   —         ✓              90.9%     84.8%      55.1%
2016-07-15   ✓         —               6.4%    -11.5%          —
2017-07-21   ✓         ✓              15.9%      1.6%     164.8%
2018-01-03   ✓         —              -1.5%    -30.7%          —
2020-08-06   —         ✓              21.5%    -11.8%     -19.8%
2024-01-08   ✓         —             101.1%     78.8%          —
2024-01-10   —         ✓              91.0%     62.0%       4.2%
2025-09-01   —         ✓              23.9%      9.5%     335.7%

  注:新旧两套算法的突破日不完全对齐(平台高的定义不同),2024-01-08 与 2024-01-10 是同一次突破。

→ /home/user/open-xquant/examples/ashare-bull-stock-study/results/case_yutong_13y_segments.csv + _legs.csv
