读取 5233 个文件…
面板 (3297, 5232)  2013-01-04 ~ 2026-08-03
宇通全期强势日(RPS60>90)共 322 天;最早 2013-06-05
  2013-2015 年内的强势日: ['2013-06-05', '2013-06-06', '2013-06-07', '2013-06-13', '2013-06-17', '2013-06-18', '2013-06-19', '2013-06-20', '2013-06-21', '2013-06-24', '2013-06-25', '2013-06-26', '2013-06-27', '2013-06-28', '2013-07-01', '2013-07-02', '2015-01-12', '2015-01-13', '2015-01-23', '2015-01-27', '2015-01-28', '2015-01-29', '2015-01-30', '2015-02-02', '2015-02-03', '2015-02-04', '2015-02-05', '2015-02-06', '2015-02-09', '2015-02-10', '2015-02-11', '2015-02-12', '2015-02-13', '2015-02-16', '2015-02-17', '2015-02-25', '2015-02-26', '2015-02-27', '2015-03-02', '2015-03-03']

月末       强势日ts          调整天数   触线      深度     缩量比     收敛比   legacy 判定 / 被谁挡住
2013-01  —                                                  ✗ 250 日内没有强势日(RPS60>90)
2013-02  —                                                  ✗ 250 日内没有强势日(RPS60>90)
2013-03  —                                                  ✗ 250 日内没有强势日(RPS60>90)
2013-04  —                                                  ✗ 250 日内没有强势日(RPS60>90)
2013-05  —                                                  ✗ 250 日内没有强势日(RPS60>90)
2013-06  2013-06-28        0    否                           ✗ 调整天数 0 < 15
2013-07  2013-07-02       21    是   15.9%    1.08    1.00   ✗ 缩量比 1.08≥0.8、收敛比 1.00≥0.8
2013-08  2013-07-02       43    是   16.3%    1.07    0.84   ✗ 缩量比 1.07≥0.8、收敛比 0.84≥0.8
2013-09  2013-07-02       62    是   16.3%    1.14    0.87   ✗ 缩量比 1.14≥0.8、收敛比 0.87≥0.8
2013-10  2013-07-02       80    是   23.4%    1.25    0.86   ✗ 缩量比 1.25≥0.8、收敛比 0.86≥0.8
2013-11  2013-07-02      101    是   23.4%    1.23    0.79   ✗ 缩量比 1.23≥0.8
2013-12  2013-07-02      123    是   23.4%    1.21    0.80   ✗ 缩量比 1.21≥0.8、收敛比 0.80≥0.8
2014-01  2013-07-02      144    是   23.4%    1.14    0.78   ✗ 缩量比 1.14≥0.8
2014-02  2013-07-02      160    是   23.4%    1.19    0.82   ✗ 缩量比 1.19≥0.8、收敛比 0.82≥0.8
2014-03  2013-07-02      181    是   26.4%    1.23    0.83   ✗ 缩量比 1.23≥0.8、收敛比 0.83≥0.8
2014-05  2013-07-02      222    是   26.4%    1.27    0.81   ✗ 缩量比 1.27≥0.8、收敛比 0.81≥0.8
2014-06  2013-07-02      242    是   26.4%    1.25    0.78   ✗ 缩量比 1.25≥0.8
2014-07  —                                                  ✗ 250 日内没有强势日(RPS60>90)
2014-08  —                                                  ✗ 250 日内没有强势日(RPS60>90)
2014-09  —                                                  ✗ 250 日内没有强势日(RPS60>90)
2014-10  —                                                  ✗ 250 日内没有强势日(RPS60>90)
2014-11  —                                                  ✗ 250 日内没有强势日(RPS60>90)
2014-12  —                                                  ✗ 250 日内没有强势日(RPS60>90)
2015-01  2015-01-30        0    否                           ✗ 调整天数 0 < 15
2015-02  2015-02-27        0    否                           ✗ 调整天数 0 < 15
2015-03  2015-03-06       17    否                           ✗ **没有触线日**(未回踩20周线,或20周线未向上)
2015-04  2015-03-06       38    否                           ✗ **没有触线日**(未回踩20周线,或20周线未向上)
2015-05  2015-03-06       58    否                           ✗ **没有触线日**(未回踩20周线,或20周线未向上)
2015-06  2015-03-06       79    是   32.7%    1.40    2.57   ✗ 缩量比 1.40≥0.8、收敛比 2.57≥0.8
2015-07  2015-03-06      102    是   35.0%    1.53    2.21   ✗ 缩量比 1.53≥0.8、收敛比 2.21≥0.8
2015-08  2015-03-06      123    是   38.8%    1.52    2.02   ✗ 缩量比 1.52≥0.8、收敛比 2.02≥0.8、深度 38.8%>35.2%
2015-09  2015-09-22        6    否                           ✗ 调整天数 6 < 15
2015-10  2015-10-28        2    否                           ✗ 调整天数 2 < 15
2015-11  2015-10-28       23    否                           ✗ **没有触线日**(未回踩20周线,或20周线未向上)
2015-12  2015-10-28       46    是   14.6%    0.66    0.55   ✓ 三条全中
2016-01  2015-10-28       66    是   24.1%    0.65    0.68   ✓ 三条全中
2016-02  2015-10-28       82    是   25.4%    0.64    0.68   ✓ 三条全中
2016-03  2015-10-28      105    是   25.4%    0.63    0.62   ✓ 三条全中
2016-04  2015-10-28      125    是   25.4%    0.72    0.58   ✓ 三条全中
2016-05  2015-10-28      146    是   25.4%    0.73    0.56   ✓ 三条全中
2016-06  2015-10-28      166    是   25.4%    0.69    0.54   ✓ 三条全中
2016-07  2016-07-29        0    否                           ✗ 调整天数 0 < 15
2016-08  2016-08-01       22    否                           ✗ **没有触线日**(未回踩20周线,或20周线未向上)
2016-09  2016-08-01       42    否                           ✗ **没有触线日**(未回踩20周线,或20周线未向上)
2016-10  2016-08-01       58    是    9.3%    0.64    0.80   ✗ 收敛比 0.80≥0.8
2016-11  2016-08-01       80    是   14.4%    0.76    0.67   ✓ 三条全中
2016-12  2016-08-01      102    是   18.1%    0.77    0.69   ✓ 三条全中

====================================================================================================
参考:宇通 2013-2015 的实际走势(月末收盘)
====================================================================================================
   2013-01 5.03   2013-02 5.04   2013-03 5.23   2013-04 5.04   2013-05 6.09   2013-06 6.16
   2013-07 5.82   2013-08 5.82   2013-09 6.19   2013-10 5.38   2013-11 5.77   2013-12 5.91
   2014-01 6.03   2014-02 6.09   2014-03 5.40   2014-04 5.68   2014-05 5.39   2014-06 5.61
   2014-07 6.45   2014-08 6.39   2014-09 6.34   2014-10 6.47   2014-11 6.49   2014-12 7.76
   2015-01 8.90   2015-02 9.67   2015-03 10.31   2015-04 10.65   2015-05 12.25   2015-06 11.05
   2015-07 10.41   2015-08 10.10   2015-09 10.11   2015-10 11.79   2015-11 11.33   2015-12 12.09
