读取 5233 个文件…
面板 (3297, 5232)  2013-01-04 ~ 2026-08-03

============================================================================================================
A-1  用户划分的「2013-2015 三段经典走势」
============================================================================================================
  第一段 上涨                    2013-01-04 ~ 2013-06-28  ( 113 日)    4.45 → 6.16     +38.4%   区间 [4.45, 6.41] 振幅  +44.0%
  第二段 平台整理                  2013-07-01 ~ 2014-10-31  ( 327 日)    6.44 → 6.47      +0.5%   区间 [5.12, 6.74] 振幅  +31.6%
  第三段 再上涨                   2014-11-03 ~ 2015-06-12  ( 151 日)    6.48 → 12.26    +89.2%   区间 [6.30, 13.17] 振幅 +109.0%

  **第三段从 2014-10-31 收盘 6.47 到区间峰值 13.17 = +103.6%**   峰值日 2015-05-26
  **这是一个完整的、成功的三段结构,而筛选器整段没认**(缩量比 1.07~1.27 挡住)

============================================================================================================
A-2  用户划分的「2015-2018 一直横盘」
============================================================================================================
  整段                        2015-06-15 ~ 2019-01-02  ( 868 日)   12.58 → 7.39     -41.3%   区间 [6.58, 16.14] 振幅 +145.3%
    其中                      2015-06-15 ~ 2016-06-30  ( 256 日)   12.58 → 11.43     -9.1%   区间 [9.00, 12.58] 振幅  +39.8%
    其中                      2016-07-01 ~ 2017-06-30  ( 243 日)   11.51 → 13.26    +15.2%   区间 [11.07, 13.44] 振幅  +21.4%
    其中                      2017-07-03 ~ 2018-06-29  ( 244 日)   13.32 → 11.58    -13.1%   区间 [11.38, 16.14] 振幅  +41.8%
    其中                      2018-07-02 ~ 2019-01-02  ( 125 日)   10.71 → 7.39     -31.0%   区间 [6.58, 10.97] 振幅  +66.7%

  筛选器在这段里的三次突破(§93 实测):
    2016-07-15  收盘  12.63   6 个月峰值   +6.4%  期末  -11.5%   过去 3 年区间 [5.12, 13.17]  位置 0.93
    2017-07-21  收盘  13.93   6 个月峰值  +15.9%  期末   +1.6%   过去 3 年区间 [5.40, 13.93]  位置 1.00
    2018-01-03  收盘  15.31   6 个月峰值   -1.5%  期末  -30.7%   过去 3 年区间 [7.13, 16.14]  位置 0.91

============================================================================================================
B  5 个整理段的候选判别量(探索性,5 个点证明不了任何事)
============================================================================================================
段                   ts          突破/起涨日           缩量比     6月峰值      第一段幅度      清掉一段顶     3年位置     3年净涨
2013-07 段(被否)       2013-07-02  2014-11-03      1.21        —      51.5%          否     0.89    45.6%
2015-12 段           2015-10-28  2016-07-15      0.66    +6.4%     109.0%          否     0.93   105.4%
2016-11 段           2016-08-01  2017-07-21      0.76   +15.9%      49.3%          是     1.00   158.0%
2017-12 段           2017-12-06  2018-01-03      0.58    -1.5%      45.8%          否     0.91   110.0%
2023-11 段           2023-07-20  2024-01-08      0.67  +101.1%     133.0%          否     0.96    -2.1%

  注:2013-07 段没有筛选器突破日(整段被否),这里用用户划分的第三段起点 2014-11-03;
     其 6 个月峰值一栏留空,因为它不是同一种口径下的事件,不可与另外四个直接比。
     该段从 2014-10-31 起算的实际峰值见 A-1。

**再说一次:5 个点上任何度量都能凑得分得开。**
**上面没有一行是结论。要下结论必须挑一个判别量,事前登记,上全样本。**
