面板 (3297, 5232)  2013-01-04 ~ 2026-08-03  (42s)
指标完成  (51s)

========================================================================================================
2019-12-31   宁德时代(300750)
========================================================================================================
  ✓ 宁德时代 在检出集内   后 250 日峰值 **+288.9%**   排名 **3/104**(前 2.9%)

  符合条件           n=104   中位  +67.5%  均值  +81.7%   ≥50% 64.4%  ≥100% 26.0%  ≥200%  5.8%  ≥500%  1.0%
  + 量比≥1.0       n=86    中位  +68.8%  均值  +85.7%   ≥50% 66.3%  ≥100% 26.7%  ≥200%  7.0%  ≥500%  1.2%
  同市值档随机         n=104   中位  +35.7%  均值  +65.5%   ≥50% 35.6%  ≥100% 15.4%  ≥200%  6.7%  ≥500%  1.0%

  该批峰值最高 5 只 / 最低 5 只:
    最高  603069 +517%  002460 +298%  300750 +289%  002683 +248%  002812 +228%
    最低  601872 -4%  600673 -1%  002058 +1%  000671 +1%  002729 +3%

========================================================================================================
2024-05-31   生益电子(688183)
========================================================================================================
  ✓ 生益电子 在检出集内   后 250 日峰值 **+199.7%**   排名 **4/87**(前 4.6%)

  符合条件           n=87    中位  +25.6%  均值  +43.7%   ≥50% 27.6%  ≥100%  9.2%  ≥200%  3.4%  ≥500%  0.0%
  + 量比≥1.0       n=55    中位  +30.2%  均值  +42.8%   ≥50% 30.9%  ≥100%  7.3%  ≥200%  1.8%  ≥500%  0.0%
  同市值档随机         n=87    中位  +41.8%  均值  +61.0%   ≥50% 43.7%  ≥100% 18.4%  ≥200%  3.4%  ≥500%  0.0%

  该批峰值最高 5 只 / 最低 5 只:
    最高  000833 +285%  300779 +251%  603360 +219%  688183 +200%  603009 +197%
    最低  300573 -5%  300956 -3%  000552 -2%  600094 -0%  002128 -0%

========================================================================================================
2024-01-31   宇通客车(600066)
========================================================================================================
  ✓ 宇通客车 在检出集内   后 250 日峰值 **+106.6%**   排名 **3/105**(前 2.9%)

  符合条件           n=105   中位  +38.4%  均值  +40.7%   ≥50% 23.8%  ≥100%  3.8%  ≥200%  0.0%  ≥500%  0.0%
  + 量比≥1.0       n=91    中位  +39.2%  均值  +41.6%   ≥50% 26.4%  ≥100%  3.3%  ≥200%  0.0%  ≥500%  0.0%
  同市值档随机         n=105   中位  +38.3%  均值  +65.4%   ≥50% 38.1%  ≥100% 18.1%  ≥200%  5.7%  ≥500%  0.0%

  该批峰值最高 5 只 / 最低 5 只:
    最高  002423 +138%  300175 +124%  600066 +107%  000680 +102%  301285 +95%
    最低  600284 +0%  600777 +1%  601006 +4%  600097 +5%  000895 +5%

========================================================================================================
汇总:三个时点的基础概率
========================================================================================================
日期           案例              案例峰值          排名      该批中位      随机中位    该批≥100%    随机≥100%
2019-12-31   宁德时代         +288.9%       3/104    +67.5%    +35.7%      26.0%      15.4%
2024-05-31   生益电子         +199.7%        4/87    +25.6%    +41.8%       9.2%      18.4%
2024-01-31   宇通客车         +106.6%       3/105    +38.4%    +38.3%       3.8%      18.1%

========================================================================================================
必须一起说的话
========================================================================================================
  · **参数是拟合出来的**:条件④ 的 10% 容差正好卡在生益电子头上
    (MA100/MA300 = 0.9022,差 0.3% 就被排除)。
  · **三个时点是用户挑出来的日期**,存在选择偏差 ——
    这三张表只描述「这三天长什么样」,**不构成对信号的检验**。
  · **峰值是上帝视角**:§70 实测浮盈兑现率只有 13%~55%,
    §66 七只案例约 18%(泰格 峰值 +1076% → 实收 +198%)。
    **右尾密度提高 ≠ 钱变多。**

→ /home/user/oxq-panel/case_date_baserate.csv   (51s)
