宇通客车 600066  2013-01-04 ~ 2026-08-03

日期          成败        收盘    PB    ROE    ROE同比      净利同比      营收同比     换手率    距250高     过去3年   说明
2014-03-20  成       5.12  0.84  11.92     +nan     +nan%     +nan%   1.65%   -24.0%   +15.1%   第三段起涨 → +125.0%
2014-12-04  成       6.90  0.95  13.98    +5.62   +118.1%    +56.3%   3.18%    +0.0%   +55.1%   三段信号 → 6月 +90.9%
2022-10-10  成       5.33  0.87  -0.44    -1.39   -145.0%    -15.8%   0.37%   -37.4%   -43.1%   底部起涨 → +133.0%
2024-01-10  成      12.78  2.13   7.50    +6.61   +703.1%    +44.5%   2.10%    +0.0%    +4.2%   三段信号 → 6月 +91.0%
2017-07-21  败      13.93  2.22   2.30    -0.60    -16.5%    -24.5%   1.49%    +0.0%  +164.8%   三段信号 → 6月 +15.9%/12月 −25.6%
2018-03-09  败      14.59  2.43  13.79    -5.08    -16.4%    -12.3%   0.45%    -9.6%   +60.2%   顶部 → 156 日 −54.9%
2018-07-02  败      10.71  1.60   1.88    -0.42     -6.8%    +20.4%   1.08%   -33.6%   -14.0%   20 月线止损点
2021-03-08  败      11.74  1.75   0.95    -7.01    -88.2%    -34.8%   1.30%    -9.6%   -11.7%   顶部 → 99 日 −30.3%
2021-07-01  败       9.05  1.33  -0.73    +0.09   -177.5%    +29.0%   0.35%   -30.3%   -31.8%   跌势中
2025-09-01  ?      26.23  4.41  13.79    +9.17   +194.6%   +143.8%   1.03%    +0.0%  +335.7%   三段信号 → 6月 +23.9%

======================================================================================================================
成 vs 败:每个指标的中位数对比(成 4 个 / 败 5 个)
======================================================================================================================
指标                 成功组中位       失败组中位                 成功组范围                 失败组范围   是否完全不重叠
PB                  0.91        1.75          [0.84, 2.13]          [1.33, 2.43]   —
ROE                 9.71        1.88        [-0.44, 13.98]        [-0.73, 13.79]   —
ROE同比              +5.62       -0.60        [-1.39, +6.61]        [-7.01, +0.09]   —
净利同比             +118.1%      -16.5%    [-145.0%, +703.1%]      [-177.5%, -6.8%]   —
营收同比              +44.5%      -12.3%      [-15.8%, +56.3%]      [-34.8%, +29.0%]   —
换手率                1.87%       1.08%        [0.37%, 3.18%]        [0.35%, 1.49%]   —
距250高             -12.0%       -9.6%       [-37.4%, +0.0%]       [-33.6%, +0.0%]   —
过去3年               +9.6%      -11.7%      [-43.1%, +55.1%]     [-31.8%, +164.8%]   —

======================================================================================================================
盈利轨迹:关键年份的 ROE 与净利润(每年 6 月末快照)
======================================================================================================================
年           收盘     PB     ROE      净利润(亿)      营收(亿)      当年涨跌
2013      6.00   0.56    3.56        2.65       43.4    +32.8%
2014      5.91   0.83    3.73        3.55       44.2    +31.7%
2015     10.82   1.43    3.40        3.74       42.7    +45.0%
2016     11.85   1.98    2.90        3.79       51.3     -1.2%
2017     13.25   2.11    2.30        3.16       38.7    +29.3%
2018     10.61   1.59    1.88        2.95       46.6    -49.6%
2019      8.82   1.22    1.85        3.11       48.4    +24.2%
2020      9.06   1.23   -0.82       -1.43       28.1    +26.6%
2021      9.30   1.37   -0.73       -1.11       36.3    -30.3%
2022      6.68   1.02   -0.77       -1.16       35.3    -27.5%
2023     12.26   1.85    0.83        1.21       35.8    +89.3%
2024     21.44   3.26    4.62        6.57       66.2   +112.7%
2025     24.77   3.87    5.47        7.55       64.2    +33.9%
2026     34.64   4.92   38.03       55.54      414.3     +2.1%

→ /home/user/open-xquant/examples/ashare-bull-stock-study/results/case_yutong_why.csv

**4 成 5 败、一只股票。上面任何「完全不重叠」都可能是巧合,**
**且这些指标彼此高度相关(盈利差 → ROE 低 → 股价跌 → 过去 3 年为负),**
**不能当成四条独立证据。要变成结论只有一条路:上全样本。**
