/home/user/open-xquant/examples/ashare-bull-stock-study/rps_pool_study/case_yutong_13y_deep.py:70: RuntimeWarning: invalid value encountered in scalar divide
  三年区间位置=float((p[a] - np.nanmin(w7)) / (np.nanmax(w7) - np.nanmin(w7))),
宇通客车 600066   3265 个交易日   2013-01-04 ~ 2026-08-03
  买入持有 13 年:4.45 → 32.29 = **+625.6%**(年化 +16.4%)
  ZigZag θ=10%:上升腿 34 条,其中 ≥+80% 的 **3** 条

====================================================================================================
一、分年拆解:13 年的钱是哪几年赚的
====================================================================================================
年           年初      年末       年收益       年内最大回撤      日均换手   ≥+80%腿
2013      4.45    5.91    +32.8%        22.3%     0.21%        0
2014      5.89    7.76    +31.7%        19.6%     0.38%        1
2015      8.34   12.09    +45.0%        31.7%     0.60%        0
2016     11.45   11.31     -1.2%        17.3%     0.36%        0
2017     11.24   14.53    +29.3%        16.2%     0.42%        0
2018     14.59    7.36    -49.6%        57.0%     0.29%        0
2019      7.39    9.18    +24.2%        23.7%     0.49%        0
2020      9.29   11.76    +26.6%        22.3%     0.53%        0
2021     11.40    7.95    -30.3%        35.0%     0.59%        0
2022      7.94    5.76    -27.5%        35.5%     0.91%        1
2023      5.79   10.96    +89.3%        18.9%     0.87%        1
2024     11.06   23.53   +112.7%        27.5%     1.03%        0
2025     23.02   30.83    +33.9%        13.0%     0.73%        0
2026     31.62   32.29     +2.1%        27.8%     0.91%        0

====================================================================================================
二、3 条大涨腿 vs 另外 31 条上升腿:起涨**之前**的特征
====================================================================================================
特征                  大涨腿 1      大涨腿 2      大涨腿 3       其余中位             其余四分位   3 条是否都在其余的同一侧
前60日收益             -14.1%     -17.7%      -6.8%      -7.0%   [-13.1%, -1.3%]   —
前60日换手              0.25%      0.80%      0.68%      0.57%    [0.37%, 0.86%]   —
换手历史分位               0.66       0.87       0.79       0.77      [0.69, 0.87]   —
前60日量比               1.06       0.90       0.71       1.15      [0.90, 1.34]   全部 < 其余中位  **
距250日高             -24.0%     -37.4%     -17.6%     -22.3%  [-29.7%, -16.2%]   —
距750日高             -24.0%     -58.9%     -21.1%     -27.0%  [-44.9%, -16.9%]   —
过去750日收益           +15.1%     -43.1%      -6.3%     +17.8% [-27.1%, +114.1%]   全部 < 其余中位  **
三年区间位置               0.29       0.01       0.65       0.54      [0.18, 0.69]   —
流通市值亿                 186        154        274        308        [256, 396]   全部 < 其余中位  **

====================================================================================================
三、3 条大涨腿的明细
====================================================================================================
  1. 2014-03-20 → 2015-04-16   +125.0%   231 个交易日   流通市值 186 亿
     起涨前 60 日:收益 -14.1%  换手 0.25%(历史分位 0.66)  量比 1.06
     起涨点位置:  距 250 日高 -24.0%  距 750 日高 -24.0%  过去 750 日 +15.1%
  2. 2022-10-10 → 2023-07-04   +133.0%   178 个交易日   流通市值 154 亿
     起涨前 60 日:收益 -17.7%  换手 0.80%(历史分位 0.87)  量比 0.90
     起涨点位置:  距 250 日高 -37.4%  距 750 日高 -58.9%  过去 750 日 -43.1%
  3. 2023-11-09 → 2024-05-14   +138.4%   121 个交易日   流通市值 274 亿
     起涨前 60 日:收益 -6.8%  换手 0.68%(历史分位 0.79)  量比 0.71
     起涨点位置:  距 250 日高 -17.6%  距 750 日高 -21.1%  过去 750 日 -6.3%

====================================================================================================
四、五次三段信号 vs 买入持有(同期)
====================================================================================================
信号日                6个月峰值      6个月期末      12个月期末        同期持有到今天
2014-12-04         90.9%      84.8%       63.5%         368.0%
2017-07-21         15.9%       1.6%      -25.6%         131.8%
2020-08-06         21.5%     -11.8%      -17.6%         202.3%
2024-01-10         91.0%      62.0%      100.6%         152.7%
2025-09-01         23.9%       9.5%           —          23.1%

  五次信号 6 个月期末:中位 **+9.5%**、平均 +29.2%、最差 -11.8%、最好 +84.8%
  同期买入持有 13 年:**+625.6%**,期间最大回撤 **30.3%**

→ /home/user/open-xquant/examples/ashare-bull-stock-study/results/case_yutong_13y_uplegs.csv

**3 个正样本。上面任何「3 条都在同一侧」都可能是巧合(单个特征纯随机出现的概率约 2×(1/2)³ = 25%)。**
