宇通客车 600066   3265 个交易日   2013-01-04 ~ 2026-08-03   164 个月

================================================================================================
一、20 月线择时 vs 买入持有(全期 2013-01 ~ 2026-08)
================================================================================================
策略                      总收益       年化      最大回撤    2018 年     交易次数      持仓月占比
买入持有                +541.9%   +14.6%     29.5%    -49.3%        1     100.0%
MA10 月线             +246.2%    +9.5%     20.7%    -12.2%       29      59.1%
MA12 月线             +466.1%   +13.5%     20.7%    -12.2%       21      58.5%
MA20 月线  ←用户提的      +528.7%   +14.4%     20.7%    -25.8%       11      60.4%
MA24 月线             +407.6%   +12.6%     20.7%    -25.8%        9      57.3%

================================================================================================
二、20 月线的进出场明细(信号在月末,次月执行)
================================================================================================
月份        动作            月末收盘     MA20       区间收益
2014-09   ▲ 买入          6.39     5.73           
2017-01   ▼ 卖出         11.31    11.40     +77.0%
2017-02   ▲ 买入         11.70    11.37           
2018-05   ▼ 卖出         12.36    12.96      +5.6%
2018-06   ▲ 买入         13.27    12.99           
2018-07   ▼ 卖出         11.58    12.94     -12.7%
2020-01   ▲ 买入          9.18     8.93           
2020-05   ▼ 卖出          8.40     8.55      -8.5%
2020-08   ▲ 买入          9.47     8.73           
2021-05   ▼ 卖出          9.46     9.77      -0.1%
2023-03   ▲ 买入          7.66     6.83           
2026-08   持有中          32.29    27.77    +321.5%

================================================================================================
三、五次三段信号 + 20 月线止损(买入后持有至跌破 20 月线)
================================================================================================
信号日                买入价离场              离场价     持有月        收益     原 6 月期末
2014-12-04        6.902016-12       11.31      24    +63.9%      +84.8%
2017-07-21       13.932018-04       12.36       9    -11.3%       +1.6%
2020-08-06       10.682021-04        9.46       8    -11.4%      -11.8%
2024-01-10       12.78至今 2026-08    32.29      31   +152.7%      +62.0%
2025-09-01       26.23至今 2026-08    32.29      11    +23.1%       +9.5%

  五次「信号买入 + 20 月线止损」收益:中位 **+23.1%**、平均 +43.4%、最差 -11.4%、最好 +152.7%
  对照:五次的 6 个月期末中位 +9.5%;买入持有全期 +541.9%(回撤 29.5%);20 月线择时全期 +528.7%(回撤 20.7%)

→ /home/user/open-xquant/examples/ashare-bull-stock-study/results/case_yutong_ma20m.csv

**单只股票。20 月线在宇通身上避开了 2018,但那是 1 次事件,不能据此认为它在别处也有效。**
