读取 5233 个文件…
面板 (3297, 5232)  2013-01-04 ~ 2026-08-03  (28s)
预取完成  (72s)
  2016-04  状态 L1,577/A1,279  (81s)
  2019-08  状态 L5,673/A3,296  (97s)
  2022-12  状态 L11,804/A6,223  (118s)
  2026-04  状态 L19,550/A10,556  (147s)

锚点② 四格事件数恒等复现 §89:
  ✓ legacy|状态    19,704  (§89 19,704)
  ✓ legacy|突破    12,161  (§89 12,161)
  ✓ adaptive|状态    10,861  (§89 10,861)
  ✓ adaptive|突破     6,676  (§89 6,676)

====================================================================================================================
A 宇通 legacy 亮灯月份(18 个月)
====================================================================================================================
月份            调整天数      深度     缩量比     收敛比      现价     区间高   锚定强势日 ts
2015-12         46   14.6%    0.66    0.55   12.09   12.62   2015-10-28
2016-01         66   24.1%    0.65    0.68   10.04   12.62   2015-10-28
2016-02         82   25.4%    0.64    0.68   10.16   12.62   2015-10-28
2016-03        105   25.4%    0.63    0.62   10.42   12.62   2015-10-28
2016-04        125   25.4%    0.72    0.58   11.03   12.62   2015-10-28
2016-05        146   25.4%    0.73    0.56   11.32   12.62   2015-10-28
2016-06        166   25.4%    0.69    0.54   11.43   12.62   2015-10-28
2016-11         80   14.4%    0.76    0.67   12.15   13.51   2016-08-01
2016-12        102   18.1%    0.77    0.69   11.31   13.51   2016-08-01
2017-01        120   18.7%    0.79    0.64   11.70   13.51   2016-08-01
2017-12         17   10.1%    0.58    0.75   14.53   14.90   2017-12-06
2018-01         39   17.5%    0.76    0.75   13.23   15.56   2017-12-06
2018-03         76   17.5%    0.73    0.74   13.50   15.56   2017-12-06
2018-04         94   21.1%    0.72    0.76   12.36   15.56   2017-12-06
2018-05        116   21.1%    0.66    0.73   13.27   15.56   2017-12-06
2018-06        136   27.4%    0.63    0.72   11.58   15.56   2017-12-06
2023-11         89   16.0%    0.67    0.73   11.14   11.87   2023-07-20
2023-12        110   16.0%    0.62    0.66   10.96   11.87   2023-07-20

====================================================================================================================
B 宇通 legacy 突破日(4 次)与全样本分位
====================================================================================================================
  2016-07-15  (状态月 2015-12,距月末 131 个交易日)  收盘 12.63
      6个月  峰值   +6.4%   期末  -11.5%   全样本分位 **23.3%**
      12个月  峰值  +10.3%   期末   +7.9%   全样本分位 **22.6%**
  2017-07-21  (状态月 2016-11,距月末 156 个交易日)  收盘 13.93
      6个月  峰值  +15.9%   期末   +1.6%   全样本分位 **41.6%**
      12个月  峰值  +15.9%   期末  -25.6%   全样本分位 **30.6%**
  2018-01-03  (状态月 2017-12,距月末  2 个交易日)  收盘 15.31
      6个月  峰值   -1.5%   期末  -30.7%   全样本分位 **5.6%**
      12个月  峰值   -1.5%   期末  -50.8%   全样本分位 **3.7%**
  2024-01-08  (状态月 2023-11,距月末 26 个交易日)  收盘 12.14
      6个月  峰值 +101.1%   期末  +78.8%   全样本分位 **92.8%**
      12个月  峰值 +108.6%   期末 +103.8%   全样本分位 **84.6%**

====================================================================================================================
C 2024-01-08 同市值五分位(第 4 档)同侪 958 只 —— 6 个月峰值
====================================================================================================================
  中位        +15.7%
  75 分位     +29.0%
  90 分位     +43.2%
  99 分位     +93.9%
  ≥100% 的比例  **1.04%**   (10 / 958 只)
  **宇通 +101.1%   排名 10 / 958   分位 99.0%**

====================================================================================================================
D 第一段体检(接 §90 / §92 的劈分口径)
====================================================================================================================
  突破日 2016-07-15  锚定强势日 ts = 2015-10-28   ts 当天距 250 日高 **-10.6%**   ts 当天是新高: 否   [ts−60, ts] 窗口内创过新高: **否**
  突破日 2017-07-21  锚定强势日 ts = 2016-08-01   ts 当天距 250 日高 **-1.6%**   ts 当天是新高: 否   [ts−60, ts] 窗口内创过新高: **是**
  突破日 2018-01-03  锚定强势日 ts = 2017-12-06   ts 当天距 250 日高 **-11.8%**   ts 当天是新高: 否   [ts−60, ts] 窗口内创过新高: **是**
  突破日 2024-01-08  锚定强势日 ts = 2023-07-20   ts 当天距 250 日高 **-7.6%**   ts 当天是新高: 否   [ts−60, ts] 窗口内创过新高: **是**

====================================================================================================================
锚点核对
====================================================================================================================
  ✓ 锚点① 面板 (3297, 5232)
  ✓ 锚点② 四格事件数恒等复现 §89
  ✓ 锚点③ 宇通 legacy 突破日含 2024-01-08

  本节不设判据(结案陈述,非检验)。

→ /home/user/open-xquant/examples/ashare-bull-stock-study/results/case_yutong_closure.csv + _lit.csv   (150s)
