面板 (3297, 5232)  (58s)

锚点:60日新高 70,318 笔、组合全期 +6.34%(应 +6.34%)
锚点通过

======================================================================================================================
池:60日新高突破   全池 70,318 笔   OOS 42,609 笔   深度阈值(选择集中位) 0.354
======================================================================================================================
配置                            事件数     选中率      年均笔数       胜率       净期望        年化      最大回撤
【基线】不筛                     42,609  100.0%      6471   16.09%    +1.64%    -4.10%    -56.2%   (74s)
缩量 <0.8×                   17,852   41.9%      2711   15.29%    +1.18%    -5.03%    -50.9%   (78s)
波动收敛 <0.8×                 24,052   56.4%      3653   16.37%    +2.03%    -7.33%    -64.5%   (83s)
浅回调 ≤选择集中位                 17,661   41.4%      2682   17.79%    +1.03%    -4.97%    -59.7%   (87s)
**三条全中**                    4,364   10.2%       663   17.32%    -0.02%    +4.47%    -29.9%   (88s)
  随机对照 缩量 <0.8×(抽 17,852) 实际 -5.03%  中位 -3.09%  [-9.28%, +4.32%]  **p=0.6933**   (103s)
  随机对照 波动收敛 <0.8×(抽 24,052) 实际 -7.33%  中位 -3.33%  [-10.44%, +3.18%]  **p=0.8400**   (120s)
  随机对照 浅回调 ≤选择集中位(抽 17,661) 实际 -4.97%  中位 -3.12%  [-9.87%, +5.09%]  **p=0.7300**   (136s)
  随机对照 **三条全中**(抽 4,364) 实际 +4.47%  中位 +1.26%  [-7.87%, +11.60%]  **p=0.2800**   (149s)

  判定(①年化≥+7.22% ②p<0.0125,验证集未调参):
    缩量 <0.8×                 年化 -5.03% ✗   p=0.6933 ✗   **不算发现**
    波动收敛 <0.8×               年化 -7.33% ✗   p=0.8400 ✗   **不算发现**
    浅回调 ≤选择集中位               年化 -4.97% ✗   p=0.7300 ✗   **不算发现**
    **三条全中**                 年化 +4.47% ✗   p=0.2800 ✗   **不算发现**

======================================================================================================================
池:口袋支点   全池 64,641 笔   OOS 38,858 笔   深度阈值(选择集中位) 0.345
======================================================================================================================
配置                            事件数     选中率      年均笔数       胜率       净期望        年化      最大回撤
【基线】不筛                     38,858  100.0%      5901   17.87%    +1.93%   +11.45%    -40.1%   (160s)
缩量 <0.8×                   15,011   38.6%      2280   17.25%    +1.12%    +9.75%    -37.5%   (164s)
波动收敛 <0.8×                 19,889   51.2%      3021   18.76%    +2.20%   +14.32%    -45.6%   (168s)
浅回调 ≤选择集中位                 16,907   43.5%      2568   18.71%    +0.98%    +4.17%    -38.5%   (172s)
**三条全中**                    3,387    8.7%       514   18.84%    -0.43%    +1.00%    -32.2%   (173s)
  随机对照 缩量 <0.8×(抽 15,011) 实际 +9.75%  中位 +7.80%  [-0.23%, +15.50%]  **p=0.3500**   (188s)
  随机对照 波动收敛 <0.8×(抽 19,889) 实际 +14.32%  中位 +7.75%  [-0.13%, +15.74%]  **p=0.0533**   (204s)
  随机对照 浅回调 ≤选择集中位(抽 16,907) 实际 +4.17%  中位 +7.43%  [-0.20%, +15.73%]  **p=0.7900**   (219s)
  随机对照 **三条全中**(抽 3,387) 实际 +1.00%  中位 +5.19%  [-3.39%, +15.16%]  **p=0.8300**   (232s)

  判定(①年化≥+7.22% ②p<0.0125,验证集未调参):
    缩量 <0.8×                 年化 +9.75% ✓   p=0.3500 ✗   **不算发现**
    波动收敛 <0.8×               年化 +14.32% ✓   p=0.0533 ✗   **不算发现**
    浅回调 ≤选择集中位               年化 +4.17% ✗   p=0.7900 ✗   **不算发现**
    **三条全中**                 年化 +1.00% ✗   p=0.8300 ✗   **不算发现**

耗时 232s   Saved: consolidation_transfer.csv
