读取 5233 个文件…
  已剔除 510300(ETF),与全项目 universe 对齐
面板 (3297, 5232)  2013-01-04 ~ 2026-08-03  (40s)
预取序列(避免每月每股 reindex)…
预取完成  (60s)
市值载入完成  (91s)
  2014-12  累计事件 654  (95s)
  2016-12  累计事件 1,536  (101s)
  2018-12  累计事件 2,561  (110s)
  2020-12  累计事件 4,399  (122s)
  2022-12  累计事件 6,223  (136s)
  2024-12  累计事件 8,681  (153s)

逐月扫描完成:164 个月,**去重后新事件 10,861 个**  (168s)

========================================================================================================
全样本结果:2013-2026 逐月末扫描,去重后 10,861 个事件
========================================================================================================

  === 6个月 ===  有效事件 10,309
    峰值 中位 +21.2%
    **峰值 ≥50%  20.79%**   同市值随机 20.44%  [19.88%, 21.06%]
    **峰值 ≥100%  5.62%**   同市值随机 5.83%  [5.48%, 6.25%]
    期末 中位 **+1.2%**   期末>0 **52.0%**

  === 12个月 ===  有效事件 9,677
    峰值 中位 +35.8%
    **峰值 ≥50%  38.23%**   同市值随机 37.86%  [37.26%, 38.67%]
    **峰值 ≥100% 16.02%**   同市值随机 16.28%  [15.76%, 16.88%]
    期末 中位 **+3.6%**   期末>0 **54.3%**

========================================================================================================
逐年(6 个月口径)
========================================================================================================
年份           新事件      峰值中位     ≥50%    ≥100%      期末中位
2013         239    +24.2%    23.0%     2.5%     +6.6%
2014         415    +45.9%    45.8%    15.4%    +35.2%
2015         538    +36.6%    40.5%    15.6%     -9.5%
2016         344    +14.6%     9.9%     0.9%     -0.0%
2017         455     +8.0%     6.6%     0.9%    -11.8%
2018         570    +12.2%    12.3%     1.1%     -4.1%
2019         921    +17.3%    14.4%     2.5%     -4.5%
2020         917    +22.6%    19.6%     4.5%     -1.3%
2021         781    +23.9%    23.2%     7.4%     -0.8%
2022       1,043    +20.1%    15.7%     3.7%     +3.1%
2023       1,038     +9.5%     6.9%     1.2%    -11.4%
2024       1,420    +28.7%    26.6%     7.0%     +9.7%
2025       1,540    +29.3%    27.8%     8.8%    +10.0%
2026          88     +8.4%    11.4%     5.7%    -22.0%

========================================================================================================
锚点核对(不过则本节结论作废)
========================================================================================================
  ✓ 锚点① 面板 (3297, 5232)
  ✗ 锚点② 宇通在 2023-10/11 的月度新事件里
  ✓ 锚点③ 对照零校验:同市值随机 ≥100% 5.83% vs 全市场同期基础概率 6.19%(容差 3pp)

  **['锚点②'] 不过:本节结论作废。**

→ /home/user/oxq-panel/consolidation_cohort.csv  (+events/monthly)  (484s)
