面板 (3297, 5232)  2013-01-04 ~ 2026-08-03  (32s)
判定退市 261 只 / 5232 只有数据的标的 (5.0%)  (34s)
  退市年份分布: 2013:5, 2014:4, 2015:7, 2016:2, 2017:4, 2018:6, 2019:10, 2020:19, 2021:21, 2022:41, 2023:49, 2024:48, 2025:30, 2026:15
分段 8 段(红 4)  (34s)
  T0 ffill 冻结(§73 现状) 完成  (35s)
  T2 三板折价 30% 完成  (37s)
  T1 归零 完成  (39s)

========================================================================================================
三种退市口径下的四路分解(200 种子中位,13.5 年)
========================================================================================================
退市口径                            S1 不择时        S2 本系统        S3 全市场        择时贡献        池子贡献
T0 ffill 冻结(§73 现状)            +11.51%       +10.81%        +8.93%       -0.01       +0.03
T2 三板折价 30%                    +11.51%       +10.81%        +8.77%       -0.01       +0.03
T1 归零                          +11.51%       +10.81%        +8.73%       -0.01       +0.03

退市口径                             S1 回撤         S2 回撤         S3 回撤
T0 ffill 冻结(§73 现状)             -64.8%        -53.6%        -64.3%
T2 三板折价 30%                     -64.8%        -53.6%        -64.4%
T1 归零                           -64.8%        -53.6%        -64.4%

  沪深300 全程持有 年化 +5.80%(不受退市口径影响)

========================================================================================================
事前判据 vs 实际(判据跑前写死,未放宽)
========================================================================================================
  锚点 T0 复现 §73(+11.51/+10.81/+8.93)   +11.51%/+10.81%/+8.93%   ✓
  ① 归零口径下 S2 > 沪深300           +10.81% vs +5.80%   ✓
  ② 择时贡献三口径符号一致            -0.70% / -0.70% / -0.70%   ✓
  ③ 池子贡献三口径都为正              +2.59% / +2.75% / +2.78%   ✓

  **§73 的年化高估幅度:** S2 +10.81% → 归零口径 +10.81% = **+0.00pp**

  **结论:§73 的方向全部不变,只需把年化数字按上表下调。**
  **注意:池子贡献在归零口径下**变大**(+2.59% → +2.78%) —— 退市集中在老公司,§73 低估了次新池的优势。**

→ /home/user/oxq-panel/delisting_haircut.csv   (39s)
