读取 5233 个文件…
面板 (3297, 5232)  (44s)
  streak 矩阵 1,500/5,232  (61s)
  streak 矩阵 3,000/5,232  (73s)
  streak 矩阵 4,500/5,232  (86s)
  ✓ 锚点② 泰格四行复现雪球真值
  ✓ 锚点③ 泰格最长连增 21 期 @ 2022-05-05(期望 21 @ 2022-05-05)
预取完成  (140s)
财报公告事件 155,987

==========================================================================================================
6个月峰值 ≥100%  (描述)
==========================================================================================================
连增期数          事件数   streak中位    ≥100%      对照A  liftA      pA      对照B  liftB      pB     零校验
0          73,174          0    6.05%    5.90%   1.03  0.0550    8.10%   0.75  1.0000   0.01%
1–2        29,983          1    6.31%    6.16%   1.02  0.1150    8.73%   0.72  1.0000   0.00%
3–4        17,051          3    5.13%    5.45%   0.94  0.9800    7.65%   0.67  1.0000   0.01%
5–7        12,951          6    3.94%    4.19%   0.94  0.9550    5.91%   0.67  1.0000   0.01%
8+         13,313         11    3.08%    3.89%   0.79  1.0000    5.52%   0.56  1.0000   0.02%

==========================================================================================================
12个月峰值 ≥100%  (描述)
==========================================================================================================
连增期数          事件数   streak中位    ≥100%      对照A  liftA      pA      对照B  liftB      pB     零校验
0          67,686          0   16.03%   15.45%   1.04  0.0000   15.00%   1.07  0.0000   0.01%
1–2        28,212          1   17.74%   17.44%   1.02  0.0850   18.22%   0.97  0.9950   0.02%
3–4        16,070          3   11.44%   11.90%   0.96  0.9600   12.61%   0.91  1.0000   0.02%
5–7        12,210          6    9.72%   10.29%   0.95  0.9850   10.44%   0.93  1.0000   0.01%
8+         12,611         11    8.90%   10.11%   0.88  1.0000   10.64%   0.84  1.0000   0.01%

==========================================================================================================
24个月峰值 ≥200%  【判据口径】
==========================================================================================================
连增期数          事件数   streak中位    ≥200%      对照A  liftA      pA      对照B  liftB      pB     零校验
0          56,608          0    8.91%    8.34%   1.07  0.0000    8.87%   1.00  0.3350   0.00%
1–2        25,045          1    9.19%    9.01%   1.02  0.1650   10.26%   0.90  1.0000   0.02%
3–4        14,364          3    5.90%    6.37%   0.93  0.9900    6.77%   0.87  1.0000   0.01%
5–7        10,931          6    4.80%    5.81%   0.83  1.0000    6.09%   0.79  1.0000   0.00%
8+         11,238         11    6.10%    6.58%   0.93  0.9700    6.47%   0.94  0.9550   0.03%

==========================================================================================================
锚点核对(不过则全节作废)
==========================================================================================================
  ✓ 锚点① 面板 (3297, 5232)
  ✓ 锚点② 泰格四行
  ✓ 锚点③ 泰格 streak
  ✓ 锚点④ 恒等零校验 最大差 0.03% ≤ 3pp

==========================================================================================================
事前判据 vs 实际(判据跑前写死并单独提交,Bonferroni 0.05/10=0.005)
==========================================================================================================
  前置:8+ 档事件数 11,238 ≥ 300
  ✗ ① 8+ 档对照A  lift 0.93 ≥1.3 且 p 0.9700 < 0.005
  ✗ ② 8+ 档对照B  lift 0.94 ≥1.3 且 p 0.9550 < 0.005
  ✗ ③ 单调性 Spearman -0.60 ≥ +0.8   五档命中率 8.91% 9.19% 5.90% 4.80% 6.10%

  **结论:业绩持续性不构成「涨幅可持续更大」的来源。事前预测命中。**

→ /home/user/open-xquant/examples/ashare-bull-stock-study/results/earnings_streak.csv   (149s)
