读取 5233 个文件…
面板 (3297, 5232)  2013-01-04 ~ 2026-08-03  (43s)
基本面矩阵完成  (98s)
  ✗ 锚点③ 公告日校验:roe 变更 6,078,740 次,落在 6/12 月的 966,964 次 = 15.91% < 2%
预取完成  (111s)

三段突破事件 10,236 个;6 个月口径 9,598
  ✓ 锚点② §94 事件数恒等复现(期望 9,598)  (117s)

================================================================================================================
ROE同比 × 6个月峰值 ≥100%  【判据口径】   缺失 748 个不参与
================================================================================================================
半边         事件数    ≥100%      对照A  liftA      对照B  liftB      pB       率差    p(置换)     零校验
改善       4,804   10.41%    8.23%   1.26   10.20%   1.02  0.3350   +0.25%   0.0975   0.03%
恶化       4,046   10.16%    9.05%   1.12   10.92%   0.93  0.9600        —        —   0.03%

================================================================================================================
ROE同比 × 12个月峰值 ≥100%  (描述)   缺失 746 个不参与
================================================================================================================
半边         事件数    ≥100%      对照A  liftA      对照B  liftB      pB       率差    p(置换)     零校验
改善       4,245   23.13%   20.61%   1.12   21.91%   1.06  0.0050   -0.62%   0.6475   0.00%
恶化       3,481   23.76%   21.86%   1.09   22.56%   1.05  0.0450        —        —   0.03%

================================================================================================================
净利同比 × 6个月峰值 ≥100%  (描述)   缺失 736 个不参与
================================================================================================================
半边         事件数    ≥100%      对照A  liftA      对照B  liftB      pB       率差    p(置换)     零校验
改善       5,078    9.71%    8.20%   1.18   10.00%   0.97  0.7700   -1.44%   0.9495   0.02%
恶化       3,784   11.15%    9.22%   1.21   11.38%   0.98  0.6800        —        —   0.02%

================================================================================================================
净利同比 × 12个月峰值 ≥100%  (描述)   缺失 734 个不参与
================================================================================================================
半边         事件数    ≥100%      对照A  liftA      对照B  liftB      pB       率差    p(置换)     零校验
改善       4,535   22.69%   20.68%   1.10   21.86%   1.04  0.0400   -1.88%   0.9960   0.03%
恶化       3,203   24.57%   21.90%   1.12   22.82%   1.08  0.0050        —        —   0.03%

================================================================================================================
逐年:ROE 同比改善半边 vs 恶化半边(6 个月 ≥100% 率)
================================================================================================================
  2014  改善 n=  330 16.36%   恶化 n=  260 13.85%   差  +2.52%  ✓
  2015  改善 n=  306 46.08%   恶化 n=  318 42.45%   差  +3.63%  ✓
  2016  改善 n=  148  2.03%   恶化 n=  136  2.21%   差  -0.18%  ✗
  2017  改善 n=  256  2.34%   恶化 n=  119  1.68%   差  +0.66%  ✓
  2019  改善 n=  308  5.52%   恶化 n=  130  9.23%   差  -3.71%  ✗
  2020  改善 n=  401  9.98%   恶化 n=  486  6.79%   差  +3.18%  ✓
  2021  改善 n=  546  8.24%   恶化 n=  247  9.31%   差  -1.07%  ✗
  2022  改善 n=  283  3.53%   恶化 n=  246  5.69%   差  -2.16%  ✗
  2023  改善 n=  417  3.60%   恶化 n=  389  3.60%   差  -0.00%  ✗
  2024  改善 n=  642  7.01%   恶化 n=  519  6.55%   差  +0.46%  ✓
  2025  改善 n=  910 11.54%   恶化 n=  983  9.46%   差  +2.08%  ✓
  2026  改善 n=  151 11.26%   恶化 n=  154  7.14%   差  +4.12%  ✓

================================================================================================================
锚点核对(不过则全节作废)
================================================================================================================
  ✓ 锚点① 面板 (3297, 5232)
  ✓ 锚点② §94 事件数恒等复现
  ✗ 锚点③ 公告日校验(无前视)
  ✓ 锚点④ 恒等零校验 最大差 0.03% ≤ 3pp

================================================================================================================
事前判据 vs 实际(判据跑前写死并单独提交,未放宽)
================================================================================================================
  前置条件:改善 4,804 / 恶化 4,046,两半都 ≥300:是;逐年合格 12 年
  ✗ 判据① 率差 +0.25% ≥ 1.5% 且置换 p 0.0975 < 0.0125
  ✗ 判据② 改善半边 liftB 1.02 ≥ 1.3 且 p 0.3350 < 0.0125
  ✗ 判据③ 逐年改善>恶化 占比 58.3% ≥ 80%

  **['锚点③'] 不过:本节结论作废。**

→ /home/user/open-xquant/examples/ashare-bull-stock-study/results/earnings_turn.csv + _yearly.csv   (121s)
