读取 5233 个文件…
面板 (3297, 5232)  2013-01-04 ~ 2026-08-03  (111s)
  同比矩阵 1,500/5,232  (129s)
  同比矩阵 3,000/5,232  (140s)
  同比矩阵 4,500/5,232  (153s)
  ✓ 锚点③ 泰格四行:中报 53.07% 三季报 101.03% 年报 114.01% 一季报 121.07%
预取完成  (203s)

三段突破事件 10,236;6 个月口径 9,598  ✓ 锚点②(期望 9,598)  (208s)

============================================================================================================
A 部分:三段突破事件按净利同比方向劈分(6 个月峰值 ≥100%)
============================================================================================================
半边         事件数    ≥100%      对照A  liftA      对照B  liftB      pB       率差    p(置换)     零校验   缺失 1,006
改善       4,882    9.40%    8.11%   1.16    9.93%   0.95  0.9150   -2.00%   0.9900   0.02%
恶化       3,710   11.40%    9.16%   1.24   11.31%   1.01  0.4350        —        —   0.02%

============================================================================================================
B 部分:财报公告日按净利同比五分位(6 个月峰值 ≥100%)
============================================================================================================
  公告事件 150,681
档           同比中位      事件数    ≥100%      对照A  liftA      pA      对照B  liftB      pB     零校验
Q1       -178.5%   30,112    7.14%    5.95%   1.20  0.0000    8.36%   0.85  1.0000   0.02%
Q2        -42.5%   30,087    5.24%    5.65%   0.93  1.0000    8.04%   0.65  1.0000   0.01%
Q3         -0.6%   30,077    4.58%    5.44%   0.84  1.0000    7.53%   0.61  1.0000   0.01%
Q4         24.6%   30,087    4.60%    5.29%   0.87  1.0000    7.25%   0.63  1.0000   0.01%
Q5        138.5%   30,132    5.94%    5.34%   1.11  0.0000    7.38%   0.80  1.0000   0.01%

============================================================================================================
锚点核对(不过则全节作废)
============================================================================================================
  ✓ 锚点① 面板 (3297, 5232)
  ✓ 锚点② §94 事件数恒等复现
  ✓ 锚点③ 泰格四行复现雪球真值
  ✓ 锚点④ 恒等零校验 最大差 0.02% ≤ 3pp

============================================================================================================
事前判据 vs 实际(判据跑前写死并单独提交,Bonferroni 0.05/8=0.00625)
============================================================================================================
  A① 率差 -2.00% ≥1.5% 且 p 0.9900 < 0.00625   ✗
  A② 改善 liftB 0.95 ≥1.3 且 p 0.9150   ✗
  A③ 逐年占比 27.3% ≥80%   ✗
  B① Q5 liftA 1.11 ≥1.3 且 p 0.0000   ✗
  B② Q5 liftB 0.80 ≥1.3 且 p 1.0000   ✗
  B③ 逐年占比 75.0% ≥80%   ✗

  **U 形是否仍在**:Q1 7.14% / Q3 4.58% / Q5 5.94%  ->  **仍是 U 形 —— 我的诊断错了**

  **结论:修好口径后,盈利方向与盈利分档在右尾口径下仍然分不出东西。**
  **事前预测命中(A①②③、B①②③ 全不过)。**

→ /home/user/open-xquant/examples/ashare-bull-stock-study/results/earnings_fixed_rerun.csv   (215s)
