================================================================================================
锚点① 合成数据:GPD 估计器能否还原已知参数(不过则不许跑真数据)
================================================================================================
  ✓ 真 ξ=0.10 → 估 0.1065  (σ 估 0.9912,|Δξ|=0.0065)
  ✓ 真 ξ=0.30 → 估 0.3291  (σ 估 0.9828,|Δξ|=0.0291)
  ✓ 真 ξ=0.50 → 估 0.4955  (σ 估 1.0327,|Δξ|=0.0045)
  → 最大误差 0.0291 < 0.05,**通过**

面板 (3297, 5232)  2013-01-04 ~ 2026-08-03  (44s)
前瞻最大值完成  (50s)
逐月收集完成 135 月  (50s)

================================================================================================
点估计(全样本合并拟合,POT 阈值 u=+50%)
================================================================================================
组                                n      超阈率      n超阈      ξ 形状      σ 尺度
AGE_YOUNG 上市[1,3)年          56,170   35.45%   19,914    0.2687    0.5377
同市值随机对照                     55,314   36.29%   20,071    0.2515    0.5213
全市场                        445,686   35.19%  156,839    0.2405    0.5282

================================================================================================
锚点③ 外推一致性:GPD 外推的 P(≥G) vs 直接数出来的
================================================================================================
组                             门槛     EVT外推       直接数      相对误差
AGE_YOUNG 上市[1,3)年         ≥100%   15.458%   15.635%      1.1%
AGE_YOUNG 上市[1,3)年         ≥200%    4.421%    4.444%      0.5%
AGE_YOUNG 上市[1,3)年         ≥500%    0.442%    0.447%      1.2%
同市值随机对照                    ≥100%   15.367%   15.425%      0.4%
同市值随机对照                    ≥200%    4.165%    4.124%      1.0%
同市值随机对照                    ≥500%    0.369%    0.381%      3.3%
全市场                        ≥100%   14.998%   15.061%      0.4%
全市场                        ≥200%    4.040%    4.127%      2.1%
全市场                        ≥500%    0.341%    0.316%      8.0%

================================================================================================
判据①② 按月分块 bootstrap(200 次;250日窗口逐月重叠,不能按笔重抽)
================================================================================================
  Δξ  (次新 − 对照)  中位 +0.0164   95% CI [-0.0062, +0.0440]
  Δσ  (次新 − 对照)  中位 +0.0160   95% CI [-0.0011, +0.0326]

================================================================================================
事前判据 vs 实际(判据跑前写死并单独提交,未放宽)
================================================================================================
  ✓ 锚点① 合成数据还原 ξ,误差 0.0291 < 0.05
  ✓ 锚点② 面板 (3297, 5232)
  ✓ 锚点③ 全市场 P(≥500%) 外推相对误差 8.0% < 25%
  ✗ 判据① Δξ 的 95% CI 不含 0    [-0.0062, +0.0440]
  ✗ 判据② 方向为正(ξ 更大=尾更厚)  中位 +0.0164

  **结论:ξ 无显著差异 —— 次新股是「整体更高」,不是「尾更厚」。**
  **事前预测命中。**

→ /home/user/oxq-panel/evt_tail_index.csv   (51s)
