面板 (3297, 5232)  2013-01-04 ~ 2026-08-03  (39s)
个股均线完成  (44s)
个股月线 MACD 完成  (44s)
指数信号完成,红轴月 68 个  (44s)
  2015-09  池 78  (51s)
  2019-07  池 642  (68s)
  2020-10  池 304  (90s)
  2024-10  池 625  (108s)
完成 68 个红轴月  (121s)

========================================================================================================
离场规则 2×3 分解 + 基地计数(红轴入场,50 只等权,200 次自助)
========================================================================================================
规则                            实收/笔      峰值/笔     兑现率       组合       对照       超额       p
A1 个股破20周线                   +2.6%    +19.2%     13%    +4.3%    +4.7%    -0.4%   0.725
A2 个股破10月线                   +5.4%    +32.0%     17%    +6.8%    +7.1%    -0.3%   0.635
A3 个股月线MACD                 +17.6%    +71.6%     25%   +14.4%   +13.7%    +0.6%   0.250
B1 指数破20周线                   +0.7%    +19.0%      3%    +5.5%    +6.0%    -0.5%   0.795
B2 指数破10月线                   +3.5%    +35.5%     10%    +7.8%    +5.9%    +1.8%   0.005
B3 指数月线MACD                 +36.6%   +112.6%     33%   +30.1%   +26.8%    +3.3%   0.000
B3′ §70原口径(含前视)             +35.3%   +108.7%     32%   +26.5%   +21.5%    +5.0%   0.000
C  基地计数(第3基)                +25.3%    +82.0%     31%   +22.7%   +19.7%    +3.0%   0.010

========================================================================================================
事前判据 vs 实际(判据跑前写死,未放宽)
========================================================================================================
  ① 层级轴:市场版超额 ≥ 个股版 的对数 ≥ 2/3     2/3   ✓
       破20周线      个股 -0.4%  vs  市场 -0.5%   个股胜
       破10月线      个股 -0.3%  vs  市场 +1.8%   市场胜
       月线MACD     个股 +0.6%  vs  市场 +3.3%   市场胜
  ② 速度轴:慢档平均超额 > 快档                +1.98% vs -0.43%   ✓
  ③ 基地计数超额 p < 0.05                      p=0.010   ✓
  ④ 复现 §70 锚点(R1 +2.4% / R2 +5.2%)        A1 +2.6% / A2 +5.4%   ✓

  **§70 R5 前视偏差的量级:** 修正 B3 超额 +3.31%(p=0.000)  vs  原口径 B3′ +5.01%(p=0.000)  → 前视贡献 +1.71%

  **结论:层级与速度两个轴都成立;基地计数成立**

→ /home/user/oxq-panel/exit_level_vs_speed.csv   (124s)
