面板 (3297, 5232)  2013-01-04 ~ 2026-08-03  (38s)
均线完成  (42s)
红轴月 68 个  (42s)
  2015-09  池 78  (47s)
  2019-07  池 642  (65s)
  2020-10  池 304  (81s)
  2024-10  池 625  (95s)
完成 68 个红轴月  (102s)

========================================================================================================
六种离场规则:实收 vs 峰值(红轴入场,50 只等权,200 次自助)
========================================================================================================
规则                  实收/笔      峰值/笔      兑现率      组合年化      对照年化       p    ≥100%笔占比
R0 固定250日         +28.9%    +73.6%      39%    +25.1%    +23.3%   0.015       10.7%
R1 破20周线           +2.4%    +18.4%      13%     +4.1%     +4.2%   0.605        1.4%
R2 破10月线           +5.2%    +31.1%      17%     +6.6%     +6.6%   0.515        2.8%
R3 回撤20%           +9.0%    +40.4%      22%    +11.9%    +12.7%   0.870        4.0%
R4 乖离+50%         +35.2%    +64.6%      55%    +31.1%    +32.8%   0.950       11.9%
R5 红轴结束           +35.3%   +108.2%      33%    +26.2%    +21.6%   0.000       12.1%

========================================================================================================
事前判据 vs 实际(判据跑前写死,未放宽)
========================================================================================================
  ① 至少一条规则实收年化 ≥ 7.22%   最好 R4 乖离+50% +31.11%   ✓
  ② 该规则优于同市值档随机 p<0.05      p=0.950   ✗

  **浮盈兑现率(本节核心):** R0 39% / R1 13% / R2 17% / R3 22% / R4 55% / R5 33%
  区间 13% ~ 55%(§66 七只案例实测约 18%)

  **结论:不成立**

→ /home/user/oxq-panel/exposure_exit_rules.csv   (104s)
