读取 5233 个文件…
面板 (3297, 5232)  2013-01-04 ~ 2026-08-03  (111s)
预取完成  (155s)
  2016-04  状态 L1,577/A1,279  (164s)
  2019-08  状态 L5,673/A3,296  (180s)
  2022-12  状态 L11,804/A6,223  (200s)
  2026-04  状态 L19,550/A10,556  (229s)

事件数(锚点② 恒等复现 §89):
  ✓ legacy|状态    19,704  (§89 19,704)
  ✓ legacy|突破    12,161  (§89 12,161)
  ✓ adaptive|状态    10,861  (§89 10,861)
  ✓ adaptive|突破     6,676  (§89 6,676)

======================================================================================================================
6个月峰值 ≥100%  【判据口径】
======================================================================================================================
格               半边           事件数     占比    ≥100%       对照   lift      率差   lift差    p(置换)     零校验
legacy|状态       有新高          560   2.9%    6.25%    6.26%   1.00  +0.84%   -0.04   0.8600   0.05%
legacy|状态       无新高       18,437  97.1%    5.41%    5.19%   1.04       —       —        —   0.00%
legacy|突破       有新高          278   2.4%   11.87%    8.21%   1.45  +4.59%   +0.12   0.3340   0.07%
legacy|突破       无新高       11,367  97.6%    7.28%    5.50%   1.32       —       —        —   0.01%
adaptive|状态     有新高          143   1.4%    9.09%   10.14%   0.90  +3.52%   -0.05   0.7810   0.05%
adaptive|状态     无新高       10,166  98.6%    5.57%    5.92%   0.94       —       —        —   0.02%
adaptive|突破     有新高           74   1.1%   14.86%   12.68%   1.17  +7.87%   +0.03   0.4335   0.17%
adaptive|突破     无新高        6,394  98.9%    6.99%    6.11%   1.14       —       —        —   0.02%

======================================================================================================================
12个月峰值 ≥100%  (仅描述)
======================================================================================================================
格               半边           事件数     占比    ≥100%       对照   lift      率差   lift差    p(置换)     零校验
legacy|状态       有新高          462   2.6%   21.00%   20.67%   1.02  +6.07%   -0.01   0.6410   0.00%
legacy|状态       无新高       17,021  97.4%   14.93%   14.60%   1.02       —       —        —   0.02%
legacy|突破       有新高          231   2.2%   32.90%   28.28%   1.16 +15.41%   +0.08   0.1175   0.23%
legacy|突破       无新高       10,170  97.8%   17.49%   16.18%   1.08       —       —        —   0.00%
adaptive|状态     有新高          125   1.3%   24.00%   23.33%   1.03  +8.09%   +0.05   0.5290   0.67%
adaptive|状态     无新高        9,552  98.7%   15.91%   16.24%   0.98       —       —        —   0.02%
adaptive|突破     有新高           60   1.0%   30.00%   28.07%   1.07 +12.78%   +0.08   0.2400   0.50%
adaptive|突破     无新高        5,710  99.0%   17.22%   17.43%   0.99       —       —        —   0.02%

======================================================================================================================
锚点核对(不过则全节作废)
======================================================================================================================
  ✓ 锚点① 面板 (3297, 5232)
  ✓ 锚点② 四格事件数恒等复现 §89
  ✓ 锚点③ 恒等零校验 八半格最大差 0.17% ≤ 3pp

======================================================================================================================
事前判据 vs 实际(判据跑前写死并单独提交,未放宽)
======================================================================================================================
  前置条件:两半都 ≥300 的 1/4 格
  ✗ 判据① 率差≥1.5% 且 分块 p<0.0125   0 格
  ✗ 判据② lift 差≥0.15   0 格

  描述量:「有新高」占比 **2.2%**(事前预测 30%~60%;>85% 则「肯定伴随」在描述层面成立)

  **结论:第一段加不加「突破250新高」没有区别。事前预测命中。**

→ /home/user/open-xquant/examples/ashare-bull-stock-study/results/first_leg_newhigh.csv   (233s)
