事件 14,542
面板 (3297, 5232)  (48s)
财报日代理:全市场共 193,362 个「net_income 变化日」
板块共振序列就绪  (52s)
层一样本:启动 14,542 对照 14,542  (54s)

========================================================================================================
层一 描述性:启动股 vs 同日随机对照股(中位数)
========================================================================================================
指标                           启动股         对照股        倍数/差
板块共振                       0.011       0.011        1.00
启动速度                      15.000       0.000         nan
距财报天数                     34.000      35.000        0.97
启动前250日涨幅                  0.009      -0.052       -0.17
启动前距250日高                 -0.258      -0.273        0.95
涨停次数                       1.000       0.000         nan
换手分位                       0.627       0.494        1.27

  **P(启动日前5日内有财报)**:启动股 **12.4%**   对照股 10.3%   lift **1.20**

========================================================================================================
层二 归因(选择集 2014-2019,基准交易胜率 19.04%)
========================================================================================================
  锚点 ① 涨停≥3次: lift 0.81  (应 0.81 / 0.88)
  锚点 ① 换手分位高50%: lift 0.88  (应 0.81 / 0.88)

特征                              命中     P(赚钱|特征)    lift        p      早      晚    同向
B1 板块共振 高50%                 2,559       20.83%    1.09   0.1700   1.08   0.97     ✗
B2 财报邻近 ≤5日                    670       19.25%    1.01   0.8940   0.95   1.15     ✗
B3 启动速度 快50%                 2,490       17.79%    0.93   0.1060   0.98   0.82     ✓
B4 启动前250日涨幅 低50%            2,037       17.08%    0.90   0.0220   0.85   0.83     ✓
B5 启动前贴近250日高 <10%             808       18.07%    0.95   0.9680   0.89   1.49     ✗

  公平 best-of-5 噪音上界 **1.14**
    B1 板块共振 高50%               三条纪律 ✗
    B2 财报邻近 ≤5日                三条纪律 ✗
    B3 启动速度 快50%               三条纪律 ✗
    B4 启动前250日涨幅 低50%          三条纪律 ✗
    B5 启动前贴近250日高 <10%         三条纪律 ✗

  **通过三条纪律的:0 个**

→ first_leg_control.csv / first_leg_drivers.csv   (54s)
