读取 5233 个文件…
面板 (3297, 5232)  (60s)
首次新高事件 **21,876** 个
  ✓ 锚点② 四只案例:600066 9(期望 9)  301061 1(期望 1)  301004 2(期望 2)  300347 3(期望 3)
  ✓ 锚点③ 无前视:截断到 2020-12-31(前 1945 行)重算,事件 8,918 vs 8,918
预取完成  (114s)
可入场事件(t0+60 在面板内)21,560

====================================================================================================
6个月峰值 ≥100%  (描述)   入场 = 首次新高后第 60 日
====================================================================================================
后60日新高次数            事件数    ≥100%      对照A  liftA      pA     零校验
0                 2,394    5.47%    5.58%   0.98  0.5700   0.03%
1–5               9,661    6.17%    6.14%   1.01  0.4500   0.02%
6–15              6,810    9.82%    8.98%   1.09  0.0000   0.01%
16+               1,498   11.68%   11.48%   1.02  0.3400   0.03%

====================================================================================================
12个月峰值 ≥100%  (描述)   入场 = 首次新高后第 60 日
====================================================================================================
后60日新高次数            事件数    ≥100%      对照A  liftA      pA     零校验
0                 2,234   15.53%   15.78%   0.98  0.6200   0.13%
1–5               8,735   16.11%   15.98%   1.01  0.3500   0.02%
6–15              5,992   21.11%   19.60%   1.08  0.0000   0.03%
16+               1,332   22.00%   23.34%   0.94  0.9050   0.02%

====================================================================================================
24个月峰值 ≥200%  【判据口径】   入场 = 首次新高后第 60 日
====================================================================================================
后60日新高次数            事件数    ≥200%      对照A  liftA      pA     零校验
0                 1,756    8.88%    9.15%   0.97  0.6500   0.13%
1–5               6,923    8.67%    8.74%   0.99  0.6150   0.10%
6–15              5,182   10.15%    9.60%   1.06  0.0950   0.02%
16+               1,238    8.97%    9.83%   0.91  0.8200   0.03%

====================================================================================================
锚点核对(不过则全节作废)
====================================================================================================
  ✓ 锚点① 面板 (3297, 5232)
  ✓ 锚点② 四只案例事件数恒等复现
  ✓ 锚点③ 无前视截断校验
  ✓ 锚点④ 恒等零校验 最大差 0.13% ≤ 3pp

====================================================================================================
事前判据 vs 实际(判据跑前写死并单独提交,Bonferroni 0.00625)
====================================================================================================
  前置:16+ 档事件数 1,238 ≥ 300
  ✗ ① 16+ 对照A lift 0.91 ≥1.3 且 p 0.8200 < 0.00625
  ✗ ② 档间(同类事件)16+ 减 0 档 = **+0.08%** ≥5pp 且置换 p 0.8655 < 0.00625
  ✗ ③ 单调性 Spearman +0.60 ≥ +0.8   四档命中率 8.88% 8.67% 10.15% 8.97%

  **结论:连「首次新高后的持续性」也不带来同类事件之内的增量。**
  **事前预测被证伪 —— 我第二次押「会通过」,又错了。**

→ /home/user/open-xquant/examples/ashare-bull-stock-study/results/first_newhigh_persist.csv   (117s)
