读取 5233 个文件…
面板 (3297, 5232)  2013-01-04 ~ 2026-08-03  (28s)
预取完成  (71s)
  2016-04  状态 L1,577/A1,279  (80s)
  2019-08  状态 L5,673/A3,296  (96s)
  2022-12  状态 L11,804/A6,223  (117s)
  2026-04  状态 L19,550/A10,556  (146s)

事件数(锚点② 恒等复现 §89):
  ✓ legacy|状态    19,704  (§89 19,704)
  ✓ legacy|突破    12,161  (§89 12,161)
  ✓ adaptive|状态    10,861  (§89 10,861)
  ✓ adaptive|突破     6,676  (§89 6,676)

==============================================================================================================
A 诊断:最后一个强势日 ts 落在第一段的什么位置(n=49,402)
==============================================================================================================
  ts 距最近一次 250 日新高(交易日)  中位 **37**   四分位 [17, 139]   ts 当天就是新高的占比 **2.5%**
  ts 当天距 250 日高                 中位 **-17.6%**   四分位 [-27.0%, -10.0%]

======================================================================================================================
6个月峰值 ≥100%  【判据口径】   主口径 = 窗口 [ts−60, ts] 内任一天创 250 日新高
======================================================================================================================
格               半边           事件数     占比    ≥100%       对照   lift      率差   lift差    p(置换)     零校验     副口径占比
legacy|状态       有新高       11,758  61.9%    6.17%    5.57%   1.11  +1.93%   +0.20   0.7510   0.01%     61.9%
legacy|状态       无新高        7,239  38.1%    4.24%    4.68%   0.91       —       —        —   0.01%         —
legacy|突破       有新高        7,519  64.6%    8.43%    6.07%   1.39  +2.93%   +0.19   0.4245   0.02%     64.6%
legacy|突破       无新高        4,126  35.4%    5.50%    4.59%   1.20       —       —        —   0.02%         —
adaptive|状态     有新高        6,572  63.8%    6.28%    6.20%   1.01  +1.84%   +0.21   0.6760   0.05%     63.8%
adaptive|状态     无新高        3,737  36.2%    4.44%    5.52%   0.80       —       —        —   0.07%         —
adaptive|突破     有新高        4,230  65.4%    7.92%    6.63%   1.19  +2.42%   +0.14   0.4950   0.04%     65.4%
adaptive|突破     无新高        2,238  34.6%    5.50%    5.23%   1.05       —       —        —   0.00%         —

======================================================================================================================
12个月峰值 ≥100%  (仅描述)   主口径 = 窗口 [ts−60, ts] 内任一天创 250 日新高
======================================================================================================================
格               半边           事件数     占比    ≥100%       对照   lift      率差   lift差    p(置换)     零校验     副口径占比
legacy|状态       有新高       10,408  59.5%   16.99%   16.14%   1.05  +4.69%   +0.09   0.8875   0.01%     59.5%
legacy|状态       无新高        7,075  40.5%   12.30%   12.72%   0.97       —       —        —   0.03%         —
legacy|突破       有新高        6,446  62.0%   19.84%   18.14%   1.09  +5.28%   +0.02   0.6500   0.03%     62.0%
legacy|突破       无新高        3,955  38.0%   14.56%   13.61%   1.07       —       —        —   0.02%         —
adaptive|状态     有新高        5,991  61.9%   17.41%   17.22%   1.01  +3.65%   +0.08   0.8625   0.01%     61.9%
adaptive|状态     无新高        3,686  38.1%   13.75%   14.85%   0.93       —       —        —   0.06%         —
adaptive|突破     有新高        3,621  62.8%   18.75%   18.80%   1.00  +3.77%   +0.02   0.8250   0.02%     62.8%
adaptive|突破     无新高        2,149  37.2%   14.98%   15.37%   0.97       —       —        —   0.05%         —

======================================================================================================================
锚点核对(不过则全节作废)
======================================================================================================================
  ✓ 锚点① 面板 (3297, 5232)
  ✓ 锚点② 四格事件数恒等复现 §89
  ✓ 锚点③ 恒等零校验 八半格最大差 0.07% ≤ 3pp

======================================================================================================================
事前判据 vs 实际(判据跑前写死并单独提交,未放宽)
======================================================================================================================
  前置条件:两半都 ≥300 的 4/4 格(§90 只有 1/4)
  ✗ 判据① 率差≥1.5% 且置换 p<0.0125   0 格
  ✓ 判据② lift 差≥0.15   3 格

  描述量:「窗口内有新高」占比 **63.4%**(§90 时点口径 2.2%;事前预测 40%~75%,若仍 <10% 则我的诊断也错)

  **结论:两条只过一条,不足以认定(判据要求 ①② 都过)。**

→ /home/user/open-xquant/examples/ashare-bull-stock-study/results/first_leg_window.csv   (151s)
