============================================================================================
锚点① 泰格 300347 复现雪球真值
============================================================================================
公告日         报告期                累计净利       单季净利      本模块同比      雪球真值   差
2017-08-23  2017 中报         1.1963亿    0.7625亿     53.07%    53.07% 0.0029%
2017-10-31  2017 三季报        2.0036亿    0.8073亿    101.03%   101.03% 0.0021%
2018-04-20  2017 年报         3.0101亿    1.0065亿    114.01%   114.01% 0.0033%
2018-05-02  2018 一季报        0.9590亿    0.9590亿    121.07%   121.07% 0.0023%
  -> 锚点① ✓ 通过

============================================================================================
锚点② 报告期标签自洽(每年每期最多一次)
============================================================================================
  泰格 51 次公告,重复的 (年,期) 组合 0 个  -> ✓ 通过

============================================================================================
锚点③ 日历效应是否消失(抽样 400 只)
============================================================================================
  11,870 个事件
公告月           事件数       同比中位   (原始口径)
3             721       8.5%     +39.2%
4           4,005      -3.2%     −61.1%
5           1,098      -4.8%     −78.9%
7             117      22.8%           
8           2,730       0.9%     +82.4%
9             128     -15.7%           
10          2,332       0.2%     +40.6%
11            689       4.4%           

  4/5 月中位 -3.5%   8/10 月中位 +0.6%   差 **4.1%** ≤ 15pp = ✓ 通过
  原始口径该差为 122pp(−67.7% vs +54.2%) -> 已消除 96.6%

============================================================================================
三个锚点:全部通过 ✓ 本模块可用
============================================================================================
