事件 14,542(第六十一节口径)
面板 (3297, 5232)  (164s)

锚点1 突破池 70,318 笔(应 70,318)、净期望 +4.61%(应 +4.61%)
锚点1 通过

N/L 特征就绪  (198s)
  N1_启动前新高密度             有效 14,542  中位 0.007  [0.000, 0.316]  ✓ 取值域自检通过
  N2_买点前新高密度             有效 14,542  中位 0.000  [0.000, 0.433]  ✓ 取值域自检通过
  L1_群内龙头度               有效 13,378  中位 0.649  [0.000, 1.000]  ✓ 取值域自检通过
  群规模 中位 849  (≥2 才计入)

========================================================================================================
第一关 三条纪律(选择集 5,127 笔,基准交易胜率 19.04%)
========================================================================================================
  二值化(修复后):N1 > 0、N2 > 0(创过至少一次250日新高);L1 ≥ 0.631(选择集中位数,未改)
  选中率自检:N1=37.4%  N2=31.8%  L1=41.6%  **N1∩N2∩L1=11.6%

特征                              命中     P(赚钱|特征)    lift        p      早      晚    同向
N1 启动前创过新高                   1,906       19.57%    1.03   0.8900   0.98   1.15     ✗
N2 买点前创过新高                   1,625       18.58%    0.98   0.5860   0.90   0.99     ✓
L1 群内龙头度 高50%                2,118       18.98%    1.00   0.9760   0.88   1.09     ✗
**N1∩N2∩L1 三条全中**              593       20.74%    1.09   0.2980   0.84   1.27     ✗

  公平 best-of-4 噪音上界 **1.11**
    N1 启动前创过新高                 三条纪律 ✗
    N2 买点前创过新高                 三条纪律 ✗
    L1 群内龙头度 高50%              三条纪律 ✗
    **N1∩N2∩L1 三条全中**          三条纪律 ✗
  第一关通过的:**0 个**

锚点2 §61 三条全中:1,606 笔(应 1,606)、胜率 20.61%(应 20.61%)、年化 10.37%(应 +10.37%)
锚点2 通过

================================================================================================================
第二关 OOS 验证(2020-2026,判据:年化 ≥ +7.22% 且 p < 0.0125)
================================================================================================================
配置                               事件     选中率       胜率      净期望       年化       回撤      随机中位        p
【基线】全部OOS事件                   9,415  100.0%   15.43%    1.61%    1.50%   -62.0%         —        —
N1 启动前创过新高                    6,358   67.5%   15.41%    1.00%    2.04%   -58.8%     8.89%   0.9367  ✗
N2 买点前创过新高                    4,795   50.9%   13.93%    1.27%    3.52%   -61.3%     7.58%   0.7800  ✗
L1 群内龙头度 高50%                 4,838   51.4%   15.44%    1.55%    3.78%   -53.7%     8.37%   0.7967  ✗
**N1∩N2∩L1 三条全中**             2,164   23.0%   14.56%    1.37%   -2.02%   -57.3%     6.61%   0.9767  ✗

  **随机对照中位数 6.61% ~ 8.89%** (第六十三节同一口径是 5.31%~6.46%)

========================================================================================================
事前判据 vs 实际
========================================================================================================
               配置   事件        年化        p   过年化    过p   算发现
       N1 启动前创过新高 6358  0.020377 0.936667 False False False
       N2 买点前创过新高 4795  0.035166 0.780000 False False False
    L1 群内龙头度 高50% 4838  0.037778 0.796667 False False False
**N1∩N2∩L1 三条全中** 2164 -0.020199 0.976667 False False False

  第一关三条纪律通过:**0 个**
  第二关两条判据同时通过:**0 格**
  **结论:不算发现** —— 事前声明 N/L 只此一轮,不回头调窗口、不换二值化

→ leader_path_features.csv / leader_path_raw.csv  (238s)
