事件 14,542(第六十一节口径)
面板 (3297, 5232)  (52s)

锚点1 突破池 70,318 笔(应 70,318)、净期望 +4.61%(应 +4.61%)
锚点1 通过

N/L 特征就绪  (90s)
  N1_启动前新高密度             有效 14,542  中位 0.007  [0.000, 0.316]  ✓ 取值域自检通过
  N2_买点前新高密度             有效 14,542  中位 0.000  [0.000, 0.433]  ✓ 取值域自检通过
  L1_群内龙头度               有效 13,378  中位 0.649  [0.000, 1.000]  ✓ 取值域自检通过
  群规模 中位 849  (≥2 才计入)

========================================================================================================
第一关 三条纪律(选择集 5,127 笔,基准交易胜率 19.04%)
========================================================================================================
  二值化阈值(选择集中位数,验证集不重算):N1≥0.000  N2≥0.000  L1≥0.631

特征                              命中     P(赚钱|特征)    lift        p      早      晚    同向
N1 启动前新高密度 高50%              5,105       19.12%    1.00   0.0300   1.01   1.00     ✗
N2 买点前新高密度 高50%              5,105       19.12%    1.00   0.0300   1.01   1.00     ✗
L1 群内龙头度 高50%                2,118       18.98%    1.00   0.9760   0.88   1.09     ✗
**N1∩N2∩L1 三条全中**            2,118       18.98%    1.00   0.9760   0.88   1.09     ✗

  公平 best-of-4 噪音上界 **1.02**
    N1 启动前新高密度 高50%            三条纪律 ✗
    N2 买点前新高密度 高50%            三条纪律 ✗
    L1 群内龙头度 高50%              三条纪律 ✗
    **N1∩N2∩L1 三条全中**          三条纪律 ✗
  第一关通过的:**0 个**

锚点2 §61 三条全中:1,606 笔(应 1,606)、胜率 20.61%(应 20.61%)、年化 10.37%(应 +10.37%)
锚点2 通过

================================================================================================================
第二关 OOS 验证(2020-2026,判据:年化 ≥ +7.22% 且 p < 0.0125)
================================================================================================================
配置                               事件     选中率       胜率      净期望       年化       回撤      随机中位        p
【基线】全部OOS事件                   9,415  100.0%   15.43%    1.61%    1.50%   -62.0%         —        —
N1 启动前新高密度 高50%               9,415  100.0%   15.43%    1.61%    1.50%   -62.0%     9.08%   0.9600  ✗
N2 买点前新高密度 高50%               9,415  100.0%   15.43%    1.61%    1.50%   -62.0%     8.54%   0.9633  ✗
L1 群内龙头度 高50%                 4,838   51.4%   15.44%    1.55%    3.78%   -53.7%     8.36%   0.8700  ✗
**N1∩N2∩L1 三条全中**             4,838   51.4%   15.44%    1.55%    3.78%   -53.7%     8.33%   0.8533  ✗

  **随机对照中位数 8.33% ~ 9.08%** (第六十三节同一口径是 5.31%~6.46%)

========================================================================================================
事前判据 vs 实际
========================================================================================================
               配置   事件       年化        p   过年化    过p   算发现
  N1 启动前新高密度 高50% 9415 0.015009 0.960000 False False False
  N2 买点前新高密度 高50% 9415 0.015009 0.963333 False False False
    L1 群内龙头度 高50% 4838 0.037778 0.870000 False False False
**N1∩N2∩L1 三条全中** 4838 0.037778 0.853333 False False False

  第一关三条纪律通过:**0 个**
  第二关两条判据同时通过:**0 格**
  **结论:不算发现** —— 事前声明 N/L 只此一轮,不回头调窗口、不换二值化

→ leader_path_features.csv / leader_path_raw.csv  (146s)
