读取 5233 个文件…
面板 (3297, 5232)  2013-01-04 ~ 2026-08-03  (140s)
月末矩阵 (164, 5232)   (141s)
有效股票(≥60 个月)  **4,371** / 5,232
  MA10 完成  (141s)
  MA12 完成  (142s)
  MA20 完成  (142s)
  MA24 完成  (142s)

====================================================================================================
全样本结果(4,371 只;中位数)
====================================================================================================
口径               总收益中位      年化中位       最大回撤中位       回撤更小占比       年化更高占比       交易次数中位      持仓占比
买入持有            +26.4%     +2.1%        72.7%            —            —            1    100.0%
MA10 月线         -10.2%     -1.0%        65.0%        67.2%        35.0%           24     35.4%
MA12 月线         -11.6%     -1.1%        65.4%        66.2%        33.8%           20     35.1%
MA20 月线 ←主      -18.4%     -1.9%        64.6%        66.0%        30.4%           16     32.7%
MA24 月线         -23.1%     -2.6%        63.9%        68.5%        28.4%           14     31.3%

====================================================================================================
逐年:当年 MA20 回撤 < 买入持有回撤 的股票占比
====================================================================================================
  2013  n=2,291  回撤更小占比  99.8%  ✓
  2014  n=2,381  回撤更小占比  79.3%  ✓
  2015  n=2,481  回撤更小占比  28.3%  ✗
  2016  n=2,668  回撤更小占比  65.7%  ✓
  2017  n=2,937  回撤更小占比  77.3%  ✓
  2018  n=3,325  回撤更小占比  94.5%  ✓
  2019  n=3,431  回撤更小占比  77.9%  ✓
  2020  n=3,629  回撤更小占比  51.9%  ✗
  2021  n=4,036  回撤更小占比  59.5%  ✗
  2022  n=4,371  回撤更小占比  64.9%  ✓
  2023  n=4,371  回撤更小占比  62.1%  ✓
  2024  n=4,371  回撤更小占比  74.3%  ✓
  2025  n=4,371  回撤更小占比  34.5%  ✗
  2026  n=4,371  回撤更小占比  51.5%  ✗

====================================================================================================
锚点核对(不过则全节作废)
====================================================================================================
  ✓ 锚点① 面板 (3297, 5232)
  ✗ 锚点② 宇通 MA20 恒等复现:总收益 +528.7%(期望 +528.7%)、回撤 35.8%(期望 20.7%)、交易 11 次(期望 11)
  ✓ 锚点③ 无前视校验:截断到 2020-12-31(前 96 个月)重算持仓一致

====================================================================================================
事前判据 vs 实际(判据跑前写死并单独提交,未放宽)
====================================================================================================
  前置条件:有效股票 4,371 ≥ 1000
  ✗ 判据① 降回撤:回撤更小的股票占比 66.0% ≥ 80%
  ✗ 判据② 不牺牲收益:年化中位 -1.94% ≥ +2.14% − 2% = +0.14%
  ✗ 判据③ 逐年一致:合格年份占比 64.3% ≥ 80%

  **['锚点②'] 不过:本节结论作废。**

  交易成本复核:交易次数中位 16 次,按双边 0.15% 折算约 2.40%,摊到 13.7 年约 0.176%/年
  **参数说明:20 是用户按月线图指的,不是我调的;若结论只在 20 上成立而 10/12/24 不成立,以上表为准,必须在正文里说。**

→ /home/user/open-xquant/examples/ashare-bull-stock-study/results/ma20m_timing.csv + _yearly.csv   (143s)
