面板 (3297, 5232)  2013-01-04 ~ 2026-08-03  (32s)
个股均线完成  (45s)
指数 20 日线完成:站上 54.5% 的交易日  (45s)

========================================================================================================
A 部分:广度分解 —— 个股均线状态里有多少是市场的
========================================================================================================
① 条件概率:指数站上/站下自己的 20 日线时,个股站上各自均线的比例
个股均线                       指数站上时       指数站下时         差       全样本
20日线                       63.7%       32.6%    +31.1%     49.6%
60日线                       57.8%       35.8%    +22.0%     47.8%
20周线(MA100)                55.1%       37.6%    +17.5%     47.2%
60周线(MA300)                54.9%       41.3%    +13.5%     48.8%

② 广度分布(当日全市场站上该均线的比例)
个股均线                      5%分位        中位     95%分位
20日线                     12.2%     48.2%     92.1%
60日线                     11.2%     44.9%     95.8%
20周线(MA100)              11.3%     43.0%     96.3%
60周线(MA300)              10.7%     46.3%     94.3%

③ 单只股票的均线状态,有多少能被当日市场广度解释(相关系数 r 的分布)
个股均线                       r中位       r均值      r²中位      样本股数
20日线                     0.498     0.484     0.248     5,170
60日线                     0.503     0.490     0.253     5,158
20周线(MA100)              0.499     0.483     0.249     5,132
60周线(MA300)              0.528     0.495     0.278     5,060
  (48s)
逐月完成 150 月  (85s)

================================================================================================================
B1:**绝对胜率** —— 相同信号之下,未来 250 日峰值达到各门槛的比例
    (lift 是比值,会把稀有事件说得很动听;这张表是原始概率)
================================================================================================================
信号                             指数态    ≥100% 信号       随机    ≥200% 信号       随机    ≥500% 信号       随机
UP_20 站上20日线                    全部      16.44%   16.19%       4.64%    4.58%       0.34%    0.33%
UP_20 站上20日线                    站上      19.28%   18.81%       5.94%    5.84%       0.43%    0.43%
UP_20 站上20日线                    站下      14.03%   13.96%       3.53%    3.51%       0.26%    0.25%

UP_60 站上60日线                    全部      16.68%   16.18%       4.78%    4.58%       0.33%    0.33%
UP_60 站上60日线                    站上      19.56%   18.80%       5.97%    5.83%       0.42%    0.43%
UP_60 站上60日线                    站下      14.23%   13.96%       3.76%    3.51%       0.25%    0.25%

UP_100 站上20周线(MA100)            全部      16.83%   16.09%       4.85%    4.55%       0.33%    0.33%
UP_100 站上20周线(MA100)            站上      19.65%   18.80%       6.08%    5.83%       0.43%    0.43%
UP_100 站上20周线(MA100)            站下      14.43%   13.80%       3.80%    3.47%       0.25%    0.24%

UP_300 站上60周线(MA300)            全部      16.52%   16.18%       4.65%    4.58%       0.30%    0.33%
UP_300 站上60周线(MA300)            站上      19.30%   18.80%       5.94%    5.83%       0.40%    0.43%
UP_300 站上60周线(MA300)            站下      14.16%   13.96%       3.56%    3.51%       0.22%    0.24%

SMALL_MV 市值最小档(零锚点)             全部      21.19%   20.21%       6.50%    6.34%       0.57%    0.62%
SMALL_MV 市值最小档(零锚点)             站上      23.29%   22.76%       8.15%    8.17%       0.70%    0.81%
SMALL_MV 市值最小档(零锚点)             站下      19.41%   18.04%       5.10%    4.78%       0.45%    0.45%

================================================================================================================
B2:右尾密度 lift(§77 同一台机器:同月同市值五分位随机抽同样多只)
================================================================================================================
信号                             指数态    月数    ≥100%       p    ≥200%       p    ≥500%       p
UP_20 站上20日线                    全部   135     1.02  0.0000     1.01  0.1450     1.02  0.2800
UP_20 站上20日线                    站上    62     1.02  0.0000     1.02  0.0250     1.00  0.4050
UP_20 站上20日线                    站下    73     1.00  0.3300     1.01  0.3550     1.05  0.2900

UP_60 站上60日线                    全部   135     1.03  0.0000     1.04  0.0000     1.00  0.5050
UP_60 站上60日线                    站上    62     1.04  0.0000     1.02  0.0250     0.98  0.6350
UP_60 站上60日线                    站下    73     1.02  0.0800     1.07  0.0050     1.02  0.4050

UP_100 站上20周线(MA100)            全部   135     1.05  0.0000     1.07  0.0000     0.99  0.5150
UP_100 站上20周线(MA100)            站上    62     1.05  0.0000     1.04  0.0000     0.98  0.6300
UP_100 站上20周线(MA100)            站下    73     1.05  0.0000     1.10  0.0000     1.01  0.4150

UP_300 站上60周线(MA300)            全部   135     1.02  0.0050     1.02  0.0750     0.92  0.9750
UP_300 站上60周线(MA300)            站上    62     1.03  0.0050     1.02  0.0750     0.94  0.9100
UP_300 站上60周线(MA300)            站下    73     1.01  0.1000     1.01  0.2700     0.89  0.9350

SMALL_MV 市值最小档(零锚点)             全部   135     1.05  0.0000     1.03  0.0000     0.91  1.0000
SMALL_MV 市值最小档(零锚点)             站上    62     1.02  0.0000     1.00  0.5950     0.86  1.0000
SMALL_MV 市值最小档(零锚点)             站下    73     1.08  0.0000     1.07  0.0000     0.99  0.5850

========================================================================================================
C 部分:三只案例在这个框架里长什么样
========================================================================================================
案例          日期              指数20日                20日线                60日线              20周线(M              60周线(M
                                             距离/全市场分位            距离/全市场分位            距离/全市场分位            距离/全市场分位
宁德时代        2019-12-31         站上        +10.7% / 95%        +29.9% / 98%        +35.4% / 98%        +36.8% / 92%
生益电子        2024-05-31         站下        +12.3% / 99%       +38.7% / 100%       +49.5% / 100%        +34.9% / 98%
宇通客车        2024-01-31         站下         -0.4% / 93%         +9.7% / 99%        +11.1% / 98%        +30.1% / 99%

当日全市场广度(站上该均线的比例):
  宁德时代      2019-12-31  20日线 78%  60日线 73%  20周线(M 62%  60周线(M 55%
  生益电子      2024-05-31  20日线 25%  60日线 40%  20周线(M 40%  60周线(M 23%
  宇通客车      2024-01-31  20日线 6%  60日线 6%  20周线(M 7%  60周线(M 9%

========================================================================================================
锚点核对(不过则本节结论作废)
========================================================================================================
  ✓ 面板维度                                     (3297, 5232)   (期望 (3297, 5232))
  ✓ 688183 收盘 @2024-05-31                    14.49   (期望 14.49)
  ✓ 688183 MA100                             9.69   (期望 9.69)
  ✓ 688183 MA300                             10.74   (期望 10.74)
  ✓ 零锚点 SMALL_MV lift@≥100%                  1.05   (期望 1.0)
  ✓ 零锚点 SMALL_MV lift@≥200%                  1.03   (期望 1.0)
  ✓ 零锚点 SMALL_MV lift@≥500%                  0.91   (期望 1.0)

  **锚点全部通过**

→ /home/user/oxq-panel/ma_state_breadth.csv   (85s)
