读取 5233 个文件…
面板 (3297, 5232)  (65s)
首次新高事件 21,876  ✓ 锚点②(期望 21,876)
  ✓ 锚点③ 四只:6000669/9 3010611/1 3010042/2 3003473/3
  ✓ 锚点④ 无前视:截断到 2020-12-31 重算卖出日一致
预取完成  (73s)
可比事件(t0+500 在面板内)15,413   24 个月内未跌破 10 周线的占比 **1.0%**

================================================================================================
规则对比(入场 = 首次新高日收盘)
================================================================================================
规则                               中位实收       均值实收     实收≥200%      实收>0      中位持有日
A 10周线不破就持有(用户)                 -6.0%       1.6%       0.38%     31.8%         29
B 固定持有 500 日(24月)               -2.7%      14.3%       2.79%     46.6%        500
C 固定持有 120 日(6月)                -5.0%       4.1%       0.55%     41.8%        120

  峰值(未实现)口径:A 中位 +10.0% / ≥200% 1.23%   B 中位 +47.1% / ≥200% 10.87%

================================================================================================
锚点核对(不过则全节作废)
================================================================================================
  ✓ 锚点① 面板 (3297, 5232)
  ✓ 锚点② 事件数
  ✓ 锚点③ 四只案例
  ✓ 锚点④ 无前视

================================================================================================
事前判据 vs 实际(判据跑前写死并单独提交,Bonferroni 0.00833)
================================================================================================
  前置:可比事件 15,413 ≥ 1000
  ✗ ① 实收不亏:A 中位 -5.96% ≥ B 中位 -2.70%
  ✗ ② 不削右尾:A 实收≥200% 0.38% ≥ 90%×B 2.79% = 2.51%
  ✗ ③ 跌破=趋势结束:跌破后 250 日内再创 250 日新高的比例 **59.7%** < 20%   (n=15,260)

  **结论:用户的规则不成立,详见上表。**

→ /home/user/open-xquant/examples/ashare-bull-stock-study/results/newhigh_ma50_exit.csv   (75s)
