读取 5233 个文件…
面板 (3297, 5232)  2013-01-04 ~ 2026-08-03  (32s)
  ✓ 锚点② RPS60 恒等校验:(RPS60>90) == STRONG
  ✓ 锚点③ 无前视校验:截断到 2020-12-31(前 1945 行)重算 NEWHI 一致
预取完成  (63s)

========================================================================================================
6个月峰值 ≥100%  【判据口径】
========================================================================================================
  事件数 22,465   新高组 ≥100% = 6.66%
  对照A 同市值随机           7.73%   lift 0.86   p 1.0000   零校验 0.01%   格子跳过 0.0%
  对照C 同市值+同RPS60分位   8.93%   lift 0.75   p 1.0000   零校验 0.00%   格子跳过 0.0%

========================================================================================================
12个月峰值 ≥100%  (仅描述)
========================================================================================================
  事件数 19,639   新高组 ≥100% = 14.35%
  对照A 同市值随机           20.52%   lift 0.70   p 1.0000   零校验 0.02%   格子跳过 0.0%
  对照C 同市值+同RPS60分位   21.52%   lift 0.67   p 1.0000   零校验 0.04%   格子跳过 0.0%

========================================================================================================
逐年稳定性(对照A,6 个月口径)
========================================================================================================
  2013  n=  645  ≥100%  5.74%  对照A  2.17%  lift  2.64  ✓
  2014  n=1,937  ≥100% 23.64%  对照A 17.86%  lift  1.32  ✓
  2015  n=2,527  ≥100% 17.02%  对照A 19.92%  lift  0.85  ✗
  2016  n=  478  ≥100%  0.63%  对照A  1.20%  lift  0.52  ✗
  2017  n=  958  ≥100%  1.36%  对照A  0.92%  lift  1.48  ✓
  2018  n=  591  ≥100%  0.51%  对照A  0.85%  lift  0.59  ✗
  2019  n=  880  ≥100%  2.61%  对照A  3.27%  lift  0.80  ✗
  2020  n=1,630  ≥100%  6.01%  对照A  5.50%  lift  1.09  ✓
  2021  n=1,890  ≥100%  5.13%  对照A  4.96%  lift  1.03  ✓
  2022  n=1,345  ≥100%  1.19%  对照A  2.58%  lift  0.46  ✗
  2023  n=2,205  ≥100%  1.13%  对照A  1.24%  lift  0.91  ✗
  2024  n=2,941  ≥100%  1.90%  对照A  4.13%  lift  0.46  ✗
  2025  n=4,048  ≥100%  5.01%  对照A  8.26%  lift  0.61  ✗
  2026  n=  390  ≥100%  8.72%  对照A  7.94%  lift  1.10  ✓

========================================================================================================
锚点核对(不过则全节作废)
========================================================================================================
  ✓ 锚点① 面板 (3297, 5232)
  ✓ 锚点② RPS60 恒等校验
  ✓ 锚点③ 无前视校验
  ✓ 锚点④ 恒等零校验 最大差 0.04% ≤ 3pp

========================================================================================================
事前判据 vs 实际(判据跑前写死并单独提交,未放宽)
========================================================================================================
  前置条件:事件数 22,465 ≥ 300;逐年合格 14 年
  ✗ 判据① 对照A  lift 0.86 ≥ 1.3 且 p 1.0000 < 0.0125
  ✗ 判据② 对照C  lift 0.75 ≥ 1.3 且 p 1.0000 < 0.0125
  ✗ 判据③ 逐年 lift>1.0 占比 42.9% ≥ 80%

  **结论:新高溢价在右尾口径下不成立。**

→ /home/user/open-xquant/examples/ashare-bull-stock-study/results/newhigh_premium.csv + _yearly.csv   (65s)
