面板 (3297, 5232)  2013-01-04 ~ 2026-08-03  (77s)

上市年龄用面板自带 listed_days(自然日),窗口 [365, 1095]
  有 listed_days 的股票日占比: 68.34%
  次新股票日占比: 12.79%  (77s)
可用突破事件 70,310  (78s)

锚点 全量 70,310 笔:交易级净期望 **+4.61%**(应 +4.61%)、组合年化 **+6.34%**(应 +6.34%)  (101s)
  锚点通过 —— 引擎与第五十四节完全一致,后面只换事件集合

60,650 个事件(dp≥575)的切分:  (126s)
  次新(上市 365~1095 自然日)   8,271 (13.64%)
  平底(箱体)                     15,801 (26.05%)
  **次新 × 平底(主检验)**          1,739 ( 2.87%)

======================================================================================================================
交易级 + 组合级(RULE_A,引擎未改)
======================================================================================================================
事件子集                            事件数     选中率      胜率      毛期望      净期望       年化  Sharpe      最大回撤     年均笔数
【对照】dp≥NEED 全部               60,650  100.0%   15.7%   +1.32%   +1.02%   -1.14%   0.065    -62.3%       23   (144s)
仅次新                           8,271   13.6%   12.6%   +1.52%   +1.22%   -2.79%  -0.031    -64.2%       19   (147s)
仅平底                          15,801   26.1%   19.1%   +3.20%   +2.90%   +2.22%   0.217    -54.1%       15   (153s)
**次新 × 平底**                   1,739    2.9%   17.0%   +5.64%   +5.34%   +2.48%   0.232    -45.4%       14   (154s)

======================================================================================================================
两段分开(分界 2020-01-01;IPO 成批停发会让次新池自带年份聚集)
======================================================================================================================
子集                            13-19 笔数     13-19 净期望    20-25 笔数     20-25 净期望     同向
【对照】dp≥NEED 全部                  18,041        -0.43%      42,609        +1.64%      ✗
仅次新                              2,629        +3.42%       5,642        +0.20%      ✓
仅平底                              4,765        +2.01%      11,036        +3.28%      ✓
**次新 × 平底**                        589        +6.17%       1,150        +4.91%      ✓

======================================================================================================================
300 次同日随机替换对照(换股票、留日期、留离场规则)
======================================================================================================================

  第一层 同日×全市场:候选池 828 个日期 / 3,287,944 个槽位(空池日 0)  (184s)
    交易级净期望  观测 **+5.34%**   随机中位 +1.26%  区间 [-1.27%, +5.20%]   **p=0.0000**
    组合级年化    观测 **+2.48%**   随机中位 +2.36%  区间 [-4.10%, +11.52%]   **p=0.4867**

  第二层 同日×同为次新:候选池 828 个日期 / 479,615 个槽位(空池日 0)  (447s)
    交易级净期望  观测 **+5.34%**   随机中位 +4.54%  区间 [+0.56%, +9.01%]   **p=0.3033**
    组合级年化    观测 **+2.48%**   随机中位 +2.13%  区间 [-5.64%, +12.21%]   **p=0.4633**

======================================================================================================================
事前判据 vs 实际(判据在跑之前写死,未放宽)
======================================================================================================================
  ① 样本量 ≥ 300              1,739            ✓
  ② 交易级净期望 ≥ +6.0%      +5.34%          ✗
  ③ 组合级年化 ≥ +7.22%       +2.48%          ✗
  ④ 双层随机对照 四个 p<0.05  第一层 0.0000/0.4867  第二层 0.3033/0.4633   ✗
  ⑤ 两段同向                  同向          ✓

  **结论:不算发现** —— 事前锁定全部参数,不回头搜索、不放宽门槛

  贡献分解(第 ② 个陷阱的意义所在):
    第一层 p_年化 0.4867 —— 次新+箱体 **合起来** 相对市场
    第二层 p_年化 0.4633 —— **箱体本身**(次新池已控住)

→ /home/user/oxq-panel/newlisting_flatbase.csv   (700s)
