面板 (3297, 5232)  2013-01-04 ~ 2026-08-03  (31s)
前瞻最大价矩阵完成  (36s)
逐月样本 150 个月  (36s)
次新池平均规模 892 只 / 全市场 3466 只 (25.7%)
退市/停牌自检:250 日后已无有效价的样本占 2.86%(这些**未被剔除**,按最后有效价参与)

========================================================================================================
右尾密度:次新池 vs 全市场(九格全报)
========================================================================================================
窗口      门槛      区间               全市场       次新池       比值     月数
250     ≥100%   全区间           27.34%    30.72%     1.12    150
250     ≥100%   13-19         31.92%    35.44%     1.11     84
250     ≥100%   20-26         21.51%    24.72%     1.15     66

250     ≥200%   全区间           12.29%    14.80%     1.20    150
250     ≥200%   13-19         15.76%    18.54%     1.18     84
250     ≥200%   20-26          7.89%    10.06%     1.28     66

250     ≥500%   全区间            1.89%     2.87%     1.52    150
250     ≥500%   13-19          2.34%     3.58%     1.53     84
250     ≥500%   20-26          1.31%     1.97%     1.51     66

500     ≥100%   全区间           33.18%    37.46%     1.13    150
500     ≥100%   13-19         37.74%    41.62%     1.10     84
500     ≥100%   20-26         27.38%    32.17%     1.17     66

500     ≥200%   全区间           15.72%    19.56%     1.24    150
500     ≥200%   13-19         19.16%    23.36%     1.22     84
500     ≥200%   20-26         11.34%    14.72%     1.30     66

500     ≥500%   全区间            3.07%     4.71%     1.53    150
500     ≥500%   13-19          3.72%     5.74%     1.54     84
500     ≥500%   20-26          2.25%     3.41%     1.52     66

750     ≥100%   全区间           34.98%    39.20%     1.12    150
750     ≥100%   13-19         40.58%    44.89%     1.11     84
750     ≥100%   20-26         27.84%    31.95%     1.15     66

750     ≥200%   全区间           17.26%    21.24%     1.23    150
750     ≥200%   13-19         20.69%    25.34%     1.22     84
750     ≥200%   20-26         12.90%    16.03%     1.24     66

750     ≥500%   全区间            3.85%     5.77%     1.50    150
750     ≥500%   13-19          4.52%     7.00%     1.55     84
750     ≥500%   20-26          3.01%     4.21%     1.40     66

========================================================================================================
事前判据 vs 实际(判据跑前写死,未放宽)
========================================================================================================
  ① 全区间比值 ≥ 1.3        1.12          ✗
  ② 两段都 ≥ 1.0            1.11 / 1.15      ✓
  ③ 后段 ≥ 前段×0.7         1.15 vs 0.78   ✓
  ④ 三门槛方向一致          1.12 / 1.20 / 1.52   ✓

  **结论:地基不成立**

========================================================================================================
案例回归:用户点名的十倍股,启动月是否落在池内
========================================================================================================
  300750 宁德时代     2019-06  listed_days= 382.0  ✅ 在池内
  300760 迈瑞医疗     2019-06  listed_days= 255.0  ❌ 不在池内
  688347 华虹公司     2025-06  listed_days= 693.0  ✅ 在池内
  688313 仕佳光子     2024-10  listed_days=1541.0  ✅ 在池内
  688498 源杰科技     2024-10  listed_days= 680.0  ✅ 在池内
  301377 鼎泰高科     2024-10  listed_days= 709.0  ✅ 在池内

→ /home/user/oxq-panel/newpool_righttail.csv   (36s)
