读取 5233 个文件…
面板 (3297, 5232)  2013-01-04 ~ 2026-08-03  (66s)
基本面矩阵完成  (131s)
  ✓ 锚点② 公告日校验:roe 变更 178,635 次,落 6/12 月 480 = 0.27% < 2%
  ✓ 锚点③ 嘉益 2024-10-31 净利同比 +225.7%(期望 +225.7%)

财报公告事件 **160,427** 个(净利同比可算)  (147s)
  按月横截面五分位:Q1=32,052  Q2=32,020  Q3=32,016  Q4=32,020  Q5=32,078

==========================================================================================================
6个月峰值 ≥100%(公告日收盘入场)  【判据口径】
==========================================================================================================
档           净利同比中位      事件数    ≥100%      对照A  liftA      pA      对照B  liftB      pB     零校验
Q1         -167.1%   30,120    7.11%    5.94%   1.20  0.0000    8.42%   0.84  1.0000   0.01%
Q2          -35.5%   30,088    5.07%    5.62%   0.90  1.0000    7.87%   0.64  1.0000   0.00%
Q3           31.7%   30,084    4.69%    5.41%   0.87  1.0000    7.44%   0.63  1.0000   0.00%
Q4           78.7%   30,088    4.97%    5.40%   0.92  1.0000    7.51%   0.66  1.0000   0.01%
Q5          249.3%   30,144    5.91%    5.42%   1.09  0.0000    7.29%   0.81  1.0000   0.01%

==========================================================================================================
12个月峰值 ≥100%(公告日收盘入场)  (描述)
==========================================================================================================
档           净利同比中位      事件数    ≥100%      对照A  liftA      pA      对照B  liftB      pB     零校验
Q1         -156.4%   28,185   18.02%   15.43%   1.17  0.0000   15.49%   1.16  0.0000   0.01%
Q2          -35.5%   28,154   14.12%   14.62%   0.97  1.0000   14.60%   0.97  1.0000   0.01%
Q3           29.9%   28,152   12.96%   14.04%   0.92  1.0000   13.95%   0.93  1.0000   0.01%
Q4           76.0%   28,155   13.42%   13.99%   0.96  1.0000   14.18%   0.95  1.0000   0.00%
Q5          244.8%   28,212   14.42%   14.09%   1.02  0.0450   14.11%   1.02  0.0350   0.00%

==========================================================================================================
逐年:Q5(净利同比最高档)对对照A
==========================================================================================================
  2014  n=  843  ≥100% 17.56%  对照A 16.37%  lift  1.07  ✓
  2015  n=1,634  ≥100% 13.40%  对照A 10.77%  lift  1.24  ✓
  2016  n=1,815  ≥100%  1.16%  对照A  1.16%  lift  1.00  ✗
  2017  n=1,912  ≥100%  0.94%  对照A  0.63%  lift  1.50  ✓
  2018  n=2,231  ≥100%  2.38%  对照A  2.82%  lift  0.84  ✗
  2019  n=2,447  ≥100%  4.00%  对照A  3.19%  lift  1.26  ✓
  2020  n=2,510  ≥100%  7.73%  对照A  7.29%  lift  1.06  ✓
  2021  n=2,745  ≥100%  7.58%  对照A  6.96%  lift  1.09  ✓
  2022  n=3,115  ≥100%  4.17%  对照A  4.08%  lift  1.02  ✓
  2023  n=3,423  ≥100%  1.34%  对照A  1.31%  lift  1.02  ✓
  2024  n=3,663  ≥100%  6.61%  对照A  7.30%  lift  0.90  ✗
  2025  n=3,806  ≥100% 10.64%  对照A  8.78%  lift  1.21  ✓

==========================================================================================================
锚点核对(不过则全节作废)
==========================================================================================================
  ✓ 锚点① 面板 (3297, 5232)
  ✓ 锚点② 公告日校验(无前视)
  ✓ 锚点③ 嘉益 2024-10-31 净利同比恒等复现
  ✓ 锚点④ 恒等零校验 最大差 0.01% ≤ 3pp

==========================================================================================================
事前判据 vs 实际(判据跑前写死并单独提交,未放宽)
==========================================================================================================
  前置条件:Q5 事件数 30,144 ≥ 300;逐年合格 12 年
  ✗ 判据① 对照A  lift 1.09 ≥ 1.3 且 p 0.0000 < 0.0125
  ✗ 判据② 对照B  lift 0.81 ≥ 1.3 且 p 1.0000 < 0.0125
  ✗ 判据③ 逐年 lift>1.0 占比 75.0% ≥ 80%

  **结论:财报公告后在右尾口径下没有漂移。**

→ /home/user/open-xquant/examples/ashare-bull-stock-study/results/pead_righttail.csv + _yearly.csv   (156s)
