面板 (3297, 5232)  (55s)

锚点:60日新高 70,318 笔(应 70,310)
  净期望 +4.61%(应 +4.61%)   组合年化 +6.34%(应 +6.34%)
  锚点通过

================================================================================================================
【功效分析】先问「24,094 笔到底有没有能力检出差异」,再看 p 值
================================================================================================================
     事件数 k         随机年化 中位      2.5%分位     97.5%分位        区间宽度       能否检出 +8.40%
     5,000          +7.62%      +0.95%     +14.26%       13.3pp          **✗ 不能**   (81s)
    10,000          +7.04%      -0.74%     +10.72%       11.5pp          **✗ 不能**   (86s)
    24,094          +3.60%      -1.32%      +8.75%       10.1pp          **✗ 不能**   (91s)
    40,000          +4.02%      -0.62%     +10.10%       10.7pp          **✗ 不能**   (97s)
    64,641          +6.10%      +2.66%      +7.98%        5.3pp               ✓ 能   (102s)

================================================================================================================
扩样本:放宽 ∩ 条件,看 p 是否随事件数下降
================================================================================================================
变体                                  事件数       净期望        年化       随机中位                  随机区间     p_年化
口袋支点 ∩ 60日新高(原始)                 24,094    +7.62%    +8.40%     +4.52%   [-1.33%, +7.98%]    0.000   (114s)
口袋支点 ∩ 30日新高                     33,857    +7.02%    +6.01%     +3.83%   [-1.36%, +9.10%]    0.100   (128s)
口袋支点 ∩ 距60日高点5%内                 45,987    +6.57%   +10.52%     +3.19%   [+0.29%, +9.39%]    0.000   (144s)
口袋支点 全集                          64,641    +5.12%   +10.01%     +6.12%   [+3.70%, +8.95%]    0.000   (162s)

================================================================================================================
判定(事前判据 + Bonferroni 校正,未放宽)
================================================================================================================
  4 个变体是一次搜索 → Bonferroni 校正后需 **p < 0.0125**
  口袋支点 ∩ 60日新高(原始):
    ① 净期望≥+6.0% → +7.62% ✓   ② 年化≥+7.22% → +8.40% ✓   ③ p<0.0125 → 0.000 ✓
    **算发现**
  口袋支点 ∩ 30日新高:
    ① 净期望≥+6.0% → +7.02% ✓   ② 年化≥+7.22% → +6.01% ✗   ③ p<0.0125 → 0.100 ✗
    **不算发现**
  口袋支点 ∩ 距60日高点5%内:
    ① 净期望≥+6.0% → +6.57% ✓   ② 年化≥+7.22% → +10.52% ✓   ③ p<0.0125 → 0.000 ✓
    **算发现**
  口袋支点 全集:
    ① 净期望≥+6.0% → +5.12% ✗   ② 年化≥+7.22% → +10.01% ✓   ③ p<0.0125 → 0.000 ✓
    **不算发现**

耗时 162s   Saved: pocket_pivot_power.csv
