面板 (3297, 5232)  (54s)
锚点:60日新高 70,318 笔  组合年化 +6.34%(应 +6.34%)
锚点通过

================================================================================================================
每个变体跑 **300 次**随机对照(§55 与测试3 各只跑了 20 次,结论相反)
================================================================================================================
  口袋支点 ∩ 60日新高  已跑 100 次   当前 p=0.0600   (93s)
  口袋支点 ∩ 60日新高  已跑 200 次   当前 p=0.0850   (118s)
  口袋支点 ∩ 60日新高  已跑 300 次   当前 p=0.0833   (143s)

  **口袋支点 ∩ 60日新高**(事件 24,094)
    实际年化 **+8.40%**
    300 次随机:中位 +3.55%  95%区间 [-1.56%, +9.85%]  最大 +12.18%
    **p = 0.0833**  (标准误 ±0.0160)

  口袋支点 ∩ 距60日高点5%内  已跑 100 次   当前 p=0.0000   (172s)
  口袋支点 ∩ 距60日高点5%内  已跑 200 次   当前 p=0.0050   (199s)
  口袋支点 ∩ 距60日高点5%内  已跑 300 次   当前 p=0.0033   (226s)

  **口袋支点 ∩ 距60日高点5%内**(事件 45,987)
    实际年化 **+10.52%**
    300 次随机:中位 +3.95%  95%区间 [-1.39%, +8.37%]  最大 +11.64%
    **p = 0.0033**  (标准误 ±0.0033)

================================================================================================================
判定(判据不放宽:①≥+6.0% ②≥+7.22% ③p<0.0125)
================================================================================================================
  口袋支点 ∩ 60日新高:
    ① 净期望 +7.62% ✓   ② 年化 +8.40% ✓   ③ p=0.0833 ✗
    **不算发现**
  口袋支点 ∩ 距60日高点5%内:
    ① 净期望 +6.57% ✓   ② 年化 +10.52% ✓   ③ p=0.0033 ✓
    **算发现**

耗时 226s   Saved: pocket_pivot_pvalue.csv
