面板 (3297, 5232)  (71s)
  条件命中率 当日上涨                     32.94%
  条件命中率 量>10日内最大下跌日量             16.03%
  条件命中率 收在上半部                    32.55%
  条件命中率 MA50上方且MA50向上            21.94%
  条件命中率 距MA50 ≤+10%              53.65%
  五条全中(逐日逐股)            1.45%

======================================================================================================================
交易级 + 组合级(规则 A,与前几节完全同口径)
======================================================================================================================
买点                                  事件数      胜率      毛期望      净期望       年化  Sharpe      最大回撤     年均笔数
【锚点】60日新高突破                      70,318   18.6%   +4.91%   +4.61%   +6.34%   0.377    -62.3%       25   (101s)
    锚点核对:70,318 笔(应 70,310)、+4.61%(应 +4.61%)、+6.34%(应 +6.34%)
    锚点通过
口袋支点(最小间隔60日)                    64,641   20.4%   +5.42%   +5.12%  +10.01%   0.506    -63.3%       22   (121s)
口袋支点(最小间隔10日)                   114,875   20.8%   +5.60%   +5.30%   +7.56%   0.422    -70.9%       22   (155s)
口袋支点 ∩ 60日新高                     24,094   24.2%   +7.92%   +7.62%   +8.40%   0.506    -47.4%       18   (165s)

======================================================================================================================
随机对照:从 60日新高事件里随机抽同样多的笔数 × 20 次
======================================================================================================================
  口袋支点(最小间隔60日)(抽 64,641 笔)
    净期望 实际 **+5.12%**  随机中位 +4.61%  [+4.50%, +4.73%]  **p=0.000**
    年化   实际 **+10.01%**  随机中位 +6.50%  [+1.54%, +7.92%]  **p=0.000**
  口袋支点(最小间隔10日)(抽 70,318 笔)
    净期望 实际 **+5.30%**  随机中位 +4.61%  [+4.61%, +4.61%]  **p=0.000**
    年化   实际 **+7.56%**  随机中位 +6.34%  [+6.34%, +6.34%]  **p=0.000**
  口袋支点 ∩ 60日新高(抽 24,094 笔)
    净期望 实际 **+7.62%**  随机中位 +4.65%  [+4.21%, +5.43%]  **p=0.000**
    年化   实际 **+8.40%**  随机中位 +3.38%  [-3.27%, +10.06%]  **p=0.150**

======================================================================================================================
判定(事前判据,未放宽)
======================================================================================================================
  口袋支点(最小间隔60日):
    ① 净期望 ≥+6.0%   → +5.12%  ✗
    ② 年化 ≥+7.22%    → +10.01%  ✓
    ③ 优于同数量随机  → p_笔=0.000 p_年化=0.000  ✓
    **不算发现**
  口袋支点(最小间隔10日):
    ① 净期望 ≥+6.0%   → +5.30%  ✗
    ② 年化 ≥+7.22%    → +7.56%  ✓
    ③ 优于同数量随机  → p_笔=0.000 p_年化=0.000  ✓
    **不算发现**
  口袋支点 ∩ 60日新高:
    ① 净期望 ≥+6.0%   → +7.62%  ✓
    ② 年化 ≥+7.22%    → +8.40%  ✓
    ③ 优于同数量随机  → p_笔=0.000 p_年化=0.150  ✗
    **不算发现**

======================================================================================================================
分段(第五十四节发现突破系统的钱几乎全在 2015-05 之前)
======================================================================================================================
  【锚点】60日新高突破                   2015-05前       9,661 笔   净期望  +27.23%
  【锚点】60日新高突破                   2015-05后      60,657 笔   净期望   +1.03%
  口袋支点(最小间隔60日)                 2015-05前       8,557 笔   净期望  +31.14%
  口袋支点(最小间隔60日)                 2015-05后      56,084 笔   净期望   +1.16%
  口袋支点(最小间隔10日)                 2015-05前      16,284 笔   净期望  +32.81%
  口袋支点(最小间隔10日)                 2015-05后      98,591 笔   净期望   +0.77%
  口袋支点 ∩ 60日新高                  2015-05前       3,547 笔   净期望  +42.14%
  口袋支点 ∩ 60日新高                  2015-05后      20,547 笔   净期望   +1.67%

耗时 1157s   Saved: pocket_pivot.csv
