面板 (3297, 5232)  (83s)
锚点:60日新高/10仓/等额/小市值 = +6.34%(应 +6.34%)
锚点通过

======================================================================================================================
随机排序:每格 20 个种子(首版每格只有 1 个,那个 +12.27% 就是这么来的)
======================================================================================================================
买点            仓位        权重       小市值(确定)       随机 中位                 随机 区间       首版单种子       单种子分位
60日新高         10        等额         6.34%       4.73%   [+0.74%, +10.69%]       3.66%         35%   (97s)
60日新高         10   inv_vol         7.33%       4.83%   [+1.36%, +12.46%]       3.94%         35%   (103s)
60日新高         20        等额         3.95%       5.82%   [+1.97%, +10.67%]      10.67%        100%   (111s)
60日新高         20   inv_vol         4.89%       6.09%   [+1.91%, +12.27%]      12.27%        100%   (119s)
60日新高         30        等额         4.38%       6.10%   [+2.96%, +8.42%]       3.58%         15%   (134s)
60日新高         30   inv_vol         5.75%       6.93%   [+4.12%, +10.22%]       5.20%         20%   (144s)
60日新高         50        等额         2.61%       6.19%   [+3.92%, +8.67%]       6.25%         55%   (157s)
60日新高         50   inv_vol         4.07%       7.19%   [+4.26%, +9.63%]       7.47%         65%   (170s)
口袋支点          10        等额        10.01%       4.17%   [+1.69%, +13.44%]       6.18%         75%   (176s)
口袋支点          10   inv_vol        11.58%       4.92%   [+2.52%, +12.17%]       5.22%         55%   (182s)
口袋支点          20        等额         6.38%       6.47%   [+2.37%, +10.51%]      10.51%        100%   (190s)
口袋支点          20   inv_vol         7.55%       6.50%   [+2.53%, +10.45%]      10.45%        100%   (198s)
口袋支点          30        等额         8.77%       7.64%   [+3.99%, +10.96%]       6.57%         35%   (207s)
口袋支点          30   inv_vol        10.00%       8.51%   [+4.60%, +11.62%]       6.76%         35%   (217s)
口袋支点          50        等额         7.76%       7.45%   [+6.25%, +8.66%]       7.33%         45%   (229s)
口袋支点          50   inv_vol         8.79%       8.12%   [+7.01%, +9.80%]       8.31%         70%   (243s)

======================================================================================================================
判定(随机格按中位数,不按最好的种子)
======================================================================================================================
  小市值排序 满足①②的格子:**0 个**
  随机排序(按中位数) 满足①②的格子:**0 个**

  首版那个唯一「通过」的格子(60日新高/20仓/inv_vol/随机 +12.27%):
    20 个种子:中位 **+6.09%**   区间 [+1.91%, +12.27%]
    首版那个种子排在第 **100%** 分位 → **是抽签抽出来的,不是配置好**

  ── 仓位数有没有系统性改善(这是本测试的原假设)──
    60日新高     等额      小市值: 10仓 +6.34%  20仓 +3.95%  30仓 +4.38%  50仓 +2.61%   **非单调**
    60日新高     inv_vol 小市值: 10仓 +7.33%  20仓 +4.89%  30仓 +5.75%  50仓 +4.07%   **非单调**
    口袋支点      等额      小市值: 10仓 +10.01%  20仓 +6.38%  30仓 +8.77%  50仓 +7.76%   **非单调**
    口袋支点      inv_vol 小市值: 10仓 +11.58%  20仓 +7.55%  30仓 +10.00%  50仓 +8.79%   **非单调**

  ── inv_vol 相对等额(4×2=8 个对照,看是否一致)──
    60日新高      10仓  等额   +6.34%  inv_vol   +7.33%   差  +0.99pp   回撤  -62.3% →  -61.9%
    60日新高      20仓  等额   +3.95%  inv_vol   +4.89%   差  +0.95pp   回撤  -68.5% →  -63.6%
    60日新高      30仓  等额   +4.38%  inv_vol   +5.75%   差  +1.37pp   回撤  -66.9% →  -60.0%
    60日新高      50仓  等额   +2.61%  inv_vol   +4.07%   差  +1.45pp   回撤  -72.2% →  -66.4%
    口袋支点       10仓  等额  +10.01%  inv_vol  +11.58%   差  +1.56pp   回撤  -63.3% →  -62.6%
    口袋支点       20仓  等额   +6.38%  inv_vol   +7.55%   差  +1.17pp   回撤  -66.3% →  -61.7%
    口袋支点       30仓  等额   +8.77%  inv_vol  +10.00%   差  +1.23pp   回撤  -60.6% →  -56.4%
    口袋支点       50仓  等额   +7.76%  inv_vol   +8.79%   差  +1.02pp   回撤  -60.6% →  -58.6%
    **inv_vol 胜出 8/8**

耗时 243s   Saved: portfolio_layer_seeds.csv
