读取 5233 个文件…
面板 (3297, 5232)  (132s)
预取完成  (167s)
池① 三段突破 10,236(期望 10,236)  池② 首次新高 21,859(期望 21,876)  池③ +RPS250<50 3,901   ✗ 锚点②

====================================================================================================
① 三段突破  事件 10,236  (247s)
====================================================================================================
  组合净值 7.48   年化 **+16.49%**   最大回撤 **57.9%**   平均持仓 1280 只
  对照组(100 组)年化中位 +12.53%  [+11.40%, +13.82%]   回撤中位 59.1%   平均持仓 1280 只
  **超额 +3.96%   p 0.0000**

====================================================================================================
② 首次新高  事件 21,859  (382s)
====================================================================================================
  组合净值 4.14   年化 **+11.38%**   最大回撤 **59.9%**   平均持仓 2890 只
  对照组(100 组)年化中位 +12.17%  [+11.64%, +12.74%]   回撤中位 58.7%   平均持仓 2890 只
  **超额 -0.79%   p 0.9900**

====================================================================================================
③ 首次新高+RPS<50  事件 3,901  (440s)
====================================================================================================
  组合净值 5.15   年化 **+13.23%**   最大回撤 **56.8%**   平均持仓 459 只
  对照组(100 组)年化中位 +12.48%  [+10.67%, +13.78%]   回撤中位 58.2%   平均持仓 459 只
  **超额 +0.75%   p 0.2000**

====================================================================================================
逐年:各池组合年收益 vs 对照
====================================================================================================
  年                  ① 三段突破              ② 首次新高       ③ 首次新高+RPS<50
  2013                 45.9%                0.0%                0.0%
  2014                 51.1%               73.0%               83.9%
  2015                 90.1%               81.7%               73.1%
  2016                  0.4%               -1.7%                0.2%
  2017                -10.5%              -13.2%              -13.8%
  2018                -33.2%              -33.0%              -29.9%
  2019                 37.5%               27.0%               24.3%
  2020                 25.5%               17.2%               13.8%
  2021                 24.8%               27.0%               28.5%
  2022                -11.4%              -12.2%               -2.6%
  2023                  5.0%                3.6%                4.3%
  2024                  6.4%                3.1%                5.3%
  2025                 46.8%               39.6%               40.3%
  2026                 -6.7%               -8.0%               -4.4%

====================================================================================================
锚点核对
====================================================================================================
  ✓ 锚点① 面板 (3297, 5232)
  ✗ 锚点② 事件数恒等复现
  ✓ 锚点③ 对照零校验:平均持仓只数 实盘 vs 对照 1280/1280 2890/2890 459/459

====================================================================================================
事前判据 vs 实际(判据跑前写死并单独提交,Bonferroni 0.00833)
====================================================================================================
  ① 三段突破               ① 超额 +3.96% ≥+3pp 且 p 0.0000 ✓   ② 回撤 57.9% ≤ 59.1% ✓
  ② 首次新高               ① 超额 -0.79% ≥+3pp 且 p 0.9900 ✗   ② 回撤 59.9% ≤ 58.7% ✗
  ③ 首次新高+RPS<50        ① 超额 +0.75% ≥+3pp 且 p 0.2000 ✗   ② 回撤 56.8% ≤ 58.2% ✓

  **['锚点②'] 不过:本节结论作废。**

→ /home/user/open-xquant/examples/ashare-bull-stock-study/results/portfolio_pools.csv   (440s)
