面板 (3297, 5232)  2013-01-04 ~ 2026-08-03  (46s)
基本面(net_income)覆盖 64.4%
均线/量能完成  (51s)
RPS50 完成  (56s)
事件 9726 笔(去重前 86539)  (57s)

判据① 案例锚点 688183 在 2024-04-01~2024-06-30 ✓ 检出 2024-05-27
有效月 116 个  (58s)

================================================================================================
交易级:事件 vs 同市值档随机(固定持有 250 日,实收)
================================================================================================
  事件  9344 笔   均值 +4.98%   中位 -8.05%   ≥100% 占比 5.2%
  对照  9320 笔   均值 +12.18%   中位 +0.11%   ≥100% 占比 5.4%

================================================================================================
组合级:每月随机 50 只等权,200 次自助,单边成本 0.3%
================================================================================================
  事件组合 +4.76%   同市值档随机 +13.08%   超额 -8.31%   p=1.0000
  13-19   50 个月  超额 -10.37%
  20-26   66 个月  超额 -6.90%

================================================================================================
事前判据 vs 实际(判据跑前写死,未放宽)
================================================================================================
  ① 编码锚点 688183 被检出                 ✓
  ② 交易级 事件 > 同市值档随机   +4.98% vs +12.18%   ✗
  ③ 组合级 p<0.05                          p=1.0000   ✗
  ④ 两段超额都为正              13-19 -10.37% / 20-26 -6.90%   ✗

  **结论:不成立**

→ /home/user/oxq-panel/pre_golden_cross.csv   (59s)
