面板 (3297, 5232)  2013-01-04 ~ 2026-08-03  (41s)
派生量完成  (53s)
逐月完成 135 月  (54s)

================================================================================================================
分位曲线:信号组 − 同市值档随机对照(250 日峰值涨幅)
================================================================================================================
信号                                τ=0.25      τ=0.50      τ=0.75      τ=0.90      τ=0.95      τ=0.99
AGE_YOUNG 上市[1,3)年                 -1.2%       -1.4%       -1.0%       +0.8%       +1.7%      +14.2%
AGE_OLD 上市>10年                     +0.5%       +0.1%       -1.4%       -4.7%       -8.2%      -19.0%
SMALL_MV 市值最小档(零锚点)                +2.7%       +3.1%       +4.0%       +4.8%       +4.6%       +1.5%
RPS250>=90                         -0.4%       +0.5%       +3.5%       +8.8%      +10.3%      +17.2%
RPS50>=95                          -0.7%       +0.6%       +5.7%      +14.5%      +21.0%      +45.2%
RPS50<=30 弱势                       +0.5%       +0.4%       +0.7%       -0.1%       -2.9%       +4.8%
MA_BULL 已多头排列                      +0.5%       +0.8%       +1.3%       +1.0%       +0.1%       -3.4%
MA_BEAR 空头排列                       +0.3%       +0.3%       +0.0%       -0.4%       -1.2%       +1.7%
NEAR_HIGH 距新高<=10%                 +0.8%       +1.8%       +1.7%       +3.4%       +2.7%       +0.5%
FAR_HIGH 距新高>30%                   +1.0%       +0.8%       +1.0%       +1.3%       +0.6%       +2.0%
TO_Q5 换手最高档                        -0.6%       -0.1%       +0.9%       +1.3%       +1.3%       +4.2%
TO_Q1 换手最低档                        +0.2%       -1.3%       -5.8%      -12.1%      -14.9%      -16.8%
ABOVE_MA100 站上20周线                 +0.5%       +1.0%       +2.0%       +2.8%       +3.7%       +5.3%

================================================================================================================
判据① 按月分块 bootstrap(200 次)
================================================================================================================
  Spearman ρ(Δτ=0.50, Δτ=0.99)  点估计 **+0.0839**
  bootstrap 中位 +0.1259   95% CI [-0.2871, +0.5596]
  「Δ中位>0 且 Δ99分位<0」的信号数:**2/12**
  Δτ=0.50 跨信号极差:0.031(前置条件门槛 >0.05)

================================================================================================================
事前判据 vs 实际(判据跑前写死并单独提交,未放宽)
================================================================================================================
  ✓ 锚点① 面板 (3297, 5232)
  ✗ 锚点② 零锚点六个 τ 上 |Δ| 均 <0.03   最大 0.0483
  ✗ 前置条件 Δτ=0.50 跨信号极差 >0.05   0.031
  ✗ 判据① ρ<0 且 95% CI 不含 0   ρ=+0.0839  CI [-0.2871, +0.5596]

  **锚点②不过:本节结论作废。**

→ /home/user/oxq-panel/quantile_curve.csv   (94s)
