面板 (3297, 5232)  2013-01-04 ~ 2026-08-03  (59s)
派生量完成  (72s)
逐月完成 135 月  (72s)
置换零分布完成(200 次/信号)  (123s)

========================================================================================================================
Δ 分位曲线(信号 − 同市值档置换零均值),括号内为 z 值
========================================================================================================================
信号                                   τ=0.25         τ=0.50         τ=0.75         τ=0.90         τ=0.95         τ=0.99
AGE_YOUNG 上市[1,3)年             -1.2%(-12.5)   -1.5%(-10.0)    -1.4%(-4.4)    +0.3%(+0.4)    +0.4%(+0.3)   +12.9%(+3.0)
AGE_OLD 上市>10年                 +0.5%(+12.4)    +0.1%(+1.5)   -1.4%(-12.4)   -4.5%(-14.4)   -8.1%(-16.5)  -18.8%(-10.8)
RPS250>=90                      -0.3%(-2.4)    +0.8%(+4.3)   +4.3%(+11.1)  +10.2%(+11.3)   +11.7%(+7.5)   +21.3%(+4.2)
RPS50>=95                       -0.7%(-4.2)    +0.8%(+2.9)   +5.3%(+10.2)  +13.2%(+11.3)   +20.6%(+9.7)   +40.1%(+5.1)
RPS50<=30 弱势                    +0.5%(+9.1)    +0.6%(+6.7)    +0.7%(+3.3)    -0.1%(-0.3)    -2.8%(-3.8)    -1.0%(-0.4)
MA_BULL 已多头排列                  +0.6%(+12.9)   +1.0%(+15.1)   +1.5%(+10.6)    +1.7%(+5.2)    +1.3%(+2.6)    +0.4%(+0.2)
MA_BEAR 空头排列                    +0.3%(+8.5)    +0.3%(+6.1)    +0.1%(+0.8)    -0.1%(-0.5)    -0.4%(-1.0)    +1.4%(+1.1)
NEAR_HIGH 距新高<=10%              +0.9%(+9.8)   +1.7%(+10.5)    +2.2%(+6.4)    +3.6%(+5.7)    +4.2%(+3.7)    +1.4%(+0.4)
FAR_HIGH 距新高>30%               +1.1%(+21.0)   +1.0%(+14.6)   +1.3%(+11.4)    +1.5%(+6.1)    +1.4%(+2.8)    +3.6%(+1.7)
TO_Q5 换手最高档                     -0.6%(-6.8)    -0.3%(-1.8)    +1.0%(+3.4)    +1.4%(+2.0)    +2.4%(+2.0)    +9.4%(+2.2)
TO_Q1 换手最低档                     +0.3%(+4.4)   -1.2%(-11.2)   -5.8%(-21.9)  -12.1%(-21.4)  -14.1%(-13.9)   -14.2%(-5.0)
ABOVE_MA100 站上20周线             +0.4%(+11.7)   +1.0%(+14.5)   +2.0%(+16.1)   +2.9%(+10.3)    +3.5%(+7.4)    +3.7%(+2.1)
RANDOM_LABEL 随机贴标签(零锚点)         +0.1%(+1.2)    +0.2%(+1.6)    +0.7%(+2.0)    +0.9%(+1.2)    +1.9%(+1.4)    +2.1%(+0.4)

========================================================================================================================
判据 按月分块 bootstrap(200 次)
========================================================================================================================
  Spearman ρ(z@τ=0.50, z@τ=0.99)  点估计 **-0.0839**
  bootstrap 中位 +0.3706   95% CI [-0.2388, +0.8392]
  「z@0.50 >2 且 z@0.99 <−2」的信号数:**0/12**(门槛 ≥3)

========================================================================================================================
事前判据 vs 实际(判据跑前写死并单独提交,未放宽)
========================================================================================================================
  ✓ 锚点① 面板 (3297, 5232)
  ✗ 锚点② RANDOM_LABEL 六个 τ 上 |z|<2   最大 |z| = 2.04
  ✓ 锚点③ AGE_YOUNG 在 τ=0.99 上 z>2(正向锚点)   z = +3.02
  ✗ 判据① ρ<0 且 95% CI 不含 0   ρ=-0.0839  CI [-0.2388, +0.8392]
  ✗ 判据② 反号信号数 ≥3   0/12

  **锚点不过:本节结论作废。**

→ /home/user/oxq-panel/quantile_curve_v2.csv   (143s)
