面板 (3297, 5232)  2013-01-04 ~ 2026-08-03  (32s)
分段 8 段(红 4 / 绿 4),红轴月 82 个  (34s)
    绿  2013-02-01 ~ 2014-08-01  (360 个交易日)
    红  2014-08-01 ~ 2015-11-02  (303 个交易日)
    绿  2015-11-02 ~ 2017-07-03  (407 个交易日)
    红  2017-07-03 ~ 2018-06-01  (224 个交易日)
    绿  2018-06-01 ~ 2019-05-06  (223 个交易日)
    红  2019-05-06 ~ 2021-09-01  (570 个交易日)
    绿  2021-09-01 ~ 2024-06-03  (663 个交易日)
    红  2024-06-03 ~ 2026-08-03  (526 个交易日)

计算区间 2013-02-01 ~ 2026-08-03  13.50 年
  S1 次新池不择时 完成 200 种子  (35s)
  S2 次新池+红轴择时 完成 200 种子  (35s)
  S3 全市场不择时 完成 200 种子  (36s)

====================================================================================================
四路分解:连续资金曲线(200 种子中位,13.5 年)
====================================================================================================
策略                          期末净值       年化      最大回撤          年化区间(5%~95%)
S0 沪深300持有                  2.14   +5.80%    -45.6%        [+5.8%, +5.8%]
S1 次新池不择时                   4.36  +11.51%    -64.8%       [+8.8%, +14.7%]
S2 次新池+红轴择时                 4.00  +10.81%    -53.6%       [+8.9%, +13.1%]
S3 全市场不择时                   3.17   +8.93%    -64.3%       [+6.6%, +11.9%]

====================================================================================================
收益归因分解
====================================================================================================
  **择时贡献** = S2 − S1 = +10.81% − +11.51% = **-0.70%**
  **池子贡献** = S1 − S3 = +11.51% − +8.93% = **+2.59%**
  **全系统 vs 买指数** = S2 − S0 = +10.81% − +5.80% = **+5.01%**
  **回撤改善** = S1 → S2 = -64.8% → -53.6% = **+11.1pp**
  **Calmar(年化/最大回撤)**  S1 0.178   S2 0.202   S3 0.139   S0 0.127

  **逐层归因(从买指数走到本系统):**
    沪深300 持有                +5.80%
    → 全市场等权随机 50 只       +8.93%   (+3.13pp  等权/小市值溢价)
    → 换成次新池                +11.51%   (+2.59pp  §69 年龄效应)
    → 加红轴择时                +10.81%   (-0.70pp  择时)

====================================================================================================
事前判据 vs 实际(判据跑前写死,未放宽)
====================================================================================================
  ① 择时有正价值   S2 > S1        +10.81% vs +11.51%   ✗
  ② 跑赢买指数     S2 > S0        +10.81% vs +5.80%   ✓
  ③ 择时改善回撤   |S2| < |S1|    -53.6% vs -64.8%   ✓
  ④ 池子有正价值   S1 > S3        +11.51% vs +8.93%   ✓

  **结论:**择时的价值只在回撤,不在收益** —— 「红轴 +30.1%」基本是 beta**

→ /home/user/oxq-panel/regime_timing_value.csv   (36s)
