面板 (3297, 5232)  2013-01-04 ~ 2026-08-03  (29s)
红轴段 4 个: 2014-07~2015-09 / 2017-06~2018-04 / 2019-04~2021-07 / 2024-05~2025-06
逐月 150 个月(红轴 68 / 绿轴 82)  (32s)

====================================================================================================
各年龄档的右尾密度(未来 250 日内最大涨幅 ≥100%)
====================================================================================================
年龄档                 红轴          绿轴          全部      平均只数
0-1年            23.74%      25.41%      24.63%       225
1-2年            27.70%      32.29%      30.28%       233
2-3年            30.01%      34.08%      32.21%       237
3-5年            28.01%      32.94%      30.70%       422
5-10年           25.26%      31.58%      28.72%       745
>10年            20.63%      28.15%      24.74%      1605

====================================================================================================
主检验:「1-3年」/「>10年」比值
====================================================================================================
门槛                红轴        绿轴        全部
≥100%           1.40      1.18      1.26
≥200%           1.77      1.40      1.52
≥500%           2.89      2.85      2.87

====================================================================================================
四段红轴各自(判据③:不能只靠一次牛市)
====================================================================================================
牛市段                       月数     ≥100%比值     ≥200%比值     ≥500%比值
2014-07~2015-09           15        1.65        2.19        3.30
2017-06~2018-04           11        1.74        1.38        3.20
2019-04~2021-07           28        1.12        1.35        1.78
2024-05~2025-06           14        1.66        2.20        3.71

====================================================================================================
事前判据 vs 实际(判据跑前写死,未放宽)
====================================================================================================
  ① MACD 分类验收(14-15/19-21/24-26)          已通过     ✓
  ② 红轴「1-3年」/「>10年」≥ 1.3               1.40       ✓
  ③ 四段红轴各自 ≥ 1.0                          1.65/1.74/1.12/1.66   ✓
  ④ 绿轴同一比值(诊断,非通过条件)              1.18

  **结论:算发现**
  → **牛市专属**:用户的「世代 × 牛市」交互假说成立,§67 的 1.12 确实被稀释了

====================================================================================================
事后加严(加严不是放宽):红轴期间,≥100% 门槛
====================================================================================================
  原始比值 1-3年 / >10年                  1.43
  **市值五分位内部(市值中性化)**          **1.21**   ← 市值解释了约 51% 的超额
  同规模随机对照 200 次              中位 1.16  区间 [1.12, 1.19]  **p=0.0000**

  随机中位是 1.16 而非 1.00 —— 「>10年」档本身系统性差于市场,
  **把它当对照,等于把门槛设松了。这是事前设计的疏漏,不是数据问题。**

  **加严后的结论:**
    · 年龄确实携带信息:观测 1.43 落在 200 次随机的整个区间之外,p=0.0000
    · **但市值中性化后只剩 1.21,低于事前门槛 1.3** ——
      「牛市里买次新」的超额约一半来自「次新股市值小」,不是「次新」本身,
      而「小市值在牛市弹性更大」是已知事实,不构成新的 alpha。
    · 牛熊分制这一条站得住:红轴 1.40 vs 绿轴 1.18,四段牛市全部成立。

→ /home/user/oxq-panel/regime_cohort_righttail.csv   (56s)
