面板 (3297, 5232)  2013-01-04 ~ 2026-08-03  (53s)
个股均线完成  (57s)
指数信号完成  (58s)
  2014-08  信号 177  完整窗口月 20  (72s)
  2016-04  信号 192  完整窗口月 40  (86s)
  2017-12  信号 415  完整窗口月 60  (100s)
  2019-08  信号 619  完整窗口月 80  (116s)
  2021-04  信号 328  完整窗口月 100  (130s)
  2022-12  信号 866  完整窗口月 120  (145s)
逐月完成:完整窗口 125 月 / 锚点月 150  (151s)

================================================================================================================
A 部分:实收口径 lift(信号=上市[1,3)年;对照=同月同市值五分位随机同样多只)
================================================================================================================
口径                         ≥100%       p     ≥200%       p     ≥500%       p
峰值 H=250(§77锚点)             1.07  0.0000      1.15  0.0000      1.48  0.0100
峰值 H=750(本节窗口)              1.02  0.0000      1.07  0.0000      1.23  0.0000
H0 持有到窗口末                   1.13  0.0000      1.27  0.0000      1.27  0.0000
A1 个股破20周线                  1.29  0.0000      1.55  0.0000      1.25  0.0950
A2 个股破10月线                  1.14  0.0000      1.11  0.0100      0.93  0.7550
B2 指数破10月线                  1.14  0.0300      1.44  0.0000      1.18  0.2700
B3 指数月线MACD                 1.13  0.0000      1.41  0.0000      1.66  0.0000
C  基地计数                     1.12  0.0000      1.13  0.0000      1.21  0.0150

================================================================================================================
B 部分:按**固定窗口峰值**(H=750,与规则无关)分层的兑现率
================================================================================================================
规则                           层       笔数      占比        实收        峰值      兑现率      收益贡献
H0 持有到窗口末                <100%   29,863   56.3%    -13.8%    +39.9%     -35%    -15.2%
H0 持有到窗口末            [100,200)   10,687   20.1%    +50.5%   +142.7%      35%     19.9%
H0 持有到窗口末            [200,500)    9,515   17.9%   +144.7%   +310.2%      47%     50.8%
H0 持有到窗口末                ≥500%    2,979    5.6%   +404.6%   +829.0%      49%     44.5%
                            全体   53,044  100.0%    +51.1%   +153.4%      33%            中位持有 750 日

A1 个股破20周线               <100%   29,863   56.3%     -3.0%    +39.9%      -8%    -49.3%
A1 个股破20周线           [100,200)   10,687   20.1%     +2.7%   +142.7%       2%     15.9%
A1 个股破20周线           [200,500)    9,515   17.9%    +11.9%   +310.2%       4%     62.2%
A1 个股破20周线               ≥500%    2,979    5.6%    +43.5%   +829.0%       5%     71.2%
                            全体   53,044  100.0%     +3.4%   +153.4%       2%            中位持有 3 日

A2 个股破10月线               <100%   29,863   56.3%     -5.2%    +39.9%     -13%    -25.9%
A2 个股破10月线           [100,200)   10,687   20.1%     +4.5%   +142.7%       3%      8.1%
A2 个股破10月线           [200,500)    9,515   17.9%    +31.4%   +310.2%      10%     49.8%
A2 个股破10月线               ≥500%    2,979    5.6%   +136.9%   +829.0%      17%     67.9%
                            全体   53,044  100.0%    +11.3%   +153.4%       7%            中位持有 5 日

B2 指数破10月线               <100%   29,863   56.3%     -6.2%    +39.9%     -16%   -247.4%
B2 指数破10月线           [100,200)   10,687   20.1%     +5.3%   +142.7%       4%     75.8%
B2 指数破10月线           [200,500)    9,515   17.9%    +12.7%   +310.2%       4%    160.8%
B2 指数破10月线               ≥500%    2,979    5.6%    +27.9%   +829.0%       3%    110.8%
                            全体   53,044  100.0%     +1.4%   +153.4%       1%            中位持有 7 日

B3 指数月线MACD              <100%   29,863   56.3%     -3.8%    +39.9%     -10%    -19.8%
B3 指数月线MACD          [100,200)   10,687   20.1%    +16.1%   +142.7%      11%     30.0%
B3 指数月线MACD          [200,500)    9,515   17.9%    +34.1%   +310.2%      11%     56.8%
B3 指数月线MACD              ≥500%    2,979    5.6%    +63.4%   +829.0%       8%     33.0%
                            全体   53,044  100.0%    +10.8%   +153.4%       7%            中位持有 23 日

C  基地计数                  <100%   29,863   56.3%    -16.0%    +39.9%     -40%    -41.8%
C  基地计数              [100,200)   10,687   20.1%    +26.0%   +142.7%      18%     24.3%
C  基地计数              [200,500)    9,515   17.9%    +80.9%   +310.2%      26%     67.4%
C  基地计数                  ≥500%    2,979    5.6%   +192.4%   +829.0%      23%     50.1%
                            全体   53,044  100.0%    +21.5%   +153.4%      14%            中位持有 217 日

================================================================================================================
事前判据 vs 实际(判据跑前写死,未放宽)
================================================================================================================
  ① 锚点 面板(3297,5232) ✓;峰值 lift@500%(H=250)vs §77 1.58 差 ≤0.25
       实测 1.48(差 0.10,150 月)   ✓
  ② 实收 lift@500% ≥1.3 且 p<0.05                1 个   ✓
       B3 指数月线MACD        lift 1.66  p=0.0000
  ③ 最优规则 B3 指数月线MACD 的 ≥500% 层兑现率 ≥ 全体平均
       8% vs 7%   ✓
  ④ 诊断已在 B 部分逐层报出(兑现率方向 / 收益贡献 / 中位持有天数)

  **结论:右尾概率能转成实收,且有具体规则。事前预测被证伪 —— 我错了。**

================================================================================================================
C 部分:按**入场月轴色**拆开(⚠️ 事后分解,**不是检验**,无判据)
================================================================================================================
问:B3 的 lift@500% 是离场规则的功劳,还是红轴闸门换了个名字?
   §78 每月入场,B3 中位持有仅 23 日 —— 样本是「绿轴入场即刻出场」
   与「红轴入场长持」的混合。若 lift 几乎全部来自红轴入场,
   则 B3 不是离场规则;而 §73 已证择时不创造收益(−0.70pp)、
   §77 已证红轴本身不提高右尾(lift 0.99),那样解释完全不同。

口径                        轴色    月数       信号       随机    lift          lift区间       p
峰值 H=750                  全部   125   3.924%   3.189%    1.23    [1.17, 1.29]  0.0000
峰值 H=750                  红轴    54   2.261%   1.614%    1.40    [1.23, 1.60]  0.0000
峰值 H=750                  绿轴    71   5.188%   4.387%    1.18    [1.12, 1.24]  0.0000

B3 指数月线MACD               全部   125   0.263%   0.158%    1.66    [1.30, 2.06]  0.0000
B3 指数月线MACD               红轴    54   0.583%   0.340%    1.72    [1.34, 2.23]  0.0000
B3 指数月线MACD               绿轴    71   0.019%   0.020%    0.97    [0.45, 3.17]  0.4200

H0 持有到窗口末                 全部   125   0.837%   0.657%    1.27    [1.17, 1.39]  0.0000
H0 持有到窗口末                 红轴    54   0.344%   0.349%    0.99    [0.80, 1.31]  0.5150
H0 持有到窗口末                 绿轴    71   1.212%   0.892%    1.36    [1.24, 1.49]  0.0000

C  基地计数                   全部   125   0.290%   0.241%    1.21    [1.03, 1.42]  0.0150
C  基地计数                   红轴    54   0.160%   0.088%    1.82    [1.25, 2.99]  0.0050
C  基地计数                   绿轴    71   0.389%   0.357%    1.09    [0.92, 1.30]  0.2150

  **判读**:红轴入场 lift 1.72(p=0.0000)  vs  绿轴入场 lift 0.97(p=0.4200)
  → **只有红轴入场成立:B3 很可能就是红轴闸门换了名字,
     而 §73/§77 已证闸门不创造收益、不提高右尾 —— ② 的解释要改写。**

→ /home/user/oxq-panel/righttail_realization.csv   (151s)
