面板 (3297, 5232)  2013-01-04 ~ 2026-08-03  (44s)
财务覆盖 94.9%(有财务标的占比)
价格类指标完成  (53s)
财务同比加速完成  (54s)
闸门完成,红轴月 81/164  (54s)
信号 11 个,可用月 150 个  (54s)
  2016-09  (64s)
  2019-03  (75s)
  2021-09  (92s)
  2024-03  (102s)
逐月累计完成  (111s)

================================================================================================================
A 部分:单独检验(全市场,同市值档随机对照)
================================================================================================================
信号                        门槛           月数      信号命中      随机命中    lift            lift区间       p
AGE_YOUNG 上市[1,3)年        ≥100%       135    17.51%    16.25%    1.08      [1.05, 1.11]  0.0000
AGE_YOUNG 上市[1,3)年        ≥200%       135     5.26%     4.59%    1.15      [1.09, 1.20]  0.0000
AGE_YOUNG 上市[1,3)年        ≥500%       135     0.53%     0.34%    1.58      [1.32, 1.94]  0.0000

SMALL_MV 市值最小档            ≥100%       135    21.19%    20.20%    1.05      [1.04, 1.05]  0.0000
SMALL_MV 市值最小档            ≥200%       135     6.50%     6.34%    1.03      [1.01, 1.04]  0.0000
SMALL_MV 市值最小档            ≥500%       135     0.57%     0.62%    0.91      [0.88, 0.95]  1.0000

REGIME_RED 红轴             ≥100%        67    21.38%    21.13%    1.01      [1.01, 1.01]  0.0000
REGIME_RED 红轴             ≥200%        67     5.70%     5.65%    1.01      [1.00, 1.01]  0.0000
REGIME_RED 红轴             ≥500%        67     0.42%     0.42%    0.99      [0.97, 1.00]  0.9200

RPS250>=90                ≥100%       135    16.75%    16.07%    1.04      [1.02, 1.07]  0.0000
RPS250>=90                ≥200%       135     4.83%     4.56%    1.06      [1.01, 1.11]  0.0250
RPS250>=90                ≥500%       135     0.31%     0.32%    0.96      [0.79, 1.18]  0.5800

RPS50>=95                 ≥100%       135    17.55%    16.02%    1.10      [1.07, 1.13]  0.0000
RPS50>=95                 ≥200%       135     5.56%     4.56%    1.22      [1.15, 1.30]  0.0000
RPS50>=95                 ≥500%       135     0.43%     0.33%    1.30      [1.03, 1.82]  0.0400

MA_BULL 已多头排列             ≥100%       135    16.46%    16.21%    1.02      [1.01, 1.03]  0.0050
MA_BULL 已多头排列             ≥200%       135     4.60%     4.57%    1.01      [0.99, 1.02]  0.3250
MA_BULL 已多头排列             ≥500%       135     0.31%     0.33%    0.94      [0.87, 1.01]  0.9150

PRE_CROSS 金叉前夜            ≥100%       131    15.83%    16.47%    0.96      [0.95, 0.97]  1.0000
PRE_CROSS 金叉前夜            ≥200%       131     4.46%     4.69%    0.95      [0.92, 0.98]  0.9950
PRE_CROSS 金叉前夜            ≥500%       131     0.34%     0.34%    1.01      [0.86, 1.16]  0.4300

VOL_EXP 量比>=1.2           ≥100%       135    16.36%    16.19%    1.01      [1.00, 1.02]  0.0650
VOL_EXP 量比>=1.2           ≥200%       135     4.66%     4.58%    1.02      [0.99, 1.04]  0.1450
VOL_EXP 量比>=1.2           ≥500%       135     0.30%     0.34%    0.91      [0.81, 1.03]  0.8950

NEAR_HIGH 距新高<=10%        ≥100%       131    16.51%    16.12%    1.02      [1.00, 1.05]  0.0400
NEAR_HIGH 距新高<=10%        ≥200%       131     5.05%     4.65%    1.09      [1.04, 1.13]  0.0050
NEAR_HIGH 距新高<=10%        ≥500%       131     0.33%     0.34%    0.98      [0.85, 1.15]  0.5750

NI_ACCEL 净利加速             ≥100%       132    14.87%    14.65%    1.01      [1.00, 1.03]  0.0100
NI_ACCEL 净利加速             ≥200%       132     3.81%     3.77%    1.01      [0.98, 1.04]  0.2900
NI_ACCEL 净利加速             ≥500%       132     0.30%     0.27%    1.12      [0.98, 1.32]  0.0850

USER_SETUP 用户四条件          ≥100%       130    17.77%    15.74%    1.13      [1.08, 1.18]  0.0000
USER_SETUP 用户四条件          ≥200%       130     5.88%     4.48%    1.31      [1.20, 1.45]  0.0000
USER_SETUP 用户四条件          ≥500%       130     0.44%     0.31%    1.41      [1.01, 2.23]  0.0500


================================================================================================================
B 部分:增量检验(红轴×上市[1,3)年 基线内部)
================================================================================================================
信号                        门槛           月数      信号命中      随机命中    lift            lift区间       p



RPS250>=90                ≥100%        58    28.19%    23.51%    1.20      [1.13, 1.29]  0.0000
RPS250>=90                ≥200%        58     7.08%     6.84%    1.03      [0.90, 1.19]  0.3150
RPS250>=90                ≥500%        58     0.97%     0.84%    1.16      [0.78, 1.95]  0.3000

RPS50>=95                 ≥100%        48    28.27%    23.38%    1.21      [1.11, 1.31]  0.0000
RPS50>=95                 ≥200%        48     9.63%     7.30%    1.32      [1.10, 1.65]  0.0050
RPS50>=95                 ≥500%        48     1.10%     0.82%    1.34      [0.80, 3.16]  0.2250

MA_BULL 已多头排列             ≥100%        63    27.71%    25.70%    1.08      [1.06, 1.10]  0.0000
MA_BULL 已多头排列             ≥200%        63     7.89%     7.72%    1.02      [0.97, 1.06]  0.1900
MA_BULL 已多头排列             ≥500%        63     0.63%     0.78%    0.81      [0.72, 0.94]  1.0000

PRE_CROSS 金叉前夜            ≥100%        56    18.90%    22.60%    0.84      [0.79, 0.88]  1.0000
PRE_CROSS 金叉前夜            ≥200%        56     6.62%     6.90%    0.96      [0.86, 1.09]  0.7050
PRE_CROSS 金叉前夜            ≥500%        56     1.06%     0.89%    1.20      [0.86, 1.78]  0.2000

VOL_EXP 量比>=1.2           ≥100%        65    23.68%    24.77%    0.96      [0.91, 1.01]  0.8900
VOL_EXP 量比>=1.2           ≥200%        65     7.95%     7.76%    1.02      [0.92, 1.16]  0.3250
VOL_EXP 量比>=1.2           ≥500%        65     0.78%     0.81%    0.96      [0.71, 1.46]  0.5550

NEAR_HIGH 距新高<=10%        ≥100%        61    28.25%    25.03%    1.13      [1.08, 1.19]  0.0000
NEAR_HIGH 距新高<=10%        ≥200%        61     7.47%     7.26%    1.03      [0.94, 1.14]  0.3050
NEAR_HIGH 距新高<=10%        ≥500%        61     0.67%     0.74%    0.90      [0.65, 1.31]  0.6250

NI_ACCEL 净利加速             ≥100%        67    24.68%    25.12%    0.98      [0.95, 1.02]  0.7950
NI_ACCEL 净利加速             ≥200%        67     7.12%     7.55%    0.94      [0.87, 1.02]  0.8800
NI_ACCEL 净利加速             ≥500%        67     0.98%     0.86%    1.14      [0.89, 1.60]  0.2200

USER_SETUP 用户四条件          ≥100%        30    27.68%    21.35%    1.30      [1.12, 1.49]  0.0050
USER_SETUP 用户四条件          ≥200%        30    10.10%     6.59%    1.53      [1.20, 2.23]  0.0100
USER_SETUP 用户四条件          ≥500%        30     1.55%     0.95%    1.62      [0.77, 5.68]  0.1400

================================================================================================================
事前判据 vs 实际(判据跑前写死,未放宽)
================================================================================================================
  ① 零锚点 SMALL_MV lift ≈ 1.00±0.10   1.05 / 1.03 / 0.91   ✓
     正向锚点 AGE_YOUNG ≥500%          lift 1.58  (信号 0.53% / 随机 0.34%)
  ② A 部分 lift@500% ≥1.3 且 p<0.05     2 个   ✓ AGE_YOUNG 上市[1,3)年, RPS50>=95
  ③ B 部分 lift@500% ≥1.2 且 p<0.05     0 个   ✗
  ⑤ 案例锚点 USER_SETUP 检出三只         300750 ✓ / 688183 ✓ / 600066 ✓

  **结论:A 部分有信号通过(AGE_YOUNG 上市[1,3)年, RPS50>=95),但基线之上全部不通过 ——**
  **它们提高的那部分右尾,已经被「红轴×次新」这个基线包含了。**

  ⚠️ 右尾概率是**峰值口径**(上帝视角)。§70 实测兑现率 13%~55%,
     §66 七只案例约 18%。**右尾密度提高 ≠ 钱变多。**

→ /home/user/oxq-panel/righttail_lift.csv   (111s)
