事件 14,542(第六十一节自适应口径)
面板 (3297, 5232)  (203s)

锚点1 突破池 70,318 笔(应 70,318)、净期望 +4.61%(应 +4.61%)
锚点1 通过
OOS 9,415 笔;三条全中 1,606;A 组合 670

========================================================================================================
表4 容量:是不是仓位没填满?
========================================================================================================
池子                               事件数       胜率       年化      年均开仓      平均持仓      资金利用率
【基线】全部OOS事件                    9,415   15.43%    1.50%      20.4      6.43      66.0%
② 三条全中                         1,606   20.61%   10.37%      18.1      6.40      66.0%
A 三条全中且非涨停/高换手                   670   25.37%   -0.30%      15.6      5.71      58.7%

锚点2 三条全中:1,606 笔(应 1,606)、胜率 20.61%(应 20.61%)、年化 10.37%(应 +10.37%)
锚点3 A 组合:670 笔(应 670)、胜率 25.37%(应 25.37%)、年化 -0.30%(应 -0.30%)
锚点2/3 通过

========================================================================================================
表1 集中度:前 k% 的单笔贡献了多少总收益(交易级)
========================================================================================================
池子                               有效笔数   top-1%   top-5%   top-10%     其余90%      最大单笔
【基线】全部OOS事件                     9,408   164.8%   390.5%    506.2%   -406.2%    808.3%
② 三条全中                          1,605    78.9%   193.2%    258.6%   -158.6%    550.1%
A 三条全中且非涨停/高换手                    669    77.0%   158.9%    222.6%   -122.6%    550.1%

  自洽检查:top-10% 占比 + 其余90% 占比 = 100%  ✓

========================================================================================================
表2 组合级:剔除 top-k% 后年化怎么变 —— 并列同数量随机剔除(20 种子)
========================================================================================================
⚠️ 事后按收益剔除有前视,这是诊断不是策略。
池子                               档      原年化      删右尾      删随机中位           随机5-95%      判定
【基线】全部OOS事件                     1%    1.50%   -0.86%      1.50%  [+0.51%, +2.75%]   **是**
【基线】全部OOS事件                     5%    1.50%   -8.53%      2.21%  [+0.03%, +4.99%]   **是**
【基线】全部OOS事件                    10%    1.50%  -22.69%      2.46%  [+0.04%, +4.22%]   **是**
  (224s)
② 三条全中                          1%   10.37%    1.06%     10.37% [+8.48%, +10.75%]   **是**
② 三条全中                          5%   10.37%   -6.06%      9.33% [+0.45%, +10.94%]   **是**
② 三条全中                         10%   10.37%  -13.08%      9.29% [+3.00%, +10.69%]   **是**
  (226s)
A 三条全中且非涨停/高换手                  1%   -0.30%   -0.30%     -0.30%  [-0.82%, +1.28%]       否
A 三条全中且非涨停/高换手                  5%   -0.30%   -3.68%      0.25%  [-0.97%, +1.44%]   **是**
A 三条全中且非涨停/高换手                 10%   -0.30%  -10.46%      0.36%  [-1.01%, +2.46%]   **是**
  (227s)

========================================================================================================
表3 右尾画像:top-5% 那批长什么样(在「三条全中」池内)
========================================================================================================
指标                 top5% 中位       其余 中位      倍数
S_涨停次数                1.000       1.000    1.00
S_换手分位                0.725       0.609    1.19
深度                    0.263       0.250    1.05
缩量比                   0.801       0.846    0.95
收敛比                   0.850       0.892    0.95
调整天数                 65.500      63.000    1.04
trade                 1.115      -0.100  -11.15
raw252                1.134      -0.007 -155.75

  **涨停/高换手驱动占比**:top-5% **75.0%**   其余 57.4%   (A 组合把这批全剔掉了)
  top-5% 共 80 笔,其中被 A 规则剔除的 **60 笔**

→ right_tail_anatomy.csv / _concentration.csv / _portrait.csv   (227s)
