面板 (3297, 5232)  (52s)

==================================================================================================================
股池 A  RPS 规则阶梯归因
==================================================================================================================
口径                                    每期只数         年化       逐期均值        相对等权
L1 至少一个>90(用户口述的规则)                    904    -24.69%    -0.463%       -6.5pp
L2 至少两个>90                             384    -31.58%    -0.667%      -13.4pp
L3 三个全>90                              143    -43.01%    -1.045%      -24.8pp
L4 三个全>95                               64    -56.50%    -1.590%      -38.3pp
L1 至少一个>90(用户口述的规则)+双增长                416    -16.24%    -0.262%       +1.9pp
L2 至少两个>90+双增长                         186    -17.10%    -0.277%       +1.1pp
L3 三个全>90+双增长                           60    -32.19%    -0.692%      -14.0pp
L4 三个全>95+双增长                           26    -52.48%    -1.406%      -34.3pp
L5 用户实际池子                              218    -18.96%    -0.373%       -0.8pp
L5 用户池·双增长                             139    -10.31%    -0.155%       +7.9pp
全市场等权                                 4882    -18.17%    -0.261%            
  (53s)

==================================================================================================================
股池 B  RPS 规则阶梯归因
==================================================================================================================
口径                                    每期只数         年化       逐期均值        相对等权
L1 至少一个>90(用户口述的规则)                    858    +28.81%    +0.613%      +31.6pp
L2 至少两个>90                             430    +30.90%    +0.661%      +33.6pp
L3 三个全>90                              177    +30.15%    +0.681%      +32.9pp
L4 三个全>95                               80    +40.40%    +0.873%      +43.1pp
L1 至少一个>90(用户口述的规则)+双增长                351    +44.68%    +0.869%      +47.4pp
L2 至少两个>90+双增长                         183    +55.34%    +1.042%      +58.1pp
L3 三个全>90+双增长                           80    +58.33%    +1.126%      +61.1pp
L4 三个全>95+双增长                           36    +66.15%    +1.276%      +68.9pp
L5 用户实际池子                               89    +68.31%    +1.229%      +71.1pp
L5 用户池·双增长                              80    +82.88%    +1.418%      +85.6pp
全市场等权                                 4937     -2.74%    -0.020%            
  (54s)

耗时 54s
