面板 (3297, 5232)  (68s)
积木就绪:强势日占比 13.2%、口袋支点日占比 1.45%  (83s)
基底检测完成  (93s)

锚点:70,318 笔(应 70,310)、净期望 +4.61%(应 +4.61%)、组合 +6.34%(应 +6.34%)
锚点通过

======================================================================================================================
强势 → 调整 → 口袋支点(规则A:-10%止损、无止盈、252日)
======================================================================================================================
配置                                    事件数      胜率       净期望        年化      最大回撤       前段净期望       后段净期望       后段年化
【锚点】60日新高突破                        70,318   18.6%    +4.61%    +6.34%    -62.3%     +27.16%      +1.03%     -1.13%   (138s)
口袋支点(不加RPS)                        64,641   20.4%    +5.12%   +10.01%    -63.3%     +30.98%      +1.16%     +3.44%   (164s)
A 强势 + 口袋支点(不等待)                   12,434   16.5%    +2.12%    +4.26%    -66.1%     +21.20%      +0.49%     -3.26%   (169s)
B 强势 + 回撤≥15% + 口袋支点                2,250    8.5%    -2.60%    -7.13%    -88.9%      +1.56%      -2.76%    -12.31%   (170s)
C 强势 + 回撤≥25% + 口袋支点                  524    7.7%    -4.63%    -3.66%    -62.2%     +14.94%      -4.82%     -5.69%   (170s)
D 强势 + 严格基底 + 口袋支点                  5,445   19.7%    +3.09%    +1.35%    -51.3%     -10.30%      +3.09%     +1.53%   (173s)

======================================================================================================================
随机对照 × 300(从 60日新高事件里抽同样多的笔数)
======================================================================================================================
  Bonferroni:5 个配置 → 需 **p < 0.01000**

  口袋支点(不加RPS)(抽 64,641 笔)
    全期 实际 **+10.01%**  随机中位 +5.91%  [+2.46%, +9.37%]  **p=0.0100**
    后段 实际 **+3.44%**  随机中位 -1.27%  [-5.10%, +1.18%]  **p=0.0000**   (326s)
  A 强势 + 口袋支点(不等待)(抽 12,434 笔)
    全期 实际 **+4.26%**  随机中位 +5.73%  [-0.59%, +14.09%]  **p=0.6433**
    后段 实际 **-3.26%**  随机中位 -0.89%  [-7.07%, +4.88%]  **p=0.7600**   (455s)
  B 强势 + 回撤≥15% + 口袋支点(抽 2,250 笔)
    全期 实际 **-7.13%**  随机中位 +7.43%  [+1.60%, +13.29%]  **p=1.0000**
    后段 实际 **-12.31%**  随机中位 +1.93%  [-4.31%, +8.93%]  **p=1.0000**   (538s)
  C 强势 + 回撤≥25% + 口袋支点(抽 524 笔)
    全期 实际 **-3.66%**  随机中位 +6.08%  [-0.69%, +13.59%]  **p=0.9967**
    后段 实际 **-5.69%**  随机中位 +2.66%  [-3.63%, +9.19%]  **p=0.9967**   (587s)
  D 强势 + 严格基底 + 口袋支点(抽 5,445 笔)
    全期 实际 **+1.35%**  随机中位 +6.81%  [+1.13%, +13.90%]  **p=0.9700**
    后段 实际 **+1.53%**  随机中位 +1.38%  [-4.60%, +8.92%]  **p=0.4767**   (698s)

======================================================================================================================
判定(四条判据,未放宽)
======================================================================================================================
  口袋支点(不加RPS):
    ① 净期望 +5.12% ✗   ② 年化 +10.01% ✓   ③ p_全期 0.0100 ✗   ④ p_后段 0.0000 ✓
    **不算发现**
  A 强势 + 口袋支点(不等待):
    ① 净期望 +2.12% ✗   ② 年化 +4.26% ✗   ③ p_全期 0.6433 ✗   ④ p_后段 0.7600 ✗
    **不算发现**
  B 强势 + 回撤≥15% + 口袋支点:
    ① 净期望 -2.60% ✗   ② 年化 -7.13% ✗   ③ p_全期 1.0000 ✗   ④ p_后段 1.0000 ✗
    **不算发现**
  C 强势 + 回撤≥25% + 口袋支点:
    ① 净期望 -4.63% ✗   ② 年化 -3.66% ✗   ③ p_全期 0.9967 ✗   ④ p_后段 0.9967 ✗
    **不算发现**
  D 强势 + 严格基底 + 口袋支点:
    ① 净期望 +3.09% ✗   ② 年化 +1.35% ✗   ③ p_全期 0.9700 ✗   ④ p_后段 0.4767 ✗
    **不算发现**

耗时 698s   Saved: rps_pivot_sequence.csv
