面板 (3297, 5232)  (110s)
因子就绪  (212s)
窗口 2014-06-30 ~ 2026-08-03  146 个调仓期

锚点:全市场等权·月度【§48口径】 **+12.25%**  (应 +12.25%)
锚点通过

======================================================================================================================
RPS250>90 池内叠加二级因子(月度再平衡,20只)
======================================================================================================================
因子                                      池内命中中位       等额 年化    inv_vol 年化    2015-05前    2015-05后
【池基线】不筛                                    340      +4.77%       +16.70%    +256.24%      -7.87%   (212s)
1 双增长(净利+收入 TTM同比>0)                       184      -7.39%        -7.26%     +83.14%     -14.33%   (213s)
2 盈利加速 且 当季>25%                             87      -4.35%        -4.09%    +254.15%     -14.58%   (213s)
3 高估值 BP最低30%                              231     -10.17%        -5.74%    +142.62%     -19.84%   (213s)
4 破净 BP最高30%                                23     -11.51%        -8.29%    +106.49%     -17.27%   (213s)
5 小市值 最小50%                                 79      +4.92%       +17.09%    +256.24%      -7.73%   (214s)
6 抗跌 rmdd20最浅50%                           171     -11.12%        -1.63%    +116.31%     -19.47%   (214s)
7 换手不冷 分位>30%                              293      +2.44%       +14.04%    +236.30%      -9.31%   (214s)
8 现金流不差 OCF/NI≥0                           208      +4.12%       +12.89%    +207.52%      -7.49%   (215s)

  池基线(不筛):全期 **+4.77%**、后段 **-7.87%**
  全市场等权基准:**+12.25%**

======================================================================================================================
判据③ 池内随机对照 × 300(§56 教训:20 次定不了 p)
======================================================================================================================
  Bonferroni:8 个因子 → 需 **p < 0.00625**

因子                                    实际(全期)       随机中位                   95%区间        p      实际(后段)     p(后段)
1 双增长(净利+收入 TTM同比>0)                  -7.39%     -2.97%   [-9.96%, +3.44%]   0.8700     -14.33%    0.4467   (271s)
2 盈利加速 且 当季>25%                       -4.35%     -7.53%   [-15.54%, +1.98%]   0.2200     -14.58%    0.2900   (326s)
3 高估值 BP最低30%                        -10.17%     +0.46%   [-7.01%, +5.98%]   1.0000     -19.84%    0.9833   (382s)
4 破净 BP最高30%                         -11.51%     -9.70%   [-17.59%, +0.31%]   0.6433     -17.27%    0.5000   (436s)
5 小市值 最小50%                           +4.92%     -8.06%   [-16.28%, +1.99%]   0.0033      -7.73%    0.0200   (489s)
6 抗跌 rmdd20最浅50%                     -11.12%     -4.37%   [-11.54%, +3.39%]   0.9600     -19.47%    0.8467   (543s)
7 换手不冷 分位>30%                         +2.44%     +3.16%   [-3.16%, +6.73%]   0.6367      -9.31%    0.4300   (598s)
8 现金流不差 OCF/NI≥0                      +4.12%     -0.71%   [-7.44%, +5.44%]   0.0600      -7.49%    0.0267   (653s)

======================================================================================================================
判定(三条判据,未放宽)
======================================================================================================================
  1 双增长(净利+收入 TTM同比>0)             ①≥池基线 ✗  ②≥12.25% ✗  ③p<0.00625 ✗   **不算发现**
  2 盈利加速 且 当季>25%                  ①≥池基线 ✗  ②≥12.25% ✗  ③p<0.00625 ✗   **不算发现**
  3 高估值 BP最低30%                    ①≥池基线 ✗  ②≥12.25% ✗  ③p<0.00625 ✗   **不算发现**
  4 破净 BP最高30%                     ①≥池基线 ✗  ②≥12.25% ✗  ③p<0.00625 ✗   **不算发现**
  5 小市值 最小50%                      ①≥池基线 ✓  ②≥12.25% ✗  ③p<0.00625 ✓   **不算发现**
  6 抗跌 rmdd20最浅50%                 ①≥池基线 ✗  ②≥12.25% ✗  ③p<0.00625 ✗   **不算发现**
  7 换手不冷 分位>30%                    ①≥池基线 ✗  ②≥12.25% ✗  ③p<0.00625 ✗   **不算发现**
  8 现金流不差 OCF/NI≥0                 ①≥池基线 ✗  ②≥12.25% ✗  ③p<0.00625 ✗   **不算发现**

耗时 653s   Saved: rps_pool_factors.csv
