读取 5233 个文件…
面板 (3297, 5232)  (46s)
首次新高事件 21,876  ✓ 锚点②(期望 21,876)
  ✓ 锚点③ 四只:6000669/9 3010611/1 3010042/2 3003473/3
  ✓ 锚点④ 无前视:截断到 2020-12-31 重算卖出日一致
预取完成  (82s)
可比事件(t0+500 在面板内)15,413   24 个月内未跌破 10 周线的占比 **1.0%**

================================================================================================
规则对比(入场 = 首次新高日收盘)
================================================================================================
规则                               中位实收       均值实收     实收≥200%      实收>0      中位持有日
A 10周线不破就持有(用户)                 -8.6%       2.0%       0.63%     29.3%         50
B 固定持有 500 日(24月)               -2.7%      14.3%       2.79%     46.6%        500
C 固定持有 120 日(6月)                -5.0%       4.1%       0.55%     41.8%        120

  峰值(未实现)口径:A 中位 +13.0% / ≥200% 3.05%   B 中位 +47.1% / ≥200% 10.87%

================================================================================================
锚点核对(不过则全节作废)
================================================================================================
  ✓ 锚点① 面板 (3297, 5232)
  ✓ 锚点② 事件数
  ✓ 锚点③ 四只案例
  ✓ 锚点④ 无前视

================================================================================================
事前判据 vs 实际(判据跑前写死并单独提交,Bonferroni 0.00625)
================================================================================================
  前置:可比事件 15,413 ≥ 1000
  ✗ ① 实收不亏:A 中位 -8.64% ≥ B 中位 -2.70%
  ✗ ② 不削右尾:A 实收≥200% 0.63% ≥ 90%×B 2.79% = 2.51%
  ✗ ③ 跌破=趋势结束:跌破后 250 日内再创 250 日新高的比例 **51.0%** < 20%   (n=15,260)

  **结论:用户的规则不成立,详见上表。**

================================================================================================
B 部分:按首次新高当日 RPS250 分档(24 个月峰值 ≥200%)
================================================================================================
  RPS250 分布:中位 **72.6**  >90 占比 **12.6%**  (期望 72.6 / 12.6%)
  ✓ 锚点④ RPS250 分布恒等复现

档             事件数    RPS中位    ≥200%      对照A  liftA      pA      对照B  liftB     零校验
<50         2,415     36.4   20.99%   19.14%   1.10  0.0150   20.34%   1.03   0.02%
50–70       4,127     62.2   10.69%    9.73%   1.10  0.0100   10.72%   1.00   0.01%
70–85       4,747     77.7    7.90%    7.65%   1.03  0.2200    8.27%   0.96   0.06%
>85         3,350     91.0    8.84%    8.03%   1.10  0.0400    8.56%   1.03   0.03%

  ✗ B① >85 档 liftA 1.10 ≥1.3 且 p 0.0400 < 0.00625
  ✗ B② 单调性 Spearman -0.80 ≥ +0.8   四档 20.99% 10.69% 7.90% 8.84%
  ✗ B③ 档间 >85 减 <50 = **-12.16%** ≥5pp 且置换 p 0.4955

→ /home/user/open-xquant/examples/ashare-bull-stock-study/results/newhigh_ma100_rps.csv   (134s)
