锚点:全市场等权月度【§48口径】 +12.25%(应 +12.25%)
锚点通过

================================================================================================================
整个子集等权(无仓位截断)—— 与第四十三节同口径
================================================================================================================
因子                                子集只数中位        全期年化    2015-05前    2015-05后     p(全期)     p(后段)
【池基线】不筛                              340      -6.91%    +112.53%     -13.89%       nan       nan   (117s)
1 双增长                                184      +0.15%    +126.11%      -7.11%    0.0000    0.0000   (171s)
2 盈利加速 且 当季>25%                       87      +1.09%    +206.25%      -8.04%    0.0000    0.0000   (223s)
3 高估值 BP最低30%                        231      -6.07%    +131.14%     -14.32%    0.0633    0.7667   (272s)
4 破净 BP最高30%                          23      -7.22%    +105.44%     -12.92%    0.4433    0.2867   (320s)
5 小市值 最小50%                           79      -2.78%    +162.45%     -12.76%    0.0367    0.1967   (368s)
6 抗跌 rmdd20最浅50%                     171      -9.53%     +87.65%     -15.81%    0.9967    0.9800   (417s)
7 换手不冷 分位>30%                        293      -9.96%    +103.07%     -16.47%    1.0000    1.0000   (466s)
8 现金流不差 OCF/NI≥0                     208      +2.39%    +179.05%      -6.82%    0.0000    0.0000   (515s)

  池基线:全期 -6.91%、前段 +112.53%、后段 -13.89%
  全市场等权基准 +12.25%

  ── 相对池基线的增量(全期 / 后段)──
    1 双增长                        +7.06pp     +6.78pp
    2 盈利加速 且 当季>25%              +8.01pp     +5.85pp
    3 高估值 BP最低30%                +0.84pp     -0.42pp
    4 破净 BP最高30%                 -0.30pp     +0.98pp
    5 小市值 最小50%                  +4.13pp     +1.13pp
    6 抗跌 rmdd20最浅50%             -2.62pp     -1.92pp
    7 换手不冷 分位>30%                -3.05pp     -2.57pp
    8 现金流不差 OCF/NI≥0             +9.30pp     +7.08pp

耗时 515s   Saved: rps_pool_subset.csv
