面板 (3297, 5232)   510300 在 MA200 之上的总体比例 54.3%  (55s)

################################################################################################################
验证1:基线须精确复现四十三节 —— 双增长子集 A -10.75% / B +82.24%
  A 池基线 -10.75%   (四十三节记录值 -10.75%)
  B 池基线 +82.24%   (四十三节记录值 +82.24%)
################################################################################################################

================================================================================================================
验证3:各段 510300 在 MA200 之上的期数占比
================================================================================================================
  A 期 2023-10~2024-12     54 期   在MA200之上 ** 38.9%**   
  B·2025 全年               45 期   在MA200之上 **100.0%**   ← 几乎全程在上方,择时本就不起作用
  B·2026 H1               24 期   在MA200之上 **100.0%**   ← 几乎全程在上方,择时本就不起作用
  B 全期                    69 期   在MA200之上 **100.0%**   ← 几乎全程在上方,择时本就不起作用

================================================================================================================
择时效果(双增长子集;等权基准按真实再平衡换手~2%扣成本)
================================================================================================================
期间                             基线        +择时      +半仓择时       等权基准       基线超额       择时后超额
A 期 2023-10~2024-12       -10.75%     -4.00%     -7.21%     +7.48%     -18.2pp      -11.5pp
B·2025 全年                 +31.34%    +31.34%    +31.34%    +49.56%     -18.2pp      -18.2pp
B·2026 H1                +237.12%   +237.12%   +237.12%     -4.15%    +241.3pp     +241.3pp
B 全期                      +82.24%    +82.24%    +82.24%    +28.68%     +53.6pp      +53.6pp

================================================================================================================
回撤对比(逐期净值)
================================================================================================================
  A 期 2023-10~2024-12    基线  -24.61%   择时后  -14.21%   改善  +10.4pp
  B·2025 全年              基线  -22.39%   择时后  -22.39%   改善   +0.0pp
  B·2026 H1              基线   -9.10%   择时后   -9.10%   改善   +0.0pp
  B 全期                   基线  -22.39%   择时后  -22.39%   改善   +0.0pp

================================================================================================================
判据判定(事前写死:A期 与 2025 两段的超额须从 -18.2pp 收敛到 -5pp 以内)
================================================================================================================
  A 期 2023-10~2024-12    基线超额   -18.2pp  →  择时后   -11.5pp   未达标
  B·2025 全年              基线超额   -18.2pp  →  择时后   -18.2pp   未达标
  B·2026 H1(参照)          基线 +237.12%  →  择时后 +237.12%   (未受损)

  **未同时达标 → 择时对这套股池无效或不充分**

耗时 56s   Saved: rps_timing_overlay.csv, rps_timing_periods_A/B.csv
