面板 (3297, 5232)  (69s)
因子就绪  (98s)
事件 13,934(第五十八节 P1)

可用事件 13,402   翻倍率 **5.82%**   交易胜率 **16.54%**   (106s)
  raw252 中位 -3.22%   trade 净期望 +2.38%
  **选择集(<2020-01-01) 4,154 笔**,翻倍率 6.16%
  **验证集(≥2020-01-01) 9,248 笔**,翻倍率 5.67%  ← 选择时完全不看

======================================================================================================================
【选择集 2014-2019】用「翻倍」当标签   基准 6.16%   公平噪音上界 1.41
======================================================================================================================
特征                                命中     P(赢|特征)    lift        p       早       晚    同向     三条全过
③ BP 低50%(偏贵)                  1,989       8.60%    1.40   0.0000    1.24    1.40     ✓        ✗
① 强势期涨停 ≥3次                      898       3.79%    0.61   0.0020    0.80    0.51     ✓        ✗
③ 买点 RPS250 ≥90                1,786       7.61%    1.24   0.0040    1.07    1.37     ✓        ✗
① 市场广度 高50%                    2,108       8.68%    1.41   0.0700    0.84    1.00     ✗        ✗
② 调整时长 长50%                    2,104       5.61%    0.91   0.1480    0.85    0.94     ✓        ✗
② 调整期缩量 <0.8×                    802       7.36%    1.19   0.1960    1.33    1.32     ✓        ✗
② 未破20周线(占比<20%)               2,268       6.61%    1.07   0.3660    1.01    1.14     ✓        ✗
① 强势期放量 >1.5×                  1,001       5.49%    0.89   0.4140    0.94    0.77     ✓        ✗
① 当季同比 >25%                    1,566       6.90%    1.12   0.4320    0.67    1.34     ✗        ✗
① 双增长                          1,681       6.90%    1.12   0.4400    0.46    1.41     ✗        ✗
① 强势期涨幅 高50%                   2,077       6.36%    1.03   0.6460    1.22    1.01     ✓        ✗
② 波动收缩 <0.8×                     775       5.68%    0.92   0.7140    1.08    0.94     ✗        ✗
② 触线到买点 短50%                   2,118       6.28%    1.02   0.8160    0.91    1.11     ✗        ✗
① 换手分位 高50%                    2,055       6.52%    1.06   0.8240    1.21    0.95     ✗        ✗
③ 买点贴近20周线 <10%                3,218       5.87%    0.95   0.8280    0.97    0.99     ✓        ✗
③ 买点日量比 ≥1.5                   1,363       6.02%    0.98   0.8460    1.13    0.87     ✗        ✗
② 调整深度 浅50%                    2,077       5.97%    0.97   0.8500    0.96    1.08     ✗        ✗
① 盈利加速 >0                      1,188       5.98%    0.97   0.9120    0.46    1.18     ✗        ✗
③ 市值 小50%                      1,989       5.88%    0.95   0.9260    1.26    0.73     ✗        ✗
③ 大盘在MA200之上                   2,686       6.55%    1.06   1.0000    0.67    1.00     ✗        ✗

======================================================================================================================
【选择集 2014-2019】用「交易赚钱」当标签   基准 18.08%   公平噪音上界 1.18
======================================================================================================================
特征                                命中     P(赢|特征)    lift        p       早       晚    同向     三条全过
① 强势期涨幅 高50%                   2,077      15.12%    0.84   0.0000    0.85    0.86     ✓        ✗
① 换手分位 高50%                    2,055      15.18%    0.84   0.0000    0.84    0.84     ✓        ✗
② 调整期缩量 <0.8×                    802      24.06%    1.33   0.0000    1.49    1.15     ✓    **✓**
② 调整深度 浅50%                    2,077      21.95%    1.21   0.0000    1.19    1.32     ✓    **✓**
② 波动收缩 <0.8×                     775      24.77%    1.37   0.0000    1.48    1.27     ✓    **✓**
③ 买点贴近20周线 <10%                3,218      19.86%    1.10   0.0000    1.10    1.12     ✓        ✗
③ 市值 小50%                      1,989      15.18%    0.84   0.0000    0.90    0.73     ✓        ✗
③ 买点日量比 ≥1.5                   1,363      15.41%    0.85   0.0020    0.84    0.86     ✓        ✗
① 强势期涨停 ≥3次                      898      13.92%    0.77   0.0020    0.95    0.51     ✓        ✗
① 双增长                          1,681      20.64%    1.14   0.0020    1.01    1.27     ✓        ✗
① 市场广度 高50%                    2,108      19.97%    1.10   0.0060    0.87    1.00     ✗        ✗
① 强势期放量 >1.5×                  1,001      15.28%    0.85   0.0060    0.92    0.71     ✓        ✗
① 盈利加速 >0                      1,188      20.37%    1.13   0.0260    1.11    1.11     ✓        ✗
② 调整时长 长50%                    2,104      17.06%    0.94   0.1060    1.00    0.86     ✓        ✗
③ BP 低50%(偏贵)                  1,989      19.05%    1.05   0.1320    0.93    1.18     ✗        ✗
③ 买点 RPS250 ≥90                1,786      16.91%    0.94   0.1480    0.90    1.00     ✗        ✗
② 触线到买点 短50%                   2,118      18.84%    1.04   0.1860    0.99    1.13     ✗        ✗
① 当季同比 >25%                    1,566      19.41%    1.07   0.1940    0.99    1.18     ✗        ✗
③ 大盘在MA200之上                   2,686      16.60%    0.92   0.2880    0.89    0.85     ✓        ✗
② 未破20周线(占比<20%)               2,268      17.77%    0.98   0.6540    0.96    1.03     ✗        ✗

======================================================================================================================
选择集上三条纪律全过的特征:**3 个** ['② 波动收缩 <0.8×', '② 调整期缩量 <0.8×', '② 调整深度 浅50%']
======================================================================================================================

耗时 107s   Saved: seq_feat_win.csv / seq_feat_trade.csv
Saved: seq_feature_panel.parquet(供 OOS 验证脚本使用)
