选择集定的阈值:调整深度中位 0.352(验证集上不重算)

================================================================================================================
OOS 验证 2020-01 ~ 2026-08(选择时完全没看过)
================================================================================================================
配置                              事件数     选中率      交易胜率       净期望        年化      最大回撤
【基线】全部OOS事件                   9,248  100.0%    15.85%    +1.73%    +0.09%    -63.7%   (58s)
② 波动收缩 <0.8×                  1,058   11.4%    20.23%    +4.05%    -1.94%    -48.8%   (58s)
② 调整期缩量 <0.8×                 1,294   14.0%    19.01%    +2.68%    -2.61%    -52.8%   (58s)
② 调整深度 ≤选择集中位                 3,855   41.7%    18.21%    +0.73%    +7.29%    -49.9%   (59s)
**三条全中**                        389    4.2%    22.88%    +6.68%    +5.08%    -26.1%   (59s)

================================================================================================================
随机对照 × 300(从同期 OOS 事件里随机抽同样多)
================================================================================================================
  Bonferroni:4 个过滤器 → 需 **p < 0.0125**

  ② 波动收缩 <0.8×(抽 1,058 笔)  实际 **-1.94%**  随机中位 +4.79%  [-4.46%, +14.26%]  **p=0.9300**   (86s)
  ② 调整期缩量 <0.8×(抽 1,294 笔)  实际 **-2.61%**  随机中位 +4.21%  [-4.02%, +14.32%]  **p=0.9400**   (116s)
  ② 调整深度 ≤选择集中位(抽 3,855 笔)  实际 **+7.29%**  随机中位 +4.72%  [-2.60%, +13.65%]  **p=0.2367**   (182s)
  **三条全中**(抽 389 笔)  实际 **+5.08%**  随机中位 +2.99%  [-5.98%, +12.97%]  **p=0.3133**   (197s)

================================================================================================================
判定(事前判据,验证集上未调任何参数)
================================================================================================================
  ② 波动收缩 <0.8×: ① 年化 -1.94% ✗   ② p=0.9300 ✗   **不算发现**
  ② 调整期缩量 <0.8×: ① 年化 -2.61% ✗   ② p=0.9400 ✗   **不算发现**
  ② 调整深度 ≤选择集中位: ① 年化 +7.29% ✓   ② p=0.2367 ✗   **不算发现**
  **三条全中**: ① 年化 +5.08% ✗   ② p=0.3133 ✗   **不算发现**

  对照:OOS 基线(不筛)胜率 15.85%、净期望 +1.73%、年化 +0.09%

  ── 胜率有没有被提上去(选择集 vs 验证集)──
    【基线】全部OOS事件                选择集 18.08%  →  验证集 15.85%
    ② 波动收缩 <0.8×               选择集 24.77%  →  验证集 20.23%
    ② 调整期缩量 <0.8×              选择集 24.06%  →  验证集 19.01%
    ② 调整深度 ≤选择集中位              选择集 21.95%  →  验证集 18.21%
    **三条全中**                   选择集 33.20%  →  验证集 22.88%

耗时 197s   Saved: seq_feature_oos.csv
