面板 (3297, 5232)  (50s)
因子就绪  (62s)
  P1 重新站上MA50: 13,934 笔  (146s)
  P2 站上MA50+量能确认: 19,015 笔  (146s)
  P3 突破整理期高点: 14,735 笔  (146s)

======================================================================================================================
验收测试:检测器必须在用户点名的三只股票上触发(不过就不看回测数字)
======================================================================================================================

  【300750 宁德时代】用户指出的窗口 2019-06 ~ 2021-01
    P1 重新站上MA50            强势 2019-11-26 → 触20周线 2020-03-17 → **买点 2020-04-17**   之后252日 +183.8%
    P1 重新站上MA50            强势 2020-06-12 → 触20周线 2020-09-09 → **买点 2020-09-22**   之后252日 +160.6%
    P2 站上MA50+量能确认         强势 2019-11-26 → 触20周线 2020-03-17 → **买点 2020-04-17**   之后252日 +183.8%
    P2 站上MA50+量能确认         强势 2020-06-12 → 触20周线 2020-09-09 → **买点 2020-09-29**   之后252日 +187.7%
    P3 突破整理期高点             强势 2019-11-26 → 触20周线 2020-03-17 → **买点 2020-06-24**   之后252日 +226.2%
    P3 突破整理期高点             强势 2020-06-29 → 触20周线 2020-09-09 → **买点 2020-10-09**   之后252日 +167.6%

  【300476 胜宏科技】用户指出的窗口 2025-01 ~ 2026-07
    P1 重新站上MA50            **未触发**
    P2 站上MA50+量能确认         **未触发**
    P3 突破整理期高点             **未触发**

  【688183 生益电子】用户指出的窗口 2024-06 ~ 2026-07
    P1 重新站上MA50            强势 2024-05-09 → 触20周线 2024-09-02 → **买点 2024-09-27**   之后252日 +223.7%
    P1 重新站上MA50            强势 2024-11-05 → 触20周线 2025-02-05 → **买点 2025-02-10**   之后252日 +126.5%
    P2 站上MA50+量能确认         强势 2024-05-09 → 触20周线 2024-09-02 → **买点 2024-09-30**   之后252日 +194.9%
    P2 站上MA50+量能确认         强势 2024-11-05 → 触20周线 2025-02-05 → **买点 2025-02-21**   之后252日 +100.5%
    P3 突破整理期高点             强势 2024-05-09 → 触20周线 2024-09-02 → **买点 2024-10-08**   之后252日 +161.8%
    P3 突破整理期高点             强势 2024-11-05 → 触20周线 2025-02-05 → **买点 2025-06-18**   之后252日 +132.5%

  验收 **未全部通过 —— 下面的回测数字仅供参考**

锚点:70,318 笔(应 70,310)、净期望 +4.61%(应 +4.61%)、组合 +6.34%(应 +6.34%)
锚点通过

======================================================================================================================
强势 → 深调20周线 → RPS250≥80 → 买点
======================================================================================================================
配置                              事件数      胜率       净期望        年化      最大回撤       后段净期望       后段年化
P1 重新站上MA50                  13,934   17.0%    +3.42%    +3.27%    -71.2%      +1.91%     -1.91%   (171s)
P2 站上MA50+量能确认               19,015   15.6%    +2.52%    +1.77%    -73.2%      +0.65%     -4.89%   (178s)
P3 突破整理期高点                   14,735   10.6%    -1.61%    -3.07%    -83.1%      -2.98%     -8.46%   (182s)
【对照】60日新高                    70,318   18.6%    +4.61%    +6.34%    -62.3%      +1.03%     -1.13%   (205s)

======================================================================================================================
随机对照 × 300
======================================================================================================================
  Bonferroni:3 个变体 → 需 **p < 0.01667**

  P1 重新站上MA50(抽 13,934 笔)
    全期 实际 **+3.27%**  随机中位 +5.32%  [-1.28%, +11.96%]  **p=0.7267**
    后段 实际 **-1.91%**  随机中位 -1.00%  [-7.32%, +4.88%]  **p=0.5933**   (336s)
  P2 站上MA50+量能确认(抽 19,015 笔)
    全期 实际 **+1.77%**  随机中位 +4.27%  [-1.22%, +10.12%]  **p=0.7700**
    后段 实际 **-4.89%**  随机中位 -1.91%  [-7.01%, +4.84%]  **p=0.8433**   (470s)
  P3 突破整理期高点(抽 14,735 笔)
    全期 实际 **-3.07%**  随机中位 +5.23%  [-0.43%, +11.85%]  **p=1.0000**
    后段 实际 **-8.46%**  随机中位 -1.18%  [-7.12%, +6.07%]  **p=0.9933**   (600s)

======================================================================================================================
判定(四条判据,未放宽)
======================================================================================================================
  P1 重新站上MA50: ① +3.42% ✗  ② +3.27% ✗  ③ p=0.7267 ✗  ④ p后=0.5933 ✗   **不算发现**
  P2 站上MA50+量能确认: ① +2.52% ✗  ② +1.77% ✗  ③ p=0.7700 ✗  ④ p后=0.8433 ✗   **不算发现**
  P3 突破整理期高点: ① -1.61% ✗  ② -3.07% ✗  ③ p=1.0000 ✗  ④ p后=0.9933 ✗   **不算发现**

耗时 600s   Saved: strong_pullback_sequence.csv
