面板 (3297, 5232)  2013-01-04 ~ 2026-08-03  (37s)
可用入场日 867 个:2013-01-04 ~ 2016-07-28
持有 2430 个交易日 ≈ 10.0 年
  全市场池摊平完成  (39s)
  小市值池摊平完成  (40s)

========================================================================================================
随机重仓持有 10 年 · 每格 100,000 次
========================================================================================================
池子                   仓位      中位倍数      均值倍数     ≥2倍     ≥5倍    ≥10倍    ≥100倍      亏损    ≤0.1倍
全市场                   1      1.08      1.60   21.5%    3.8%   0.94%  0.0030%   45.9%    4.35%
全市场                   2      1.21      1.64   22.0%    2.8%   0.45%  0.0050%   38.0%    0.30%
全市场                   3      1.29      1.63   22.2%    2.1%   0.32%  0.0060%   33.0%    0.03%
小市值bottom30%          1      1.21      1.80   24.1%    4.5%   1.12%  0.0040%   39.2%    0.00%
小市值bottom30%          2      1.33      1.79   25.7%    3.5%   0.74%  0.0000%   31.1%    0.00%
小市值bottom30%          3      1.40      1.79   26.8%    2.8%   0.63%  0.0000%   26.7%    0.00%

========================================================================================================
按入场年份拆开(仓位=3,全市场池) —— 陷阱③:结果对入场窗口有多敏感
========================================================================================================
入场年            可用日      中位倍数     ≥10倍     ≥100倍      亏损
2013           238      1.77    0.70%   0.0260%    9.6%
2014           245      1.28    0.19%   0.0000%   31.0%
2015           244      0.94    0.11%   0.0000%   54.3%
2016           140      1.15    0.41%   0.0000%   39.7%

→ /home/user/oxq-panel/survivorship_100x.csv   (40s)
