面板 (3297, 5232)  2013-01-04 ~ 2026-08-03  (30s)
建仓年份 2015 ~ 2026  共 12 次换股
  2015  池  290  池等权  +29.0%  池随机10中位  +25.5%  全市场等权  +56.6%  (31s)
  2016  池  314  池等权  -13.5%  池随机10中位  -13.4%  全市场等权   -1.4%  (31s)
  2017  池  365  池等权   -8.1%  池随机10中位   -9.4%  全市场等权  -12.8%  (31s)
  2018  池  376  池等权  -34.5%  池随机10中位  -35.1%  全市场等权  -31.9%  (31s)
  2019  池  521  池等权  +34.0%  池随机10中位  +31.5%  全市场等权  +29.1%  (31s)
  2020  池  496  池等权  +29.4%  池随机10中位  +27.1%  全市场等权  +18.2%  (31s)
  2021  池  504  池等权  +17.8%  池随机10中位  +14.0%  全市场等权  +22.7%  (31s)
  2022  池  603  池等权  -17.9%  池随机10中位  -18.4%  全市场等权  -12.8%  (31s)
  2023  池  664  池等权   -8.9%  池随机10中位   -9.7%  全市场等权   +4.2%  (31s)
  2024  池  755  池等权   -0.1%  池随机10中位   -0.5%  全市场等权   -2.8%  (31s)
  2025  池  747  池等权  +36.7%  池随机10中位  +34.5%  全市场等权  +43.2%  (31s)
  2026  池  650  池等权   -9.0%  池随机10中位   -9.6%  全市场等权  -10.0%  (31s)

========================================================================================================
逐年对照
========================================================================================================
年         池大小       池等权       池随机10中位         全市场随机10中位       全市场等权       池胜全市场
2015      290    +29.0%        +25.5%            +56.3%      +56.6%           ✗
2016      314    -13.5%        -13.4%             -3.5%       -1.4%           ✗
2017      365     -8.1%         -9.4%            -13.6%      -12.8%           ✓
2018      376    -34.5%        -35.1%            -32.1%      -31.9%           ✗
2019      521    +34.0%        +31.5%            +25.3%      +29.1%           ✓
2020      496    +29.4%        +27.1%            +14.4%      +18.2%           ✓
2021      504    +17.8%        +14.0%            +22.3%      +22.7%           ✗
2022      603    -17.9%        -18.4%            -15.2%      -12.8%           ✗
2023      664     -8.9%         -9.7%             +2.7%       +4.2%           ✗
2024      755     -0.1%         -0.5%             -4.8%       -2.8%           ✓
2025      747    +36.7%        +34.5%            +40.2%      +43.2%           ✗
2026      650     -9.0%         -9.6%            -10.6%      -10.0%           ✓

========================================================================================================
全区间复利(11.6 年)
========================================================================================================
  RPS>90 池 等权全持     年化  +2.14%   累计   1.28 倍
  RPS>90 池 随机10只     年化中位  +0.69%   区间 [-11.19%, +12.38%]
  全市场   随机10只     年化中位  +4.90%   区间 [-2.65%, +15.36%]
  全市场   等权全持     年化  +5.96%   累计   1.95 倍

  RPS>90池随机10 vs 全市场随机10:**p = 0.8800**

========================================================================================================
事前判据 vs 实际(判据跑前写死,未放宽)
========================================================================================================
  ① 年化 ≥ 25.16%(他公开声明)   +0.69%   ✗
  ② 逐年胜全市场等权 ≥ 2/3        5/12   ✗
  ③ 优于全市场随机10只 p<0.05     p=0.8800   ✗

  **结论:不算发现**

  ④ 复现性核对(他说 2016、2017『严重拖了后腿』):
     2016  池随机10中位 -13.4%   全市场等权 -1.4%   落后
     2017  池随机10中位 -9.4%   全市场等权 -12.8%   领先

→ /home/user/oxq-panel/tao_golden10.csv   (31s)
