读取 5233 个文件…
面板 (3297, 5232)  (48s)
全市场任一日处于多头排列的比例 **33.6%**
预取完成  (67s)

================================================================================================
A 必要性:N 倍涨升段(500 日内峰值 ≥200%)内的多头排列天数占比
================================================================================================
  段数 **7,856**   中位长度 473 交易日
  多头排列天数占比:中位 **40.9%**  均值 39.0%  25分位 24.8%  75分位 53.7%
  占比 ≥80% 的段 **4.3%**   ≥50% 的段 32.0%   =0% 的段 **11.7%**

  ✓ 锚点② 宁德:首次形成含 2020-02-24 ['2019-06-20', '2020-02-24', '2024-10-11']; 2020-04-14 多头=True 24月峰值 +446.4%

================================================================================================
B 充分性:多头排列首次形成日入场,24 个月峰值 ≥200%
================================================================================================
  事件 **18,134**   命中 **13.36%**
  对照A 同市值随机          12.73%   lift **1.05**   p 0.0100   零校验 0.01%
  对照B 同市值+当日也多头排列 12.63%   lift **1.06**   p 0.0000   零校验 0.00%

================================================================================================
锚点核对
================================================================================================
  ✓ 锚点① 面板 (3297, 5232)
  ✓ 锚点② 宁德时代恒等复现
  ✓ 锚点③ 恒等零校验

================================================================================================
事前判据 vs 实际(判据跑前写死并单独提交,Bonferroni 0.00833)
================================================================================================
  ✗ A① 必要性:N 倍段内多头占比中位 **40.9%** ≥ 80%
  ✗ B① 充分性 对照A lift 1.05 ≥1.3 且 p 0.0100
  ✗ B② 充分性 对照B lift 1.06 ≥1.3 且 p 0.0000

  **结论:连必要条件都不成立。**

→ /home/user/open-xquant/examples/ashare-bull-stock-study/results/tao_bull_alignment.csv   (113s)
