读取 5233 个文件…
面板 (3297, 5232)  (29s)
预取完成  (61s)

====================================================================================================
θ 稳健性:同一套三段模板与组合规则,只改 ZigZag 阈值
====================================================================================================
θ            事件数      组合年化      对照中位       超额       p       回撤      对照回撤      平均持仓
8%        11,390    17.19%    12.60%   +4.59%  0.0000    58.8%     59.0%      1431
10%       10,236    16.49%    12.64%   +3.84%  0.0000    57.9%     59.1%      1280
12%        8,675    16.52%    12.09%   +4.44%  0.0000    59.0%     59.0%      1078
15%        6,264    20.27%    12.40%   +7.88%  0.0000    58.7%     58.9%       772

====================================================================================================
锚点核对(不过则全节作废)
====================================================================================================
  ✓ 锚点① 面板 (3297, 5232)
  ✓ 锚点② 确定部分:θ=10% 事件 10,236(期望 10,236)、组合年化 +16.49%(期望 +16.49%)
  ✓ 锚点②b 随机部分:θ=10% 对照中位 12.64% ∈ [12.0%, 13.2%]  (§110 得 12.53%、§111 得 12.64%)
  ✓ 锚点③ 对照零校验:平均持仓 1431/1431 1280/1280 1078/1078 772/772

====================================================================================================
事前判据 vs 实际(判据跑前写死并单独提交,Bonferroni 0.0125)
====================================================================================================
  前置:事件数 ≥1000 的 4/4 个 θ
  ✓ ① 稳健性:满足「超额≥+3pp 且 p<0.0125」的 θ 有 **4** 个,需 ≥3   (8%, 10%, 12%, 15%)
  ✓ ② 不依赖单点:排除 θ=10% 后其余超额中位 **+4.59%** ≥ +3pp   (各值 +4.59%, +4.44%, +7.88%)

  **结论:超额不是选参数选出来的,§110 站得住。事前预测被证伪 —— 我错了。**

→ /home/user/open-xquant/examples/ashare-bull-stock-study/results/theta_robustness.csv   (392s)
