读取 5233 个文件…
  已剔除 510300(ETF),与全项目 universe 对齐
面板 (3297, 5232)  2013-01-04 ~ 2026-08-03  (40s)
强势日:A 1,207,675  B(且创250日新高) 165,199  (62s)
市值载入完成  (90s)

扫描第一段 A …
  [A] 2016-04  (97s)
  [A] 2019-08  (111s)
  [A] 2022-12  (131s)
  [A] 2026-04  (159s)
  A 完成:legacy|nobrk 21,865  legacy|brk 177  adaptive|nobrk 10,861  adaptive|brk 88

扫描第一段 B …
  [B] 2016-04  (169s)
  [B] 2019-08  (177s)
  [B] 2022-12  (195s)
  [B] 2026-04  (218s)
  B 完成:legacy|nobrk 4,852  legacy|brk 16  adaptive|nobrk 5,086  adaptive|brk 15

================================================================================================================
2×2×2 结果(6 个月峰值 ≥100%;对照 A = 同日同市值五分位随机)
================================================================================================================
格                                事件数    ≥100%      对照A   lift        p       对照B(仅突破格)
A|legacy|nobrk                21,147    5.40%    5.17%   1.04   0.0500           7.07%
A|legacy|brk                     166    9.04%    7.23%   1.25   0.1750           7.83%
A|adaptive|nobrk              10,309    5.62%    5.87%   0.96   0.8650           7.15%
A|adaptive|brk                    83    4.82%    7.23%   0.67   0.8900           8.43%
B|legacy|nobrk                 4,668    5.78%    5.61%   1.03   0.2750           8.65%
B|legacy|brk                      15   13.33%    6.67%   2.00   0.3950          13.33%
B|adaptive|nobrk               4,626    6.66%    6.20%   1.07   0.0700           8.38%
B|adaptive|brk                    14    7.14%    7.14%   1.00   0.7150          14.29%

================================================================================================================
锚点核对(不过则全节作废)
================================================================================================================
  ✓ 锚点① 面板 (3297, 5232)
  ✗ 锚点② 宇通在 legacy|A|nobrk 的 2023-10~12 新事件里
  ✓ 锚点③ 对照零校验:对照A 5.87% vs 全市场基础概率 6.19%(容差 3pp)

================================================================================================================
事前判据 vs 实际(判据跑前写死并单独提交,未放宽)
================================================================================================================
  前置条件:事件数 ≥300 的格 4/8(以下不足 300 的格不参与判据:A|legacy|brk, A|adaptive|brk, B|legacy|brk, B|adaptive|brk)
  ✗ 判据① 至少一格 lift≥1.3 且 p<0.00625(Bonferroni 0.05/8)   0 格
  诊断:要求突破四格均值 7.22% vs 不要求突破四格均值 5.86%(事前预测:突破组至少高 3pp → 未中)

  **['锚点②'] 不过:本节结论作废。**

→ /home/user/oxq-panel/three_stage_2x2x2.csv   (1332s)
