================================================================================================
锚点① 合成数据:GPD 估计器能否还原已知参数(不过则不许跑真数据)
================================================================================================
  ✓ 真 ξ=0.10 → 估 0.1065  |Δξ|=0.0065
  ✓ 真 ξ=0.30 → 估 0.3291  |Δξ|=0.0291
  ✓ 真 ξ=0.50 → 估 0.4955  |Δξ|=0.0045
  → 最大误差 0.0291 < 0.05,**通过**

面板 (3297, 5232)  2013-01-04 ~ 2026-08-03  (42s)
换手/前瞻完成  (49s)
逐月分档完成 135 月  (50s)

================================================================================================
点估计:换手档(市值五分位内部分档,u=+50%)
================================================================================================
换手档              n      超阈率      n超阈      ξ 形状      σ 尺度  EVT P(≥500%)       直接数      相对误差
Q1          83,153   33.01%   27,446    0.2970    0.4723        0.359%    0.308%     16.6%
Q2          82,786   34.73%   28,750    0.2362    0.5130        0.300%    0.246%     21.7%
Q3          82,741   36.28%   30,021    0.2240    0.5273        0.307%    0.318%      3.3%
Q4          82,786   36.99%   30,619    0.2152    0.5442        0.320%    0.319%      0.3%
Q5          83,021   35.79%   29,711    0.2249    0.5502        0.346%    0.341%      1.4%

================================================================================================
判据① 按月分块 bootstrap(200 次):Q5 − Q1
================================================================================================
  Δξ    中位 -0.0704   95% CI [-0.0933, -0.0460]
  Δσ    中位 +0.0775   95% CI [+0.0518, +0.0989]
  Δ超阈率 中位 +0.0272   95% CI [+0.0111, +0.0440]

================================================================================================
事前判据 vs 实际(判据跑前写死并单独提交,未放宽)
================================================================================================
  ✓ 锚点① 合成数据还原 ξ,误差 0.0291 < 0.05
  ✓ 锚点② 面板 (3297, 5232)
  ✓ 锚点③ 各档 P(≥500%) 外推相对误差 <25%   最大 21.7%
  ✓ 样本量 Q1/Q5 的 n超阈 ≥500   27,446 / 29,711
  ✗ 判据① Δξ(Q5−Q1)95% CI 不含 0 且中位为正   [-0.0933, -0.0460]

  **结论:ξ 无显著差异 —— 换手率不是靠加厚尾起作用的。**
  **我第一次高调预测「通过」,被证伪。**

→ /home/user/oxq-panel/turnover_tail_evt.csv   (50s)
