面板 (3297, 5232)  2013-01-04 ~ 2026-08-03  (45s)
股本跳变 ≥10%:16,919 个  (53s)
送转除权日 12,151 个 → 扣除后解禁事件 **11,051** 个  (54s)
POST_UNLOCK(0,120] 覆盖 7.29% 的(股票,日)  (55s)
逐月完成 150 月  (75s)

========================================================================================================
A 部分:全市场(同月同市值五分位随机对照)
========================================================================================================
信号                              月数    ≥100%信号       随机   lift       p    ≥200%信号       随机   lift       p    ≥500%信号       随机   lift       p
POST_UNLOCK 解禁后120日            135     16.50%   16.20%   1.02  0.0150      4.68%    4.59%   1.02  0.1650      0.28%    0.33%   0.86  0.9550
AGE_YOUNG 上市[1,3)年             135     17.51%   16.26%   1.08  0.0000      5.26%    4.59%   1.15  0.0000      0.53%    0.33%   1.60  0.0000
SMALL_MV 市值最小档(零锚点)            135     21.19%   20.20%   1.05  0.0000      6.50%    6.33%   1.03  0.0000      0.57%    0.62%   0.91  1.0000

========================================================================================================
B 部分:增量检验(AGE_YOUNG 上市[1,3)年 基线内部)
========================================================================================================
信号                              月数    ≥100%信号       随机   lift       p    ≥200%信号       随机   lift       p    ≥500%信号       随机   lift       p
POST_UNLOCK 解禁后120日            123     13.91%   14.08%   0.99  0.6300      4.03%    4.11%   0.98  0.5950      0.29%    0.41%   0.72  0.8150
AGE_YOUNG 上市[1,3)年               0          —        —      —       —          —        —      —       —          —        —      —       —
SMALL_MV 市值最小档(零锚点)              0          —        —      —       —          —        —      —       —          —        —      —       —

========================================================================================================
事前判据 vs 实际(判据跑前写死并单独提交,未放宽)
========================================================================================================
  ✓ 零锚点 SMALL_MV lift@≥100%  1.05   (§77/§79 = 1.05)
  ✓ 零锚点 SMALL_MV lift@≥200%  1.03   (§77/§79 = 1.03)
  ✓ 零锚点 SMALL_MV lift@≥500%  0.91   (§77/§79 = 0.91)
  ✓ ① 锚点(面板 + 零锚点逐位复现 §77/§79)
  ✗ ② A 部分 lift@500% ≥1.3 且 p<0.05      0.86  p=0.9550
  ✗ ③ B 部分 lift@500% ≥1.2 且 p<0.05      0.72  p=0.8150

  **结论:机制假说在右尾口径下不成立(②就没过)。**

→ /home/user/oxq-panel/unlock_supply.csv   (75s)
