读取 5233 个文件…
面板 (3297, 5232)  2013-01-04 ~ 2026-08-03  (48s)
预取完成  (97s)
  分段 1,500/5,232  事件 3,725  (99s)
  分段 3,000/5,232  事件 6,263  (101s)
  分段 4,500/5,232  事件 9,493  (102s)

三段突破事件 **10,236** 个  (103s)
  ✓ 锚点② 宇通 5 个突破日,含 2014-12-04 与 2024-01-10   实测 ['2014-12-04', '2017-07-21', '2020-08-06', '2024-01-10', '2025-09-01']

========================================================================================================
6个月峰值 ≥100%  【判据口径】
========================================================================================================
  事件数 9,598   新分段 ≥100% = 10.23%
  对照A 同市值随机             8.18%   lift 1.25   p 0.0000   零校验 0.01%
  对照B 同市值+当日也创新高     10.17%   lift 1.01   p 0.3800   零校验 0.01%

========================================================================================================
12个月峰值 ≥100%  (仅描述)
========================================================================================================
  事件数 8,472   新分段 ≥100% = 23.78%
  对照A 同市值随机             21.03%   lift 1.13   p 0.0000   零校验 0.11%
  对照B 同市值+当日也创新高     22.19%   lift 1.07   p 0.0000   零校验 0.03%

========================================================================================================
逐年稳定性(对照A,6 个月口径)
========================================================================================================
  2013  n=  144  ≥100%  4.17%  对照A  2.29%  lift  1.82  ✓
  2014  n=  897  ≥100% 12.82%  对照A 10.74%  lift  1.19  ✓
  2015  n=  689  ≥100% 43.98%  对照A 42.01%  lift  1.05  ✓
  2016  n=  304  ≥100%  1.97%  对照A  1.05%  lift  1.88  ✓
  2017  n=  397  ≥100%  2.02%  对照A  0.79%  lift  2.56  ✓
  2018  n=  186  ≥100%  1.61%  对照A  0.57%  lift  2.84  ✓
  2019  n=  452  ≥100%  6.64%  对照A  3.62%  lift  1.83  ✓
  2020  n=  916  ≥100%  8.08%  对照A  5.80%  lift  1.39  ✓
  2021  n=  844  ≥100%  8.77%  对照A  5.82%  lift  1.51  ✓
  2022  n=  562  ≥100%  5.16%  对照A  2.60%  lift  1.98  ✓
  2023  n=  831  ≥100%  3.49%  对照A  1.70%  lift  2.05  ✓
  2024  n=1,167  ≥100%  6.77%  对照A  5.89%  lift  1.15  ✓
  2025  n=1,904  ≥100% 10.40%  对照A  8.20%  lift  1.27  ✓
  2026  n=  305  ≥100%  9.18%  对照A  8.52%  lift  1.08  ✓

========================================================================================================
锚点核对(不过则全节作废)
========================================================================================================
  ✓ 锚点① 面板 (3297, 5232)
  ✓ 锚点② 宇通恒等复现单只跑
  ✓ 锚点③ 恒等零校验 最大差 0.11% ≤ 3pp

========================================================================================================
事前判据 vs 实际(判据跑前写死并单独提交,未放宽)
========================================================================================================
  前置条件:事件数 9,598 ≥ 300;逐年合格 14 年
  ✗ 判据① 对照A  lift 1.25 ≥ 1.3 且 p 0.0000 < 0.0125
  ✗ 判据② 对照B  lift 1.01 ≥ 1.3 且 p 0.3800 < 0.0125
  ✓ 判据③ 逐年 lift>1.0 占比 100.0% ≥ 80%

  头对头(描述,两套事件集不同,不构成同口径比较):
    §89 旧筛选器 legacy|突破  11,645 事件  ≥100% 7.39%  liftA 1.32  liftB 0.97
    §94 新分段 ZigZag 三段    9,598 事件  ≥100% 10.23%  liftA 1.25  liftB 1.01

  **结论:新分段在右尾口径下不优于同市值随机。**

  **口径污点必须随结论一起读:θ=10% 是我在宇通身上挑的**(只按「两处结构能否被认出」挑,没有用结果调过)。

→ /home/user/open-xquant/examples/ashare-bull-stock-study/results/zigzag_three_stage.csv + _yearly.csv + _events.csv   (105s)
